2026-06-17 06:41:27.819: [INFO] VisibilityChanged: 0
2026-06-17 06:41:27.840: [INFO] RecordSyncInitDuration has_sync_been_enabled: 0 state: 0
2026-06-17 06:41:27.842: [INFO] RecordSyncInitDuration has_sync_been_enabled: 0 state: 0
2026-06-17 06:41:27.844: [INFO] RecordSyncInitDuration has_sync_been_enabled: 0 state: 0
2026-06-17 06:41:27.846: [INFO] RecordSyncInitDuration has_sync_been_enabled: 0 state: 0
2026-06-17 06:41:27.848: [INFO] RecordSyncInitDuration has_sync_been_enabled: 0 state: 0
2026-06-17 06:41:27.849: [INFO] RecordSyncInitDuration has_sync_been_enabled: 0 state: 0
2026-06-17 06:41:27.851: [INFO] RecordSyncInitDuration has_sync_been_enabled: 0 state: 0
2026-06-17 06:41:27.853: [INFO] RecordSyncInitDuration has_sync_been_enabled: 0 state: 0
2026-06-17 06:41:27.855: [INFO] RecordSyncInitDuration has_sync_been_enabled: 0 state: 0
2026-06-17 06:41:27.857: [INFO] RecordSyncInitDuration has_sync_been_enabled: 0 state: 0
2026-06-17 06:41:27.859: [INFO] RecordSyncInitDuration has_sync_been_enabled: 0 state: 0
2026-06-17 06:41:27.874: [INFO] BookmarkModelLoaded, ids_reassigned: 0
2026-06-17 06:41:27.874: [INFO] OnDoneLoading sync enabled: 0
2026-06-17 06:41:27.883: [INFO] RecordSyncInitDuration has_sync_been_enabled: 0 state: 0
2026-06-17 06:41:28.931: [INFO] RecordSyncInitDuration has_sync_been_enabled: 0 state: 0
2026-06-17 06:41:28.933: [INFO] RecordSyncInitDuration has_sync_been_enabled: 0 state: 3
2026-06-17 06:41:28.935: [INFO] Primary account changed.
2026-06-17 06:41:28.935: [INFO] OnPrimaryAccountChanged PrimaryAccountChangeEvent::Type::kSet
2026-06-17 06:41:28.941: [INFO] RecordSyncInitDuration has_sync_been_enabled: 0 state: 3
2026-06-17 06:41:28.953: [INFO] RecordSyncInitDuration has_sync_been_enabled: 0 state: 3
2026-06-17 06:41:30.676: [INFO] BookmarkNodeAdded, ABU: 0
2026-06-17 06:41:30.677: [INFO] BookmarkNodeAdded, ABU: 0
2026-06-17 06:41:30.678: [INFO] BookmarkNodeAdded, ABU: 0
2026-06-17 06:41:30.679: [INFO] BookmarkNodeAdded, ABU: 0
2026-06-17 06:41:30.679: [INFO] BookmarkNodeAdded, ABU: 0
2026-06-17 06:41:30.680: [INFO] BookmarkNodeAdded, ABU: 0
2026-06-17 06:41:30.681: [INFO] BookmarkNodeAdded, ABU: 0
2026-06-17 06:41:30.682: [INFO] BookmarkNodeAdded, ABU: 0
2026-06-17 06:41:30.682: [INFO] BookmarkNodeAdded, ABU: 0
2026-06-17 06:41:30.683: [INFO] BookmarkNodeAdded, ABU: 0
2026-06-17 06:41:32.595: [INFO] Sync initialization duration: 3471ms
