{"logTime": "0617/035919", "correlationVector":"PN5LtJgqyqseFl+MeXq74T.1","action":"SyncServerConnectionManagerRequest", "result":"SYNC_SERVER_OK", "context":{"environment":"Prod_japanwest_prod-s01-066-apac-japanwest", "migrationStage":"NotStarted", "server":"akswtt11400002a"}}
{"logTime": "0617/035919", "correlationVector":"PN5LtJgqyqseFl+MeXq74T.2","action":"ProcessGetUpdates", "result":"Done", "context":{"dataType":"Encryption Keys", "deleted":"0", "process_failed_to_decrypt":"0", "process_pending_decryption":"0", "process_success":"1", "total":"1"}}
{"logTime": "0617/035920", "correlationVector":"zOL8RWGKj60qoBn/90GXG/","action":"SyncServerConnectionManagerRequest", "result":"SYNC_SERVER_OK", "context":{"environment":"", "migrationStage":"", "server":""}}
{"logTime": "0617/035920", "correlationVector":"zOL8RWGKj60qoBn/90GXG/.0","action":"EncryptionKeysFetcher.DownloadKeys:", "result":"Success", "context":Key count: 3, Last key timestamp: 2026-04-27T01:33:12Z}
{"logTime": "0617/035920", "correlationVector":"zOL8RWGKj60qoBn/90GXG/.1","action":"EncryptionKeysManager::SetEncryptionKeys:", "result":"Success", "context":Key names[3]:[XdeRUxKHJs1GziK3Hfwhsynma2cUZ7TL9H4pK1DjsiqXbsfE4qxKHC/YZAG5unPWashRkzKrvNQ8Bg9IXwPmYg==][qYr83TD83AFJqG/WXdjfNCK+ihqpUMbeDHt8gsCblupOrdpzc9dVRBIFJVaoJg0/pkzYSRFzVqiKowLDuvOjZg==][mQhywhAh8Wq3um1JfpWrjAwOUO5PDeUDGzpPG9hi/MJ9NLRvxe/HEK7nOlcb1bNjP1WhVU5BnAcK8pvNJebATA==]}
{"logTime": "0617/035920", "correlationVector":"zOL8RWGKj60qoBn/90GXG/.2","action":"EncryptionKeysManager::SetEncryptionKeysWithTimestamps:", "result":"Success", "context":Key timestamps[3]:[2025-08-20T08:54:58Z][2025-10-17T05:22:42Z][2026-04-27T01:33:12Z]}
{"logTime": "0617/035920", "correlationVector":"PN5LtJgqyqseFl+MeXq74T","action":"Initial GetUpdates", "result":"", "context":Reason: NEW_CLIENT. cV=PN5LtJgqyqseFl+MeXq74T}
{"logTime": "0617/035920", "correlationVector":"PN5LtJgqyqseFl+MeXq74T.3","action":"GetUpdates Response", "result":"Success", "context":Received 1 update(s). cV=PN5LtJgqyqseFl+MeXq74T.0;server=akswtt11400002a;cloudType=Consumer;environment=Prod_japanwest_prod-s01-066-apac-japanwest;migrationStage=NotStarted}
{"logTime": "0617/035920", "correlationVector":"e3dLFn1hchDpAfcG6XAJ9k","action":"Initial GetUpdates", "result":"", "context":Reason: NEWLY_SUPPORTED_DATATYPE. cV=e3dLFn1hchDpAfcG6XAJ9k}
{"logTime": "0617/035920", "correlationVector":"e3dLFn1hchDpAfcG6XAJ9k.1","action":"SyncServerConnectionManagerRequest", "result":"SYNC_SERVER_OK", "context":{"environment":"Prod_japanwest_prod-s01-066-apac-japanwest", "migrationStage":"NotStarted", "server":"akswtt11400001r"}}
{"logTime": "0617/035920", "correlationVector":"e3dLFn1hchDpAfcG6XAJ9k.2","action":"ProcessGetUpdates", "result":"Done", "context":{"dataType":"Preferences", "deleted":"1", "process_failed_to_decrypt":"0", "process_pending_decryption":"0", "process_success":"68", "total":"68"}}
{"logTime": "0617/035920", "correlationVector":"e3dLFn1hchDpAfcG6XAJ9k.3","action":"ProcessGetUpdates", "result":"Done", "context":{"dataType":"Passwords", "deleted":"0", "process_failed_to_decrypt":"0", "process_pending_decryption":"0", "process_success":"6", "total":"6"}}
{"logTime": "0617/035920", "correlationVector":"e3dLFn1hchDpAfcG6XAJ9k.4","action":"ProcessGetUpdates", "result":"Done", "context":{"dataType":"Device Info", "deleted":"0", "process_failed_to_decrypt":"0", "process_pending_decryption":"0", "process_success":"12", "total":"12"}}
{"logTime": "0617/035920", "correlationVector":"e3dLFn1hchDpAfcG6XAJ9k.5","action":"GetUpdates Response", "result":"Success", "context":Received 86 update(s). cV=e3dLFn1hchDpAfcG6XAJ9k.0;server=akswtt11400001r;cloudType=Consumer;environment=Prod_japanwest_prod-s01-066-apac-japanwest;migrationStage=NotStarted}
{"logTime": "0617/035920", "correlationVector":"XJm4Dso2oITD/77RvHzmO5","action":"Initial GetUpdates", "result":"", "context":Reason: NEWLY_SUPPORTED_DATATYPE. cV=XJm4Dso2oITD/77RvHzmO5}
{"logTime": "0617/035920", "correlationVector":"XJm4Dso2oITD/77RvHzmO5.1","action":"SyncServerConnectionManagerRequest", "result":"SYNC_SERVER_OK", "context":{"environment":"Prod_japanwest_prod-s01-066-apac-japanwest", "migrationStage":"NotStarted", "server":"akswtt11400001u"}}
{"logTime": "0617/035920", "correlationVector":"XJm4Dso2oITD/77RvHzmO5.2","action":"ProcessGetUpdates", "result":"Done", "context":{"dataType":"Bookmarks", "deleted":"2", "process_failed_to_decrypt":"0", "process_pending_decryption":"0", "process_success":"18", "total":"18"}}
{"logTime": "0617/035920", "correlationVector":"XJm4Dso2oITD/77RvHzmO5.3","action":"GetUpdates Response", "result":"Success", "context":Received 18 update(s). cV=XJm4Dso2oITD/77RvHzmO5.0;server=akswtt11400001u;cloudType=Consumer;environment=Prod_japanwest_prod-s01-066-apac-japanwest;migrationStage=NotStarted}
{"logTime": "0617/035920", "correlationVector":"bWC3jCTDZ19ncsqCxjqVp0","action":"Initial GetUpdates", "result":"", "context":Reason: NEWLY_SUPPORTED_DATATYPE. cV=bWC3jCTDZ19ncsqCxjqVp0}
{"logTime": "0617/035921", "correlationVector":"bWC3jCTDZ19ncsqCxjqVp0.1","action":"SyncServerConnectionManagerRequest", "result":"SYNC_SERVER_OK", "context":{"environment":"Prod_japanwest_prod-s01-066-apac-japanwest", "migrationStage":"NotStarted", "server":"akswtt11400001z"}}
{"logTime": "0617/035921", "correlationVector":"bWC3jCTDZ19ncsqCxjqVp0.2","action":"ProcessGetUpdates", "result":"Done", "context":{"dataType":"Autofill Profiles", "deleted":"0", "process_failed_to_decrypt":"0", "process_pending_decryption":"0", "process_success":"4", "total":"4"}}
{"logTime": "0617/035921", "correlationVector":"bWC3jCTDZ19ncsqCxjqVp0.3","action":"ProcessGetUpdates", "result":"Done", "context":{"dataType":"Autofill", "deleted":"0", "process_failed_to_decrypt":"0", "process_pending_decryption":"0", "process_success":"235", "total":"235"}}
{"logTime": "0617/035921", "correlationVector":"bWC3jCTDZ19ncsqCxjqVp0.4","action":"ProcessGetUpdates", "result":"Done", "context":{"dataType":"Sessions", "deleted":"11", "process_failed_to_decrypt":"0", "process_pending_decryption":"0", "process_success":"11", "total":"11"}}
{"logTime": "0617/035921", "correlationVector":"bWC3jCTDZ19ncsqCxjqVp0.5","action":"GetUpdates Response", "result":"Success", "context":Received 250 update(s). cV=bWC3jCTDZ19ncsqCxjqVp0.0;server=akswtt11400001z;cloudType=Consumer;environment=Prod_japanwest_prod-s01-066-apac-japanwest;migrationStage=NotStarted Some updates remain.}
{"logTime": "0617/035921", "correlationVector":"DuzvKaEirZt1BsYzfZAraD","action":"Initial GetUpdates", "result":"", "context":Reason: NEWLY_SUPPORTED_DATATYPE. cV=DuzvKaEirZt1BsYzfZAraD}
{"logTime": "0617/035921", "correlationVector":"DuzvKaEirZt1BsYzfZAraD.1","action":"SyncServerConnectionManagerRequest", "result":"SYNC_SERVER_OK", "context":{"environment":"Prod_japanwest_prod-s01-066-apac-japanwest", "migrationStage":"NotStarted", "server":"akswtt114000020"}}
{"logTime": "0617/035921", "correlationVector":"DuzvKaEirZt1BsYzfZAraD.2","action":"ProcessGetUpdates", "result":"Done", "context":{"dataType":"Autofill", "deleted":"0", "process_failed_to_decrypt":"0", "process_pending_decryption":"0", "process_success":"194", "total":"194"}}
{"logTime": "0617/035921", "correlationVector":"DuzvKaEirZt1BsYzfZAraD.3","action":"ProcessGetUpdates", "result":"Done", "context":{"dataType":"Sessions", "deleted":"50", "process_failed_to_decrypt":"0", "process_pending_decryption":"0", "process_success":"50", "total":"50"}}
{"logTime": "0617/035921", "correlationVector":"DuzvKaEirZt1BsYzfZAraD.4","action":"ProcessGetUpdates", "result":"Done", "context":{"dataType":"Web Apps", "deleted":"0", "process_failed_to_decrypt":"0", "process_pending_decryption":"0", "process_success":"3", "total":"3"}}
{"logTime": "0617/035921", "correlationVector":"DuzvKaEirZt1BsYzfZAraD.5","action":"ProcessGetUpdates", "result":"Done", "context":{"dataType":"Edge Hub App Usage", "deleted":"0", "process_failed_to_decrypt":"0", "process_pending_decryption":"0", "process_success":"3", "total":"3"}}
{"logTime": "0617/035921", "correlationVector":"DuzvKaEirZt1BsYzfZAraD.6","action":"GetUpdates Response", "result":"Success", "context":Received 250 update(s). cV=DuzvKaEirZt1BsYzfZAraD.0;server=akswtt114000020;cloudType=Consumer;environment=Prod_japanwest_prod-s01-066-apac-japanwest;migrationStage=NotStarted Some updates remain.}
{"logTime": "0617/035921", "correlationVector":"uyXQIbn5D+ku/4Zn39N1rc","action":"Initial GetUpdates", "result":"", "context":Reason: NEWLY_SUPPORTED_DATATYPE. cV=uyXQIbn5D+ku/4Zn39N1rc}
{"logTime": "0617/035922", "correlationVector":"uyXQIbn5D+ku/4Zn39N1rc.1","action":"SyncServerConnectionManagerRequest", "result":"SYNC_SERVER_OK", "context":{"environment":"Prod_japanwest_prod-s01-066-apac-japanwest", "migrationStage":"NotStarted", "server":"akswtt11400001r"}}
{"logTime": "0617/035922", "correlationVector":"uyXQIbn5D+ku/4Zn39N1rc.2","action":"ProcessGetUpdates", "result":"Done", "context":{"dataType":"Autofill", "deleted":"0", "process_failed_to_decrypt":"0", "process_pending_decryption":"0", "process_success":"18", "total":"18"}}
{"logTime": "0617/035922", "correlationVector":"uyXQIbn5D+ku/4Zn39N1rc.3","action":"ProcessGetUpdates", "result":"Done", "context":{"dataType":"Sessions", "deleted":"231", "process_failed_to_decrypt":"0", "process_pending_decryption":"0", "process_success":"231", "total":"231"}}
{"logTime": "0617/035922", "correlationVector":"uyXQIbn5D+ku/4Zn39N1rc.4","action":"ProcessGetUpdates", "result":"Done", "context":{"dataType":"Edge Hub App Usage", "deleted":"0", "process_failed_to_decrypt":"0", "process_pending_decryption":"0", "process_success":"1", "total":"1"}}
{"logTime": "0617/035922", "correlationVector":"uyXQIbn5D+ku/4Zn39N1rc.5","action":"GetUpdates Response", "result":"Success", "context":Received 250 update(s). cV=uyXQIbn5D+ku/4Zn39N1rc.0;server=akswtt11400001r;cloudType=Consumer;environment=Prod_japanwest_prod-s01-066-apac-japanwest;migrationStage=NotStarted Some updates remain.}
{"logTime": "0617/035922", "correlationVector":"dq8DDsB7yj1mx0Bcmd3lzk","action":"Initial GetUpdates", "result":"", "context":Reason: NEWLY_SUPPORTED_DATATYPE. cV=dq8DDsB7yj1mx0Bcmd3lzk}
{"logTime": "0617/035922", "correlationVector":"dq8DDsB7yj1mx0Bcmd3lzk.1","action":"SyncServerConnectionManagerRequest", "result":"SYNC_SERVER_OK", "context":{"environment":"Prod_japanwest_prod-s01-066-apac-japanwest", "migrationStage":"NotStarted", "server":"akswtt114000020"}}
{"logTime": "0617/035922", "correlationVector":"dq8DDsB7yj1mx0Bcmd3lzk.2","action":"ProcessGetUpdates", "result":"Done", "context":{"dataType":"Autofill Profiles", "deleted":"1", "process_failed_to_decrypt":"0", "process_pending_decryption":"0", "process_success":"1", "total":"1"}}
{"logTime": "0617/035922", "correlationVector":"dq8DDsB7yj1mx0Bcmd3lzk.3","action":"ProcessGetUpdates", "result":"Done", "context":{"dataType":"Autofill", "deleted":"0", "process_failed_to_decrypt":"0", "process_pending_decryption":"0", "process_success":"23", "total":"23"}}
{"logTime": "0617/035922", "correlationVector":"dq8DDsB7yj1mx0Bcmd3lzk.4","action":"ProcessGetUpdates", "result":"Done", "context":{"dataType":"Sessions", "deleted":"226", "process_failed_to_decrypt":"0", "process_pending_decryption":"0", "process_success":"226", "total":"226"}}
{"logTime": "0617/035922", "correlationVector":"dq8DDsB7yj1mx0Bcmd3lzk.5","action":"GetUpdates Response", "result":"Success", "context":Received 250 update(s). cV=dq8DDsB7yj1mx0Bcmd3lzk.0;server=akswtt114000020;cloudType=Consumer;environment=Prod_japanwest_prod-s01-066-apac-japanwest;migrationStage=NotStarted Some updates remain.}
{"logTime": "0617/035922", "correlationVector":"HqjdvAODobc1sgtu7oeWOv","action":"Initial GetUpdates", "result":"", "context":Reason: NEWLY_SUPPORTED_DATATYPE. cV=HqjdvAODobc1sgtu7oeWOv}
{"logTime": "0617/035922", "correlationVector":"HqjdvAODobc1sgtu7oeWOv.1","action":"SyncServerConnectionManagerRequest", "result":"SYNC_SERVER_OK", "context":{"environment":"Prod_japanwest_prod-s01-066-apac-japanwest", "migrationStage":"NotStarted", "server":"akswtt114000008"}}
{"logTime": "0617/035922", "correlationVector":"HqjdvAODobc1sgtu7oeWOv.2","action":"ProcessGetUpdates", "result":"Done", "context":{"dataType":"Autofill Profiles", "deleted":"1", "process_failed_to_decrypt":"0", "process_pending_decryption":"0", "process_success":"2", "total":"2"}}
{"logTime": "0617/035922", "correlationVector":"HqjdvAODobc1sgtu7oeWOv.3","action":"ProcessGetUpdates", "result":"Done", "context":{"dataType":"Autofill", "deleted":"0", "process_failed_to_decrypt":"0", "process_pending_decryption":"0", "process_success":"27", "total":"27"}}
{"logTime": "0617/035922", "correlationVector":"HqjdvAODobc1sgtu7oeWOv.4","action":"ProcessGetUpdates", "result":"Done", "context":{"dataType":"Sessions", "deleted":"58", "process_failed_to_decrypt":"0", "process_pending_decryption":"0", "process_success":"77", "total":"77"}}
{"logTime": "0617/035922", "correlationVector":"HqjdvAODobc1sgtu7oeWOv.5","action":"ProcessGetUpdates", "result":"Done", "context":{"dataType":"History Delete Directives", "deleted":"0", "process_failed_to_decrypt":"0", "process_pending_decryption":"0", "process_success":"87", "total":"87"}}
{"logTime": "0617/035922", "correlationVector":"HqjdvAODobc1sgtu7oeWOv.6","action":"ProcessGetUpdates", "result":"Done", "context":{"dataType":"Edge Hub App Usage", "deleted":"0", "process_failed_to_decrypt":"0", "process_pending_decryption":"0", "process_success":"3", "total":"3"}}
{"logTime": "0617/035922", "correlationVector":"HqjdvAODobc1sgtu7oeWOv.7","action":"GetUpdates Response", "result":"Success", "context":Received 196 update(s). cV=HqjdvAODobc1sgtu7oeWOv.0;server=akswtt114000008;cloudType=Consumer;environment=Prod_japanwest_prod-s01-066-apac-japanwest;migrationStage=NotStarted}
{"logTime": "0617/035922", "correlationVector":"act+GBLGbLQ99Q0OYTrAD+","action":"Initial GetUpdates", "result":"", "context":Reason: NEWLY_SUPPORTED_DATATYPE. cV=act+GBLGbLQ99Q0OYTrAD+}
{"logTime": "0617/035922", "correlationVector":"act+GBLGbLQ99Q0OYTrAD+.1","action":"SyncServerConnectionManagerRequest", "result":"SYNC_SERVER_OK", "context":{"environment":"Prod_japanwest_prod-s01-066-apac-japanwest", "migrationStage":"NotStarted", "server":"akswtt11400001z"}}
{"logTime": "0617/035922", "correlationVector":"act+GBLGbLQ99Q0OYTrAD+.2","action":"ProcessGetUpdates", "result":"Done", "context":{"dataType":"History", "deleted":"0", "process_failed_to_decrypt":"0", "process_pending_decryption":"0", "process_success":"250", "total":"250"}}
{"logTime": "0617/035922", "correlationVector":"act+GBLGbLQ99Q0OYTrAD+.3","action":"GetUpdates Response", "result":"Success", "context":Received 250 update(s). cV=act+GBLGbLQ99Q0OYTrAD+.0;server=akswtt11400001z;cloudType=Consumer;environment=Prod_japanwest_prod-s01-066-apac-japanwest;migrationStage=NotStarted Some updates remain.}
{"logTime": "0617/035922", "correlationVector":"uM1heTQdWABDfX+cPrJmp/","action":"Initial GetUpdates", "result":"", "context":Reason: NEWLY_SUPPORTED_DATATYPE. cV=uM1heTQdWABDfX+cPrJmp/}
{"logTime": "0617/035923", "correlationVector":"uM1heTQdWABDfX+cPrJmp/.1","action":"SyncServerConnectionManagerRequest", "result":"SYNC_SERVER_OK", "context":{"environment":"Prod_japanwest_prod-s01-066-apac-japanwest", "migrationStage":"NotStarted", "server":"akswtt114000029"}}
{"logTime": "0617/035923", "correlationVector":"uM1heTQdWABDfX+cPrJmp/.2","action":"ProcessGetUpdates", "result":"Done", "context":{"dataType":"History", "deleted":"0", "process_failed_to_decrypt":"0", "process_pending_decryption":"0", "process_success":"250", "total":"250"}}
{"logTime": "0617/035923", "correlationVector":"uM1heTQdWABDfX+cPrJmp/.3","action":"GetUpdates Response", "result":"Success", "context":Received 250 update(s). cV=uM1heTQdWABDfX+cPrJmp/.0;server=akswtt114000029;cloudType=Consumer;environment=Prod_japanwest_prod-s01-066-apac-japanwest;migrationStage=NotStarted Some updates remain.}
{"logTime": "0617/035923", "correlationVector":"3VFW9vrkHJSaSPGNEx20VY","action":"Initial GetUpdates", "result":"", "context":Reason: NEWLY_SUPPORTED_DATATYPE. cV=3VFW9vrkHJSaSPGNEx20VY}
{"logTime": "0617/035923", "correlationVector":"3VFW9vrkHJSaSPGNEx20VY.1","action":"SyncServerConnectionManagerRequest", "result":"SYNC_SERVER_OK", "context":{"environment":"Prod_japanwest_prod-s01-066-apac-japanwest", "migrationStage":"NotStarted", "server":"akswtt11400001p"}}
{"logTime": "0617/035923", "correlationVector":"3VFW9vrkHJSaSPGNEx20VY.2","action":"ProcessGetUpdates", "result":"Done", "context":{"dataType":"History", "deleted":"0", "process_failed_to_decrypt":"0", "process_pending_decryption":"0", "process_success":"250", "total":"250"}}
{"logTime": "0617/035923", "correlationVector":"3VFW9vrkHJSaSPGNEx20VY.3","action":"GetUpdates Response", "result":"Success", "context":Received 250 update(s). cV=3VFW9vrkHJSaSPGNEx20VY.0;server=akswtt11400001p;cloudType=Consumer;environment=Prod_japanwest_prod-s01-066-apac-japanwest;migrationStage=NotStarted Some updates remain.}
{"logTime": "0617/035923", "correlationVector":"cHy5xLLXHJwK60aiNDg1GR","action":"Initial GetUpdates", "result":"", "context":Reason: NEWLY_SUPPORTED_DATATYPE. cV=cHy5xLLXHJwK60aiNDg1GR}
{"logTime": "0617/035923", "correlationVector":"cHy5xLLXHJwK60aiNDg1GR.1","action":"SyncServerConnectionManagerRequest", "result":"SYNC_SERVER_OK", "context":{"environment":"Prod_japanwest_prod-s01-066-apac-japanwest", "migrationStage":"NotStarted", "server":"akswtt114000029"}}
{"logTime": "0617/035923", "correlationVector":"cHy5xLLXHJwK60aiNDg1GR.2","action":"ProcessGetUpdates", "result":"Done", "context":{"dataType":"History", "deleted":"0", "process_failed_to_decrypt":"0", "process_pending_decryption":"0", "process_success":"250", "total":"250"}}
{"logTime": "0617/035923", "correlationVector":"cHy5xLLXHJwK60aiNDg1GR.3","action":"GetUpdates Response", "result":"Success", "context":Received 250 update(s). cV=cHy5xLLXHJwK60aiNDg1GR.0;server=akswtt114000029;cloudType=Consumer;environment=Prod_japanwest_prod-s01-066-apac-japanwest;migrationStage=NotStarted Some updates remain.}
{"logTime": "0617/035923", "correlationVector":"Eu7brdls/CxD099M90g2ZG","action":"Initial GetUpdates", "result":"", "context":Reason: NEWLY_SUPPORTED_DATATYPE. cV=Eu7brdls/CxD099M90g2ZG}
{"logTime": "0617/035924", "correlationVector":"Eu7brdls/CxD099M90g2ZG.1","action":"SyncServerConnectionManagerRequest", "result":"SYNC_SERVER_OK", "context":{"environment":"Prod_japanwest_prod-s01-066-apac-japanwest", "migrationStage":"NotStarted", "server":"akswtt11400002a"}}
{"logTime": "0617/035924", "correlationVector":"Eu7brdls/CxD099M90g2ZG.2","action":"ProcessGetUpdates", "result":"Done", "context":{"dataType":"History", "deleted":"0", "process_failed_to_decrypt":"0", "process_pending_decryption":"0", "process_success":"250", "total":"250"}}
{"logTime": "0617/035924", "correlationVector":"Eu7brdls/CxD099M90g2ZG.3","action":"GetUpdates Response", "result":"Success", "context":Received 250 update(s). cV=Eu7brdls/CxD099M90g2ZG.0;server=akswtt11400002a;cloudType=Consumer;environment=Prod_japanwest_prod-s01-066-apac-japanwest;migrationStage=NotStarted Some updates remain.}
{"logTime": "0617/035924", "correlationVector":"eQCO57pkjhSYPCWoJRu2tH","action":"Initial GetUpdates", "result":"", "context":Reason: NEWLY_SUPPORTED_DATATYPE. cV=eQCO57pkjhSYPCWoJRu2tH}
{"logTime": "0617/035924", "correlationVector":"eQCO57pkjhSYPCWoJRu2tH.1","action":"SyncServerConnectionManagerRequest", "result":"SYNC_SERVER_OK", "context":{"environment":"Prod_japanwest_prod-s01-066-apac-japanwest", "migrationStage":"NotStarted", "server":"akswtt114000020"}}
{"logTime": "0617/035924", "correlationVector":"eQCO57pkjhSYPCWoJRu2tH.2","action":"ProcessGetUpdates", "result":"Done", "context":{"dataType":"History", "deleted":"0", "process_failed_to_decrypt":"0", "process_pending_decryption":"0", "process_success":"250", "total":"250"}}
{"logTime": "0617/035924", "correlationVector":"eQCO57pkjhSYPCWoJRu2tH.3","action":"GetUpdates Response", "result":"Success", "context":Received 250 update(s). cV=eQCO57pkjhSYPCWoJRu2tH.0;server=akswtt114000020;cloudType=Consumer;environment=Prod_japanwest_prod-s01-066-apac-japanwest;migrationStage=NotStarted Some updates remain.}
{"logTime": "0617/035924", "correlationVector":"hrE7eMI8iD/hebNV3X3vq/","action":"Initial GetUpdates", "result":"", "context":Reason: NEWLY_SUPPORTED_DATATYPE. cV=hrE7eMI8iD/hebNV3X3vq/}
{"logTime": "0617/035924", "correlationVector":"hrE7eMI8iD/hebNV3X3vq/.1","action":"SyncServerConnectionManagerRequest", "result":"SYNC_SERVER_OK", "context":{"environment":"Prod_japanwest_prod-s01-066-apac-japanwest", "migrationStage":"NotStarted", "server":"akswtt11400000e"}}
{"logTime": "0617/035924", "correlationVector":"hrE7eMI8iD/hebNV3X3vq/.2","action":"ProcessGetUpdates", "result":"Done", "context":{"dataType":"History", "deleted":"0", "process_failed_to_decrypt":"0", "process_pending_decryption":"0", "process_success":"250", "total":"250"}}
{"logTime": "0617/035924", "correlationVector":"hrE7eMI8iD/hebNV3X3vq/.3","action":"GetUpdates Response", "result":"Success", "context":Received 250 update(s). cV=hrE7eMI8iD/hebNV3X3vq/.0;server=akswtt11400000e;cloudType=Consumer;environment=Prod_japanwest_prod-s01-066-apac-japanwest;migrationStage=NotStarted Some updates remain.}
{"logTime": "0617/035924", "correlationVector":"GhsdLUX72FIwtLQLXUkzLr","action":"Initial GetUpdates", "result":"", "context":Reason: NEWLY_SUPPORTED_DATATYPE. cV=GhsdLUX72FIwtLQLXUkzLr}
{"logTime": "0617/035925", "correlationVector":"GhsdLUX72FIwtLQLXUkzLr.1","action":"SyncServerConnectionManagerRequest", "result":"SYNC_SERVER_OK", "context":{"environment":"Prod_japanwest_prod-s01-066-apac-japanwest", "migrationStage":"NotStarted", "server":"akswtt11400001v"}}
{"logTime": "0617/035925", "correlationVector":"GhsdLUX72FIwtLQLXUkzLr.2","action":"ProcessGetUpdates", "result":"Done", "context":{"dataType":"History", "deleted":"82", "process_failed_to_decrypt":"0", "process_pending_decryption":"0", "process_success":"250", "total":"250"}}
{"logTime": "0617/035925", "correlationVector":"GhsdLUX72FIwtLQLXUkzLr.3","action":"GetUpdates Response", "result":"Success", "context":Received 250 update(s). cV=GhsdLUX72FIwtLQLXUkzLr.0;server=akswtt11400001v;cloudType=Consumer;environment=Prod_japanwest_prod-s01-066-apac-japanwest;migrationStage=NotStarted Some updates remain.}
{"logTime": "0617/035925", "correlationVector":"TZlIXKbNLtzdRjGaACDpqD","action":"Initial GetUpdates", "result":"", "context":Reason: NEWLY_SUPPORTED_DATATYPE. cV=TZlIXKbNLtzdRjGaACDpqD}
{"logTime": "0617/035925", "correlationVector":"TZlIXKbNLtzdRjGaACDpqD.1","action":"SyncServerConnectionManagerRequest", "result":"SYNC_SERVER_OK", "context":{"environment":"Prod_japanwest_prod-s01-066-apac-japanwest", "migrationStage":"NotStarted", "server":"akswtt11400000e"}}
{"logTime": "0617/035925", "correlationVector":"TZlIXKbNLtzdRjGaACDpqD.2","action":"ProcessGetUpdates", "result":"Done", "context":{"dataType":"History", "deleted":"0", "process_failed_to_decrypt":"0", "process_pending_decryption":"0", "process_success":"250", "total":"250"}}
{"logTime": "0617/035925", "correlationVector":"TZlIXKbNLtzdRjGaACDpqD.3","action":"GetUpdates Response", "result":"Success", "context":Received 250 update(s). cV=TZlIXKbNLtzdRjGaACDpqD.0;server=akswtt11400000e;cloudType=Consumer;environment=Prod_japanwest_prod-s01-066-apac-japanwest;migrationStage=NotStarted Some updates remain.}
{"logTime": "0617/035925", "correlationVector":"N/auxo5dLflqC8FJCxMDiT","action":"Initial GetUpdates", "result":"", "context":Reason: NEWLY_SUPPORTED_DATATYPE. cV=N/auxo5dLflqC8FJCxMDiT}
{"logTime": "0617/035925", "correlationVector":"N/auxo5dLflqC8FJCxMDiT.1","action":"SyncServerConnectionManagerRequest", "result":"SYNC_SERVER_OK", "context":{"environment":"Prod_japanwest_prod-s01-066-apac-japanwest", "migrationStage":"NotStarted", "server":"akswtt114000008"}}
{"logTime": "0617/035925", "correlationVector":"N/auxo5dLflqC8FJCxMDiT.2","action":"ProcessGetUpdates", "result":"Done", "context":{"dataType":"History", "deleted":"0", "process_failed_to_decrypt":"0", "process_pending_decryption":"0", "process_success":"250", "total":"250"}}
{"logTime": "0617/035925", "correlationVector":"N/auxo5dLflqC8FJCxMDiT.3","action":"GetUpdates Response", "result":"Success", "context":Received 250 update(s). cV=N/auxo5dLflqC8FJCxMDiT.0;server=akswtt114000008;cloudType=Consumer;environment=Prod_japanwest_prod-s01-066-apac-japanwest;migrationStage=NotStarted Some updates remain.}
{"logTime": "0617/035925", "correlationVector":"ZBfGQYuyP+4UNgugs+d6+n","action":"Initial GetUpdates", "result":"", "context":Reason: NEWLY_SUPPORTED_DATATYPE. cV=ZBfGQYuyP+4UNgugs+d6+n}
{"logTime": "0617/035926", "correlationVector":"ZBfGQYuyP+4UNgugs+d6+n.1","action":"SyncServerConnectionManagerRequest", "result":"SYNC_SERVER_OK", "context":{"environment":"Prod_japanwest_prod-s01-066-apac-japanwest", "migrationStage":"NotStarted", "server":"akswtt11400001e"}}
{"logTime": "0617/035926", "correlationVector":"ZBfGQYuyP+4UNgugs+d6+n.2","action":"ProcessGetUpdates", "result":"Done", "context":{"dataType":"History", "deleted":"0", "process_failed_to_decrypt":"0", "process_pending_decryption":"0", "process_success":"151", "total":"151"}}
{"logTime": "0617/035926", "correlationVector":"ZBfGQYuyP+4UNgugs+d6+n.3","action":"GetUpdates Response", "result":"Success", "context":Received 151 update(s). cV=ZBfGQYuyP+4UNgugs+d6+n.0;server=akswtt11400001e;cloudType=Consumer;environment=Prod_japanwest_prod-s01-066-apac-japanwest;migrationStage=NotStarted}
{"logTime": "0617/035926", "correlationVector":"NcVNUUJiPsqEWzLqRskI8n","action":"Normal GetUpdate request", "result":"", "context":cV=NcVNUUJiPsqEWzLqRskI8n
Nudged types: Preferences, Sessions, Device Info, User Consents
Refresh requested types: Bookmarks, Preferences, Passwords, Autofill Profiles, Autofill, Extensions, Sessions, Extension settings, History Delete Directives, Device Info, User Consents, Send Tab To Self, Web Apps, History, Saved Tab Group, WebAuthn Credentials, Edge E Drop, Edge Hub App Usage, Edge Wallet, Edge Workspace, Encryption Keys}
{"logTime": "0617/035926", "correlationVector":"NcVNUUJiPsqEWzLqRskI8n.1","action":"SyncServerConnectionManagerRequest", "result":"SYNC_SERVER_OK", "context":{"environment":"Prod_japanwest_prod-s01-066-apac-japanwest", "migrationStage":"NotStarted", "server":"akswtt114000020"}}
{"logTime": "0617/035926", "correlationVector":"NcVNUUJiPsqEWzLqRskI8n.2","action":"GetUpdates Response", "result":"Success", "context":Received 0 update(s). cV=NcVNUUJiPsqEWzLqRskI8n.0;server=akswtt114000020;cloudType=Consumer;environment=Prod_japanwest_prod-s01-066-apac-japanwest;migrationStage=NotStarted}
{"logTime": "0617/035926", "correlationVector":"2JVxeUrghaaQOw9S4A9afF","action":"Commit Request", "result":"", "context":Item count: 5
Contributing types: Preferences, Sessions, Device Info, User Consents}
{"logTime": "0617/035926", "correlationVector":"2JVxeUrghaaQOw9S4A9afF.1","action":"SyncServerConnectionManagerRequest", "result":"SYNC_SERVER_OK", "context":{"environment":"Prod_japanwest_prod-s01-066-apac-japanwest", "migrationStage":"NotStarted", "server":"akswtt114000018"}}
{"logTime": "0617/035926", "correlationVector":"2JVxeUrghaaQOw9S4A9afF.2","action":"Commit Response", "result":"Success", "context":Result: Success. cV=2JVxeUrghaaQOw9S4A9afF.0;server=akswtt114000018;cloudType=Consumer;environment=Prod_japanwest_prod-s01-066-apac-japanwest;migrationStage=NotStarted}
{"logTime": "0617/040100", "correlationVector":"4vhJwWMIC+bYEjCCMlu0Jx","action":"Commit Request", "result":"", "context":Item count: 7
Contributing types: Sessions, History}
{"logTime": "0617/040101", "correlationVector":"4vhJwWMIC+bYEjCCMlu0Jx.1","action":"SyncServerConnectionManagerRequest", "result":"SYNC_SERVER_OK", "context":{"environment":"Prod_japanwest_prod-s01-066-apac-japanwest", "migrationStage":"NotStarted", "server":"akswtt11400001v"}}
{"logTime": "0617/040101", "correlationVector":"4vhJwWMIC+bYEjCCMlu0Jx.2","action":"Commit Response", "result":"Success", "context":Result: Success. cV=4vhJwWMIC+bYEjCCMlu0Jx.0;server=akswtt11400001v;cloudType=Consumer;environment=Prod_japanwest_prod-s01-066-apac-japanwest;migrationStage=NotStarted}
{"logTime": "0617/040208", "correlationVector":"ZSeQiCPb6XDwbnmkC5Vam4","action":"Commit Request", "result":"", "context":Item count: 7
Contributing types: Sessions, History}
{"logTime": "0617/040208", "correlationVector":"ZSeQiCPb6XDwbnmkC5Vam4.1","action":"SyncServerConnectionManagerRequest", "result":"SYNC_SERVER_OK", "context":{"environment":"Prod_japanwest_prod-s01-066-apac-japanwest", "migrationStage":"NotStarted", "server":"akswtt11400001l"}}
{"logTime": "0617/040208", "correlationVector":"ZSeQiCPb6XDwbnmkC5Vam4.2","action":"Commit Response", "result":"Success", "context":Result: Success. cV=ZSeQiCPb6XDwbnmkC5Vam4.0;server=akswtt11400001l;cloudType=Consumer;environment=Prod_japanwest_prod-s01-066-apac-japanwest;migrationStage=NotStarted}
{"logTime": "0617/040314", "correlationVector":"p22opGF/GkJkdW4fqBUseQ","action":"Commit Request", "result":"", "context":Item count: 4
Contributing types: Sessions, History}
{"logTime": "0617/040314", "correlationVector":"p22opGF/GkJkdW4fqBUseQ.1","action":"SyncServerConnectionManagerRequest", "result":"SYNC_SERVER_OK", "context":{"environment":"Prod_japanwest_prod-s01-066-apac-japanwest", "migrationStage":"NotStarted", "server":"akswtt11400001w"}}
{"logTime": "0617/040314", "correlationVector":"p22opGF/GkJkdW4fqBUseQ.2","action":"Commit Response", "result":"Success", "context":Result: Success. cV=p22opGF/GkJkdW4fqBUseQ.0;server=akswtt11400001w;cloudType=Consumer;environment=Prod_japanwest_prod-s01-066-apac-japanwest;migrationStage=NotStarted}
