{"logTime": "0617/064129", "correlationVector":"xl5Wc5eo/yrLuAI3yhIo4s.1","action":"SyncServerConnectionManagerRequest", "result":"SYNC_SERVER_OK", "context":{"environment":"Prod_japanwest_prod-s01-066-apac-japanwest", "migrationStage":"NotStarted", "server":"akswtt11400001z"}}
{"logTime": "0617/064129", "correlationVector":"xl5Wc5eo/yrLuAI3yhIo4s.2","action":"ProcessGetUpdates", "result":"Done", "context":{"dataType":"Encryption Keys", "deleted":"0", "process_failed_to_decrypt":"0", "process_pending_decryption":"0", "process_success":"1", "total":"1"}}
{"logTime": "0617/064130", "correlationVector":"aRx3WyQ8El9HI5Bx7RJCTB","action":"SyncServerConnectionManagerRequest", "result":"SYNC_SERVER_OK", "context":{"environment":"", "migrationStage":"", "server":""}}
{"logTime": "0617/064130", "correlationVector":"aRx3WyQ8El9HI5Bx7RJCTB.0","action":"EncryptionKeysFetcher.DownloadKeys:", "result":"Success", "context":Key count: 3, Last key timestamp: 2026-04-27T01:33:12Z}
{"logTime": "0617/064130", "correlationVector":"aRx3WyQ8El9HI5Bx7RJCTB.1","action":"EncryptionKeysManager::SetEncryptionKeys:", "result":"Success", "context":Key names[3]:[XdeRUxKHJs1GziK3Hfwhsynma2cUZ7TL9H4pK1DjsiqXbsfE4qxKHC/YZAG5unPWashRkzKrvNQ8Bg9IXwPmYg==][qYr83TD83AFJqG/WXdjfNCK+ihqpUMbeDHt8gsCblupOrdpzc9dVRBIFJVaoJg0/pkzYSRFzVqiKowLDuvOjZg==][mQhywhAh8Wq3um1JfpWrjAwOUO5PDeUDGzpPG9hi/MJ9NLRvxe/HEK7nOlcb1bNjP1WhVU5BnAcK8pvNJebATA==]}
{"logTime": "0617/064130", "correlationVector":"aRx3WyQ8El9HI5Bx7RJCTB.2","action":"EncryptionKeysManager::SetEncryptionKeysWithTimestamps:", "result":"Success", "context":Key timestamps[3]:[2025-08-20T08:54:58Z][2025-10-17T05:22:42Z][2026-04-27T01:33:12Z]}
{"logTime": "0617/064130", "correlationVector":"xl5Wc5eo/yrLuAI3yhIo4s","action":"Initial GetUpdates", "result":"", "context":Reason: NEW_CLIENT. cV=xl5Wc5eo/yrLuAI3yhIo4s}
{"logTime": "0617/064130", "correlationVector":"xl5Wc5eo/yrLuAI3yhIo4s.3","action":"GetUpdates Response", "result":"Success", "context":Received 1 update(s). cV=xl5Wc5eo/yrLuAI3yhIo4s.0;server=akswtt11400001z;cloudType=Consumer;environment=Prod_japanwest_prod-s01-066-apac-japanwest;migrationStage=NotStarted}
{"logTime": "0617/064130", "correlationVector":"uag+gnwqkcy9QFuzKNQk3T","action":"Initial GetUpdates", "result":"", "context":Reason: NEWLY_SUPPORTED_DATATYPE. cV=uag+gnwqkcy9QFuzKNQk3T}
{"logTime": "0617/064130", "correlationVector":"uag+gnwqkcy9QFuzKNQk3T.1","action":"SyncServerConnectionManagerRequest", "result":"SYNC_SERVER_OK", "context":{"environment":"Prod_japanwest_prod-s01-066-apac-japanwest", "migrationStage":"NotStarted", "server":"akswtt11400001w"}}
{"logTime": "0617/064130", "correlationVector":"uag+gnwqkcy9QFuzKNQk3T.2","action":"ProcessGetUpdates", "result":"Done", "context":{"dataType":"Preferences", "deleted":"1", "process_failed_to_decrypt":"0", "process_pending_decryption":"0", "process_success":"68", "total":"68"}}
{"logTime": "0617/064130", "correlationVector":"uag+gnwqkcy9QFuzKNQk3T.3","action":"ProcessGetUpdates", "result":"Done", "context":{"dataType":"Passwords", "deleted":"0", "process_failed_to_decrypt":"0", "process_pending_decryption":"0", "process_success":"6", "total":"6"}}
{"logTime": "0617/064130", "correlationVector":"uag+gnwqkcy9QFuzKNQk3T.4","action":"ProcessGetUpdates", "result":"Done", "context":{"dataType":"Device Info", "deleted":"0", "process_failed_to_decrypt":"0", "process_pending_decryption":"0", "process_success":"13", "total":"13"}}
{"logTime": "0617/064130", "correlationVector":"uag+gnwqkcy9QFuzKNQk3T.5","action":"GetUpdates Response", "result":"Success", "context":Received 87 update(s). cV=uag+gnwqkcy9QFuzKNQk3T.0;server=akswtt11400001w;cloudType=Consumer;environment=Prod_japanwest_prod-s01-066-apac-japanwest;migrationStage=NotStarted}
{"logTime": "0617/064130", "correlationVector":"ThV1FzS5HpiMk+tasDq193","action":"Initial GetUpdates", "result":"", "context":Reason: NEWLY_SUPPORTED_DATATYPE. cV=ThV1FzS5HpiMk+tasDq193}
{"logTime": "0617/064130", "correlationVector":"ThV1FzS5HpiMk+tasDq193.1","action":"SyncServerConnectionManagerRequest", "result":"SYNC_SERVER_OK", "context":{"environment":"Prod_japaneast_prod-s01-061-apac-japaneast", "migrationStage":"NotStarted", "server":"akswtt11400003q"}}
{"logTime": "0617/064130", "correlationVector":"ThV1FzS5HpiMk+tasDq193.2","action":"ProcessGetUpdates", "result":"Done", "context":{"dataType":"Bookmarks", "deleted":"2", "process_failed_to_decrypt":"0", "process_pending_decryption":"0", "process_success":"18", "total":"18"}}
{"logTime": "0617/064130", "correlationVector":"ThV1FzS5HpiMk+tasDq193.3","action":"GetUpdates Response", "result":"Success", "context":Received 18 update(s). cV=ThV1FzS5HpiMk+tasDq193.0;server=akswtt11400003q;cloudType=Consumer;environment=Prod_japaneast_prod-s01-061-apac-japaneast;migrationStage=NotStarted}
{"logTime": "0617/064130", "correlationVector":"05gcQUr1pdZgRGwQKjXg5R","action":"Initial GetUpdates", "result":"", "context":Reason: NEWLY_SUPPORTED_DATATYPE. cV=05gcQUr1pdZgRGwQKjXg5R}
{"logTime": "0617/064131", "correlationVector":"05gcQUr1pdZgRGwQKjXg5R.1","action":"SyncServerConnectionManagerRequest", "result":"SYNC_SERVER_OK", "context":{"environment":"Prod_japanwest_prod-s01-066-apac-japanwest", "migrationStage":"NotStarted", "server":"akswtt11400001w"}}
{"logTime": "0617/064131", "correlationVector":"05gcQUr1pdZgRGwQKjXg5R.2","action":"ProcessGetUpdates", "result":"Done", "context":{"dataType":"Autofill Profiles", "deleted":"0", "process_failed_to_decrypt":"0", "process_pending_decryption":"0", "process_success":"4", "total":"4"}}
{"logTime": "0617/064131", "correlationVector":"05gcQUr1pdZgRGwQKjXg5R.3","action":"ProcessGetUpdates", "result":"Done", "context":{"dataType":"Autofill", "deleted":"0", "process_failed_to_decrypt":"0", "process_pending_decryption":"0", "process_success":"235", "total":"235"}}
{"logTime": "0617/064131", "correlationVector":"05gcQUr1pdZgRGwQKjXg5R.4","action":"ProcessGetUpdates", "result":"Done", "context":{"dataType":"Sessions", "deleted":"11", "process_failed_to_decrypt":"0", "process_pending_decryption":"0", "process_success":"11", "total":"11"}}
{"logTime": "0617/064131", "correlationVector":"05gcQUr1pdZgRGwQKjXg5R.5","action":"GetUpdates Response", "result":"Success", "context":Received 250 update(s). cV=05gcQUr1pdZgRGwQKjXg5R.0;server=akswtt11400001w;cloudType=Consumer;environment=Prod_japanwest_prod-s01-066-apac-japanwest;migrationStage=NotStarted Some updates remain.}
{"logTime": "0617/064131", "correlationVector":"GK0U0ahvTd96zQKYrJMy7n","action":"Initial GetUpdates", "result":"", "context":Reason: NEWLY_SUPPORTED_DATATYPE. cV=GK0U0ahvTd96zQKYrJMy7n}
{"logTime": "0617/064131", "correlationVector":"GK0U0ahvTd96zQKYrJMy7n.1","action":"SyncServerConnectionManagerRequest", "result":"SYNC_SERVER_OK", "context":{"environment":"Prod_japanwest_prod-s01-066-apac-japanwest", "migrationStage":"NotStarted", "server":"akswtt11400002o"}}
{"logTime": "0617/064131", "correlationVector":"GK0U0ahvTd96zQKYrJMy7n.2","action":"ProcessGetUpdates", "result":"Done", "context":{"dataType":"Autofill", "deleted":"0", "process_failed_to_decrypt":"0", "process_pending_decryption":"0", "process_success":"194", "total":"194"}}
{"logTime": "0617/064131", "correlationVector":"GK0U0ahvTd96zQKYrJMy7n.3","action":"ProcessGetUpdates", "result":"Done", "context":{"dataType":"Sessions", "deleted":"50", "process_failed_to_decrypt":"0", "process_pending_decryption":"0", "process_success":"50", "total":"50"}}
{"logTime": "0617/064131", "correlationVector":"GK0U0ahvTd96zQKYrJMy7n.4","action":"ProcessGetUpdates", "result":"Done", "context":{"dataType":"Web Apps", "deleted":"0", "process_failed_to_decrypt":"0", "process_pending_decryption":"0", "process_success":"3", "total":"3"}}
{"logTime": "0617/064131", "correlationVector":"GK0U0ahvTd96zQKYrJMy7n.5","action":"ProcessGetUpdates", "result":"Done", "context":{"dataType":"Edge Hub App Usage", "deleted":"0", "process_failed_to_decrypt":"0", "process_pending_decryption":"0", "process_success":"3", "total":"3"}}
{"logTime": "0617/064131", "correlationVector":"GK0U0ahvTd96zQKYrJMy7n.6","action":"GetUpdates Response", "result":"Success", "context":Received 250 update(s). cV=GK0U0ahvTd96zQKYrJMy7n.0;server=akswtt11400002o;cloudType=Consumer;environment=Prod_japanwest_prod-s01-066-apac-japanwest;migrationStage=NotStarted Some updates remain.}
{"logTime": "0617/064131", "correlationVector":"WrOPnCuQfBAcIs1ugxjU35","action":"Initial GetUpdates", "result":"", "context":Reason: NEWLY_SUPPORTED_DATATYPE. cV=WrOPnCuQfBAcIs1ugxjU35}
{"logTime": "0617/064132", "correlationVector":"WrOPnCuQfBAcIs1ugxjU35.1","action":"SyncServerConnectionManagerRequest", "result":"SYNC_SERVER_OK", "context":{"environment":"Prod_japanwest_prod-s01-066-apac-japanwest", "migrationStage":"NotStarted", "server":"akswtt11400000e"}}
{"logTime": "0617/064132", "correlationVector":"WrOPnCuQfBAcIs1ugxjU35.2","action":"ProcessGetUpdates", "result":"Done", "context":{"dataType":"Autofill", "deleted":"0", "process_failed_to_decrypt":"0", "process_pending_decryption":"0", "process_success":"18", "total":"18"}}
{"logTime": "0617/064132", "correlationVector":"WrOPnCuQfBAcIs1ugxjU35.3","action":"ProcessGetUpdates", "result":"Done", "context":{"dataType":"Sessions", "deleted":"231", "process_failed_to_decrypt":"0", "process_pending_decryption":"0", "process_success":"231", "total":"231"}}
{"logTime": "0617/064132", "correlationVector":"WrOPnCuQfBAcIs1ugxjU35.4","action":"ProcessGetUpdates", "result":"Done", "context":{"dataType":"Edge Hub App Usage", "deleted":"0", "process_failed_to_decrypt":"0", "process_pending_decryption":"0", "process_success":"1", "total":"1"}}
{"logTime": "0617/064132", "correlationVector":"WrOPnCuQfBAcIs1ugxjU35.5","action":"GetUpdates Response", "result":"Success", "context":Received 250 update(s). cV=WrOPnCuQfBAcIs1ugxjU35.0;server=akswtt11400000e;cloudType=Consumer;environment=Prod_japanwest_prod-s01-066-apac-japanwest;migrationStage=NotStarted Some updates remain.}
{"logTime": "0617/064132", "correlationVector":"q09xDm+JzIQz1S/Vzv7fUz","action":"Initial GetUpdates", "result":"", "context":Reason: NEWLY_SUPPORTED_DATATYPE. cV=q09xDm+JzIQz1S/Vzv7fUz}
{"logTime": "0617/064132", "correlationVector":"q09xDm+JzIQz1S/Vzv7fUz.1","action":"SyncServerConnectionManagerRequest", "result":"SYNC_SERVER_OK", "context":{"environment":"Prod_japanwest_prod-s01-066-apac-japanwest", "migrationStage":"NotStarted", "server":"akswtt11400002d"}}
{"logTime": "0617/064132", "correlationVector":"q09xDm+JzIQz1S/Vzv7fUz.2","action":"ProcessGetUpdates", "result":"Done", "context":{"dataType":"Autofill Profiles", "deleted":"1", "process_failed_to_decrypt":"0", "process_pending_decryption":"0", "process_success":"1", "total":"1"}}
{"logTime": "0617/064132", "correlationVector":"q09xDm+JzIQz1S/Vzv7fUz.3","action":"ProcessGetUpdates", "result":"Done", "context":{"dataType":"Autofill", "deleted":"0", "process_failed_to_decrypt":"0", "process_pending_decryption":"0", "process_success":"23", "total":"23"}}
{"logTime": "0617/064132", "correlationVector":"q09xDm+JzIQz1S/Vzv7fUz.4","action":"ProcessGetUpdates", "result":"Done", "context":{"dataType":"Sessions", "deleted":"226", "process_failed_to_decrypt":"0", "process_pending_decryption":"0", "process_success":"226", "total":"226"}}
{"logTime": "0617/064132", "correlationVector":"q09xDm+JzIQz1S/Vzv7fUz.5","action":"GetUpdates Response", "result":"Success", "context":Received 250 update(s). cV=q09xDm+JzIQz1S/Vzv7fUz.0;server=akswtt11400002d;cloudType=Consumer;environment=Prod_japanwest_prod-s01-066-apac-japanwest;migrationStage=NotStarted Some updates remain.}
{"logTime": "0617/064132", "correlationVector":"iowGnRccV4+X0ARz7aV0Kl","action":"Initial GetUpdates", "result":"", "context":Reason: NEWLY_SUPPORTED_DATATYPE. cV=iowGnRccV4+X0ARz7aV0Kl}
{"logTime": "0617/064132", "correlationVector":"iowGnRccV4+X0ARz7aV0Kl.1","action":"SyncServerConnectionManagerRequest", "result":"SYNC_SERVER_OK", "context":{"environment":"Prod_japanwest_prod-s01-066-apac-japanwest", "migrationStage":"NotStarted", "server":"akswtt11400001l"}}
{"logTime": "0617/064132", "correlationVector":"iowGnRccV4+X0ARz7aV0Kl.2","action":"ProcessGetUpdates", "result":"Done", "context":{"dataType":"Autofill Profiles", "deleted":"1", "process_failed_to_decrypt":"0", "process_pending_decryption":"0", "process_success":"2", "total":"2"}}
{"logTime": "0617/064132", "correlationVector":"iowGnRccV4+X0ARz7aV0Kl.3","action":"ProcessGetUpdates", "result":"Done", "context":{"dataType":"Autofill", "deleted":"0", "process_failed_to_decrypt":"0", "process_pending_decryption":"0", "process_success":"27", "total":"27"}}
{"logTime": "0617/064132", "correlationVector":"iowGnRccV4+X0ARz7aV0Kl.4","action":"ProcessGetUpdates", "result":"Done", "context":{"dataType":"Sessions", "deleted":"58", "process_failed_to_decrypt":"0", "process_pending_decryption":"0", "process_success":"84", "total":"84"}}
{"logTime": "0617/064132", "correlationVector":"iowGnRccV4+X0ARz7aV0Kl.5","action":"ProcessGetUpdates", "result":"Done", "context":{"dataType":"History Delete Directives", "deleted":"0", "process_failed_to_decrypt":"0", "process_pending_decryption":"0", "process_success":"87", "total":"87"}}
{"logTime": "0617/064132", "correlationVector":"iowGnRccV4+X0ARz7aV0Kl.6","action":"ProcessGetUpdates", "result":"Done", "context":{"dataType":"Edge Hub App Usage", "deleted":"0", "process_failed_to_decrypt":"0", "process_pending_decryption":"0", "process_success":"3", "total":"3"}}
{"logTime": "0617/064132", "correlationVector":"iowGnRccV4+X0ARz7aV0Kl.7","action":"GetUpdates Response", "result":"Success", "context":Received 203 update(s). cV=iowGnRccV4+X0ARz7aV0Kl.0;server=akswtt11400001l;cloudType=Consumer;environment=Prod_japanwest_prod-s01-066-apac-japanwest;migrationStage=NotStarted}
{"logTime": "0617/064132", "correlationVector":"ZhLd6vxkKqYPOj3pSSZcMF","action":"Initial GetUpdates", "result":"", "context":Reason: NEWLY_SUPPORTED_DATATYPE. cV=ZhLd6vxkKqYPOj3pSSZcMF}
{"logTime": "0617/064133", "correlationVector":"ZhLd6vxkKqYPOj3pSSZcMF.1","action":"SyncServerConnectionManagerRequest", "result":"SYNC_SERVER_OK", "context":{"environment":"Prod_japanwest_prod-s01-066-apac-japanwest", "migrationStage":"NotStarted", "server":"akswtt11400000e"}}
{"logTime": "0617/064133", "correlationVector":"ZhLd6vxkKqYPOj3pSSZcMF.2","action":"ProcessGetUpdates", "result":"Done", "context":{"dataType":"History", "deleted":"0", "process_failed_to_decrypt":"0", "process_pending_decryption":"0", "process_success":"250", "total":"250"}}
{"logTime": "0617/064133", "correlationVector":"ZhLd6vxkKqYPOj3pSSZcMF.3","action":"GetUpdates Response", "result":"Success", "context":Received 250 update(s). cV=ZhLd6vxkKqYPOj3pSSZcMF.0;server=akswtt11400000e;cloudType=Consumer;environment=Prod_japanwest_prod-s01-066-apac-japanwest;migrationStage=NotStarted Some updates remain.}
{"logTime": "0617/064133", "correlationVector":"/ElO1it2HyMGeCZ5xaj1Ff","action":"Initial GetUpdates", "result":"", "context":Reason: NEWLY_SUPPORTED_DATATYPE. cV=/ElO1it2HyMGeCZ5xaj1Ff}
{"logTime": "0617/064133", "correlationVector":"/ElO1it2HyMGeCZ5xaj1Ff.1","action":"SyncServerConnectionManagerRequest", "result":"SYNC_SERVER_OK", "context":{"environment":"Prod_japanwest_prod-s01-066-apac-japanwest", "migrationStage":"NotStarted", "server":"akswtt11400002d"}}
{"logTime": "0617/064133", "correlationVector":"/ElO1it2HyMGeCZ5xaj1Ff.2","action":"ProcessGetUpdates", "result":"Done", "context":{"dataType":"History", "deleted":"0", "process_failed_to_decrypt":"0", "process_pending_decryption":"0", "process_success":"250", "total":"250"}}
{"logTime": "0617/064133", "correlationVector":"/ElO1it2HyMGeCZ5xaj1Ff.3","action":"GetUpdates Response", "result":"Success", "context":Received 250 update(s). cV=/ElO1it2HyMGeCZ5xaj1Ff.0;server=akswtt11400002d;cloudType=Consumer;environment=Prod_japanwest_prod-s01-066-apac-japanwest;migrationStage=NotStarted Some updates remain.}
{"logTime": "0617/064133", "correlationVector":"M9yNVwdYKfWSBlanjRVyAe","action":"Initial GetUpdates", "result":"", "context":Reason: NEWLY_SUPPORTED_DATATYPE. cV=M9yNVwdYKfWSBlanjRVyAe}
{"logTime": "0617/064133", "correlationVector":"M9yNVwdYKfWSBlanjRVyAe.1","action":"SyncServerConnectionManagerRequest", "result":"SYNC_SERVER_OK", "context":{"environment":"Prod_japanwest_prod-s01-066-apac-japanwest", "migrationStage":"NotStarted", "server":"akswtt114000026"}}
{"logTime": "0617/064133", "correlationVector":"M9yNVwdYKfWSBlanjRVyAe.2","action":"ProcessGetUpdates", "result":"Done", "context":{"dataType":"History", "deleted":"0", "process_failed_to_decrypt":"0", "process_pending_decryption":"0", "process_success":"250", "total":"250"}}
{"logTime": "0617/064133", "correlationVector":"M9yNVwdYKfWSBlanjRVyAe.3","action":"GetUpdates Response", "result":"Success", "context":Received 250 update(s). cV=M9yNVwdYKfWSBlanjRVyAe.0;server=akswtt114000026;cloudType=Consumer;environment=Prod_japanwest_prod-s01-066-apac-japanwest;migrationStage=NotStarted Some updates remain.}
{"logTime": "0617/064133", "correlationVector":"3b40cz3Cxw70xgKYk9wiv7","action":"Initial GetUpdates", "result":"", "context":Reason: NEWLY_SUPPORTED_DATATYPE. cV=3b40cz3Cxw70xgKYk9wiv7}
{"logTime": "0617/064133", "correlationVector":"3b40cz3Cxw70xgKYk9wiv7.1","action":"SyncServerConnectionManagerRequest", "result":"SYNC_SERVER_OK", "context":{"environment":"Prod_japanwest_prod-s01-066-apac-japanwest", "migrationStage":"NotStarted", "server":"akswtt11400001p"}}
{"logTime": "0617/064133", "correlationVector":"3b40cz3Cxw70xgKYk9wiv7.2","action":"ProcessGetUpdates", "result":"Done", "context":{"dataType":"History", "deleted":"0", "process_failed_to_decrypt":"0", "process_pending_decryption":"0", "process_success":"250", "total":"250"}}
{"logTime": "0617/064133", "correlationVector":"3b40cz3Cxw70xgKYk9wiv7.3","action":"GetUpdates Response", "result":"Success", "context":Received 250 update(s). cV=3b40cz3Cxw70xgKYk9wiv7.0;server=akswtt11400001p;cloudType=Consumer;environment=Prod_japanwest_prod-s01-066-apac-japanwest;migrationStage=NotStarted Some updates remain.}
{"logTime": "0617/064133", "correlationVector":"Awv9ev3Gr09sdn4zOrYjGX","action":"Initial GetUpdates", "result":"", "context":Reason: NEWLY_SUPPORTED_DATATYPE. cV=Awv9ev3Gr09sdn4zOrYjGX}
{"logTime": "0617/064134", "correlationVector":"Awv9ev3Gr09sdn4zOrYjGX.1","action":"SyncServerConnectionManagerRequest", "result":"SYNC_SERVER_OK", "context":{"environment":"Prod_japanwest_prod-s01-066-apac-japanwest", "migrationStage":"NotStarted", "server":"akswtt11400001v"}}
{"logTime": "0617/064134", "correlationVector":"Awv9ev3Gr09sdn4zOrYjGX.2","action":"ProcessGetUpdates", "result":"Done", "context":{"dataType":"History", "deleted":"0", "process_failed_to_decrypt":"0", "process_pending_decryption":"0", "process_success":"250", "total":"250"}}
{"logTime": "0617/064134", "correlationVector":"Awv9ev3Gr09sdn4zOrYjGX.3","action":"GetUpdates Response", "result":"Success", "context":Received 250 update(s). cV=Awv9ev3Gr09sdn4zOrYjGX.0;server=akswtt11400001v;cloudType=Consumer;environment=Prod_japanwest_prod-s01-066-apac-japanwest;migrationStage=NotStarted Some updates remain.}
{"logTime": "0617/064134", "correlationVector":"K6FHk3WnDyQB7pi5Iw4k/8","action":"Initial GetUpdates", "result":"", "context":Reason: NEWLY_SUPPORTED_DATATYPE. cV=K6FHk3WnDyQB7pi5Iw4k/8}
{"logTime": "0617/064134", "correlationVector":"K6FHk3WnDyQB7pi5Iw4k/8.1","action":"SyncServerConnectionManagerRequest", "result":"SYNC_SERVER_OK", "context":{"environment":"Prod_japanwest_prod-s01-066-apac-japanwest", "migrationStage":"NotStarted", "server":"akswtt114000026"}}
{"logTime": "0617/064134", "correlationVector":"K6FHk3WnDyQB7pi5Iw4k/8.2","action":"ProcessGetUpdates", "result":"Done", "context":{"dataType":"History", "deleted":"0", "process_failed_to_decrypt":"0", "process_pending_decryption":"0", "process_success":"250", "total":"250"}}
{"logTime": "0617/064134", "correlationVector":"K6FHk3WnDyQB7pi5Iw4k/8.3","action":"GetUpdates Response", "result":"Success", "context":Received 250 update(s). cV=K6FHk3WnDyQB7pi5Iw4k/8.0;server=akswtt114000026;cloudType=Consumer;environment=Prod_japanwest_prod-s01-066-apac-japanwest;migrationStage=NotStarted Some updates remain.}
{"logTime": "0617/064134", "correlationVector":"KqqM0wCcjDbsAxwa1NnFq/","action":"Initial GetUpdates", "result":"", "context":Reason: NEWLY_SUPPORTED_DATATYPE. cV=KqqM0wCcjDbsAxwa1NnFq/}
{"logTime": "0617/064134", "correlationVector":"KqqM0wCcjDbsAxwa1NnFq/.1","action":"SyncServerConnectionManagerRequest", "result":"SYNC_SERVER_OK", "context":{"environment":"Prod_japanwest_prod-s01-066-apac-japanwest", "migrationStage":"NotStarted", "server":"akswtt114000020"}}
{"logTime": "0617/064134", "correlationVector":"KqqM0wCcjDbsAxwa1NnFq/.2","action":"ProcessGetUpdates", "result":"Done", "context":{"dataType":"History", "deleted":"0", "process_failed_to_decrypt":"0", "process_pending_decryption":"0", "process_success":"250", "total":"250"}}
{"logTime": "0617/064134", "correlationVector":"KqqM0wCcjDbsAxwa1NnFq/.3","action":"GetUpdates Response", "result":"Success", "context":Received 250 update(s). cV=KqqM0wCcjDbsAxwa1NnFq/.0;server=akswtt114000020;cloudType=Consumer;environment=Prod_japanwest_prod-s01-066-apac-japanwest;migrationStage=NotStarted Some updates remain.}
{"logTime": "0617/064134", "correlationVector":"mpMEKkTpZUrTM8RQ3eRv92","action":"Initial GetUpdates", "result":"", "context":Reason: NEWLY_SUPPORTED_DATATYPE. cV=mpMEKkTpZUrTM8RQ3eRv92}
{"logTime": "0617/064134", "correlationVector":"mpMEKkTpZUrTM8RQ3eRv92.1","action":"SyncServerConnectionManagerRequest", "result":"SYNC_SERVER_OK", "context":{"environment":"Prod_japanwest_prod-s01-066-apac-japanwest", "migrationStage":"NotStarted", "server":"akswtt11400001f"}}
{"logTime": "0617/064134", "correlationVector":"mpMEKkTpZUrTM8RQ3eRv92.2","action":"ProcessGetUpdates", "result":"Done", "context":{"dataType":"History", "deleted":"82", "process_failed_to_decrypt":"0", "process_pending_decryption":"0", "process_success":"250", "total":"250"}}
{"logTime": "0617/064134", "correlationVector":"mpMEKkTpZUrTM8RQ3eRv92.3","action":"GetUpdates Response", "result":"Success", "context":Received 250 update(s). cV=mpMEKkTpZUrTM8RQ3eRv92.0;server=akswtt11400001f;cloudType=Consumer;environment=Prod_japanwest_prod-s01-066-apac-japanwest;migrationStage=NotStarted Some updates remain.}
{"logTime": "0617/064134", "correlationVector":"+Xmxu0RphHHkshKvWT2yfe","action":"Initial GetUpdates", "result":"", "context":Reason: NEWLY_SUPPORTED_DATATYPE. cV=+Xmxu0RphHHkshKvWT2yfe}
{"logTime": "0617/064135", "correlationVector":"+Xmxu0RphHHkshKvWT2yfe.1","action":"SyncServerConnectionManagerRequest", "result":"SYNC_SERVER_OK", "context":{"environment":"Prod_japanwest_prod-s01-066-apac-japanwest", "migrationStage":"NotStarted", "server":"akswtt11400002c"}}
{"logTime": "0617/064135", "correlationVector":"+Xmxu0RphHHkshKvWT2yfe.2","action":"ProcessGetUpdates", "result":"Done", "context":{"dataType":"History", "deleted":"0", "process_failed_to_decrypt":"0", "process_pending_decryption":"0", "process_success":"250", "total":"250"}}
{"logTime": "0617/064135", "correlationVector":"+Xmxu0RphHHkshKvWT2yfe.3","action":"GetUpdates Response", "result":"Success", "context":Received 250 update(s). cV=+Xmxu0RphHHkshKvWT2yfe.0;server=akswtt11400002c;cloudType=Consumer;environment=Prod_japanwest_prod-s01-066-apac-japanwest;migrationStage=NotStarted Some updates remain.}
{"logTime": "0617/064135", "correlationVector":"7qQywtcsvcVn9oby8ZOu/r","action":"Initial GetUpdates", "result":"", "context":Reason: NEWLY_SUPPORTED_DATATYPE. cV=7qQywtcsvcVn9oby8ZOu/r}
{"logTime": "0617/064135", "correlationVector":"7qQywtcsvcVn9oby8ZOu/r.1","action":"SyncServerConnectionManagerRequest", "result":"SYNC_SERVER_OK", "context":{"environment":"Prod_japanwest_prod-s01-066-apac-japanwest", "migrationStage":"NotStarted", "server":"akswtt114000005"}}
{"logTime": "0617/064135", "correlationVector":"7qQywtcsvcVn9oby8ZOu/r.2","action":"ProcessGetUpdates", "result":"Done", "context":{"dataType":"History", "deleted":"0", "process_failed_to_decrypt":"0", "process_pending_decryption":"0", "process_success":"250", "total":"250"}}
{"logTime": "0617/064135", "correlationVector":"7qQywtcsvcVn9oby8ZOu/r.3","action":"GetUpdates Response", "result":"Success", "context":Received 250 update(s). cV=7qQywtcsvcVn9oby8ZOu/r.0;server=akswtt114000005;cloudType=Consumer;environment=Prod_japanwest_prod-s01-066-apac-japanwest;migrationStage=NotStarted Some updates remain.}
{"logTime": "0617/064135", "correlationVector":"Awj5APidA4X3BxOpJSUrI5","action":"Initial GetUpdates", "result":"", "context":Reason: NEWLY_SUPPORTED_DATATYPE. cV=Awj5APidA4X3BxOpJSUrI5}
{"logTime": "0617/064135", "correlationVector":"Awj5APidA4X3BxOpJSUrI5.1","action":"SyncServerConnectionManagerRequest", "result":"SYNC_SERVER_OK", "context":{"environment":"Prod_japanwest_prod-s01-066-apac-japanwest", "migrationStage":"NotStarted", "server":"akswtt11400002a"}}
{"logTime": "0617/064135", "correlationVector":"Awj5APidA4X3BxOpJSUrI5.2","action":"ProcessGetUpdates", "result":"Done", "context":{"dataType":"History", "deleted":"0", "process_failed_to_decrypt":"0", "process_pending_decryption":"0", "process_success":"161", "total":"161"}}
{"logTime": "0617/064135", "correlationVector":"Awj5APidA4X3BxOpJSUrI5.3","action":"GetUpdates Response", "result":"Success", "context":Received 161 update(s). cV=Awj5APidA4X3BxOpJSUrI5.0;server=akswtt11400002a;cloudType=Consumer;environment=Prod_japanwest_prod-s01-066-apac-japanwest;migrationStage=NotStarted}
{"logTime": "0617/064135", "correlationVector":"8uWcf44rQMUmJDkRRdZBiR","action":"Normal GetUpdate request", "result":"", "context":cV=8uWcf44rQMUmJDkRRdZBiR
Nudged types: Sessions, Device Info, User Consents
Refresh requested types: Bookmarks, Preferences, Passwords, Autofill Profiles, Autofill, Extensions, Sessions, Extension settings, History Delete Directives, Device Info, User Consents, Send Tab To Self, Web Apps, History, Saved Tab Group, WebAuthn Credentials, Edge E Drop, Edge Hub App Usage, Edge Wallet, Edge Workspace, Encryption Keys}
{"logTime": "0617/064136", "correlationVector":"8uWcf44rQMUmJDkRRdZBiR.1","action":"SyncServerConnectionManagerRequest", "result":"SYNC_SERVER_OK", "context":{"environment":"Prod_japanwest_prod-s01-066-apac-japanwest", "migrationStage":"NotStarted", "server":"akswtt11400001y"}}
{"logTime": "0617/064136", "correlationVector":"8uWcf44rQMUmJDkRRdZBiR.2","action":"GetUpdates Response", "result":"Success", "context":Received 0 update(s). cV=8uWcf44rQMUmJDkRRdZBiR.0;server=akswtt11400001y;cloudType=Consumer;environment=Prod_japanwest_prod-s01-066-apac-japanwest;migrationStage=NotStarted}
{"logTime": "0617/064136", "correlationVector":"IWY1VdwkfW8o31XnW/FM3X","action":"DoCompareDataConsistency requsted types: ", "result":"Bookmarks, Preferences, Passwords, Extensions, Extension settings, History Delete Directives, Send Tab To Self, Web Apps, History, Saved Tab Group, WebAuthn Credentials, Edge E Drop, Edge Wallet, Edge Workspace, Encryption Keys"}
{"logTime": "0617/064136", "correlationVector":"IWY1VdwkfW8o31XnW/FM3X.0","action":"CompareDataConsistency result: ", "result":"Compare result: Encryption Keys is consistent. local entities count is: 1 local entities hash is: Hgui5D6yYsjknASlDTIuGXxm+y0="}
{"logTime": "0617/064136", "correlationVector":"IWY1VdwkfW8o31XnW/FM3X.1","action":"CompareDataConsistency result: ", "result":"Compare result: Bookmarks is consistent. local entities count is: 10 local entities hash is: y/pW84yJ2lm+77Anoy0c3GE7aQo="}
{"logTime": "0617/064136", "correlationVector":"IWY1VdwkfW8o31XnW/FM3X.2","action":"CompareDataConsistency result: ", "result":"Compare result: Preferences is consistent. local entities count is: 67 local entities hash is: A7DAUad839tiKLRngI0hkJQsGNY="}
{"logTime": "0617/064136", "correlationVector":"IWY1VdwkfW8o31XnW/FM3X.3","action":"CompareDataConsistency result: ", "result":"Compare result: Extensions is consistent. local entities count is: 0 local entities hash is: "}
{"logTime": "0617/064136", "correlationVector":"IWY1VdwkfW8o31XnW/FM3X.4","action":"CompareDataConsistency result: ", "result":"Compare result: Extension settings is consistent. local entities count is: 0 local entities hash is: "}
{"logTime": "0617/064136", "correlationVector":"IWY1VdwkfW8o31XnW/FM3X.5","action":"CompareDataConsistency result: ", "result":"Compare result: History Delete Directives is inconsistent. server entities count is: 87 server entities hash is: 9h2f7b0/2M6ezA17souFhskfAQQ= local entities count is: 0 local entities hash is: "}
{"logTime": "0617/064136", "correlationVector":"IWY1VdwkfW8o31XnW/FM3X.6","action":"CompareDataConsistency result: ", "result":"Server did not send this Send Tab To Self local entities count is: 0 local entities hash is: "}
{"logTime": "0617/064136", "correlationVector":"IWY1VdwkfW8o31XnW/FM3X.7","action":"CompareDataConsistency result: ", "result":"Compare result: Web Apps is consistent. local entities count is: 3 local entities hash is: JM7WC/s/VzwR5g1lU31Bqpx4dVI="}
{"logTime": "0617/064136", "correlationVector":"IWY1VdwkfW8o31XnW/FM3X.8","action":"CompareDataConsistency result: ", "result":"Server did not send this History local entities count is: 0 local entities hash is: "}
{"logTime": "0617/064136", "correlationVector":"IWY1VdwkfW8o31XnW/FM3X.9","action":"CompareDataConsistency result: ", "result":"Compare result: Saved Tab Group is consistent. local entities count is: 0 local entities hash is: "}
{"logTime": "0617/064136", "correlationVector":"IWY1VdwkfW8o31XnW/FM3X.10","action":"CompareDataConsistency result: ", "result":"Server did not send this WebAuthn Credentials local entities count is: 0 local entities hash is: "}
{"logTime": "0617/064136", "correlationVector":"IWY1VdwkfW8o31XnW/FM3X.11","action":"CompareDataConsistency result: ", "result":"Compare result: Edge E Drop is consistent. local entities count is: 0 local entities hash is: "}
{"logTime": "0617/064136", "correlationVector":"IWY1VdwkfW8o31XnW/FM3X.12","action":"CompareDataConsistency result: ", "result":"Compare result: Edge Wallet is consistent. local entities count is: 0 local entities hash is: "}
{"logTime": "0617/064136", "correlationVector":"IWY1VdwkfW8o31XnW/FM3X.13","action":"CompareDataConsistency result: ", "result":"Server did not send this Edge Workspace local entities count is: 0 local entities hash is: "}
{"logTime": "0617/064136", "correlationVector":"IWY1VdwkfW8o31XnW/FM3X.14","action":"CompareDataConsistency result: ", "result":"Compare result: Passwords is consistent. local entities count is: 6 local entities hash is: bIF18NsvYqLPwClieO+z19DfFf8="}
{"logTime": "0617/064136", "correlationVector":"F0xquvwc42BzzSA5bE5r6N","action":"Commit Request", "result":"", "context":Item count: 4
Contributing types: Sessions, Device Info, User Consents}
{"logTime": "0617/064136", "correlationVector":"F0xquvwc42BzzSA5bE5r6N.1","action":"SyncServerConnectionManagerRequest", "result":"SYNC_SERVER_OK", "context":{"environment":"Prod_japanwest_prod-s01-066-apac-japanwest", "migrationStage":"NotStarted", "server":"akswtt11400002c"}}
{"logTime": "0617/064136", "correlationVector":"F0xquvwc42BzzSA5bE5r6N.2","action":"Commit Response", "result":"Success", "context":Result: Success. cV=F0xquvwc42BzzSA5bE5r6N.0;server=akswtt11400002c;cloudType=Consumer;environment=Prod_japanwest_prod-s01-066-apac-japanwest;migrationStage=NotStarted}
{"logTime": "0617/064136", "correlationVector":"","action":"DIAGNOSTIC_REQUEST|v1/diagnosticData/Diagnostic.SendCheckResult()|SUCCESS", "result":""}
{"logTime": "0617/064535", "correlationVector":"aTiApfEo7ZY3nYrNoHZ9Tf","action":"Commit Request", "result":"", "context":Item count: 4
Contributing types: Sessions, History}
{"logTime": "0617/064535", "correlationVector":"aTiApfEo7ZY3nYrNoHZ9Tf.1","action":"SyncServerConnectionManagerRequest", "result":"SYNC_SERVER_OK", "context":{"environment":"Prod_japanwest_prod-s01-066-apac-japanwest", "migrationStage":"NotStarted", "server":"akswtt11400000e"}}
{"logTime": "0617/064535", "correlationVector":"aTiApfEo7ZY3nYrNoHZ9Tf.2","action":"Commit Response", "result":"Success", "context":Result: Success. cV=aTiApfEo7ZY3nYrNoHZ9Tf.0;server=akswtt11400000e;cloudType=Consumer;environment=Prod_japanwest_prod-s01-066-apac-japanwest;migrationStage=NotStarted}
