2026-06-13 13:42:17.538: [INFO] VisibilityChanged: 0
2026-06-13 13:42:17.578: [INFO] RecordSyncInitDuration has_sync_been_enabled: 0 state: 0
2026-06-13 13:42:17.582: [INFO] RecordSyncInitDuration has_sync_been_enabled: 0 state: 0
2026-06-13 13:42:17.586: [INFO] RecordSyncInitDuration has_sync_been_enabled: 0 state: 0
2026-06-13 13:42:17.589: [INFO] RecordSyncInitDuration has_sync_been_enabled: 0 state: 0
2026-06-13 13:42:17.590: [INFO] RecordSyncInitDuration has_sync_been_enabled: 0 state: 0
2026-06-13 13:42:17.592: [INFO] RecordSyncInitDuration has_sync_been_enabled: 0 state: 0
2026-06-13 13:42:17.594: [INFO] RecordSyncInitDuration has_sync_been_enabled: 0 state: 0
2026-06-13 13:42:17.596: [INFO] RecordSyncInitDuration has_sync_been_enabled: 0 state: 0
2026-06-13 13:42:17.597: [INFO] RecordSyncInitDuration has_sync_been_enabled: 0 state: 0
2026-06-13 13:42:17.599: [INFO] RecordSyncInitDuration has_sync_been_enabled: 0 state: 0
2026-06-13 13:42:17.600: [INFO] RecordSyncInitDuration has_sync_been_enabled: 0 state: 0
2026-06-13 13:42:17.616: [INFO] BookmarkModelLoaded, ids_reassigned: 0
2026-06-13 13:42:17.616: [INFO] OnDoneLoading sync enabled: 0
2026-06-13 13:42:17.622: [INFO] RecordSyncInitDuration has_sync_been_enabled: 0 state: 0
2026-06-13 13:42:19.346: [INFO] RecordSyncInitDuration has_sync_been_enabled: 0 state: 0
2026-06-13 13:42:19.349: [INFO] RecordSyncInitDuration has_sync_been_enabled: 0 state: 3
2026-06-13 13:42:19.352: [INFO] Primary account changed.
2026-06-13 13:42:19.352: [INFO] OnPrimaryAccountChanged PrimaryAccountChangeEvent::Type::kSet
2026-06-13 13:42:19.359: [INFO] RecordSyncInitDuration has_sync_been_enabled: 0 state: 3
2026-06-13 13:42:19.372: [INFO] RecordSyncInitDuration has_sync_been_enabled: 0 state: 3
2026-06-13 13:42:21.343: [INFO] BookmarkNodeAdded, ABU: 0
2026-06-13 13:42:21.344: [INFO] BookmarkNodeAdded, ABU: 0
2026-06-13 13:42:21.344: [INFO] BookmarkNodeAdded, ABU: 0
2026-06-13 13:42:21.345: [INFO] BookmarkNodeAdded, ABU: 0
2026-06-13 13:42:21.345: [INFO] BookmarkNodeAdded, ABU: 0
2026-06-13 13:42:21.346: [INFO] BookmarkNodeAdded, ABU: 0
2026-06-13 13:42:21.347: [INFO] BookmarkNodeAdded, ABU: 0
2026-06-13 13:42:21.347: [INFO] BookmarkNodeAdded, ABU: 0
2026-06-13 13:42:21.348: [INFO] BookmarkNodeAdded, ABU: 0
2026-06-13 13:42:21.348: [INFO] BookmarkNodeAdded, ABU: 0
2026-06-13 13:42:23.387: [INFO] Sync initialization duration: 3849ms
