2026-06-17 03:59:17.559: [INFO] OnDoneLoading sync enabled: 0
2026-06-17 03:59:17.588: [INFO] RecordSyncInitDuration has_sync_been_enabled: 0 state: 0
2026-06-17 03:59:18.467: [INFO] RecordSyncInitDuration has_sync_been_enabled: 0 state: 0
2026-06-17 03:59:18.470: [INFO] RecordSyncInitDuration has_sync_been_enabled: 0 state: 3
2026-06-17 03:59:18.473: [INFO] Primary account changed.
2026-06-17 03:59:18.473: [INFO] OnPrimaryAccountChanged PrimaryAccountChangeEvent::Type::kSet
2026-06-17 03:59:18.476: [INFO] RecordSyncInitDuration has_sync_been_enabled: 0 state: 3
2026-06-17 03:59:18.490: [INFO] RecordSyncInitDuration has_sync_been_enabled: 0 state: 3
2026-06-17 03:59:20.607: [INFO] BookmarkNodeAdded, ABU: 0
2026-06-17 03:59:20.608: [INFO] BookmarkNodeAdded, ABU: 0
2026-06-17 03:59:20.609: [INFO] BookmarkNodeAdded, ABU: 0
2026-06-17 03:59:20.610: [INFO] BookmarkNodeAdded, ABU: 0
2026-06-17 03:59:20.610: [INFO] BookmarkNodeAdded, ABU: 0
2026-06-17 03:59:20.611: [INFO] BookmarkNodeAdded, ABU: 0
2026-06-17 03:59:20.614: [INFO] BookmarkNodeAdded, ABU: 0
2026-06-17 03:59:20.614: [INFO] BookmarkNodeAdded, ABU: 0
2026-06-17 03:59:20.615: [INFO] BookmarkNodeAdded, ABU: 0
2026-06-17 03:59:20.616: [INFO] BookmarkNodeAdded, ABU: 0
2026-06-17 03:59:22.415: [INFO] Sync initialization duration: 3829ms
2026-06-17 04:00:00.665: [INFO] VisibilityChanged: 0
