{"logTime": "0613/134220", "correlationVector":"+MDT0L/AFO3ibJvuQ18wfB.1","action":"SyncServerConnectionManagerRequest", "result":"SYNC_SERVER_OK", "context":{"environment":"Prod_japanwest_prod-s01-066-apac-japanwest", "migrationStage":"NotStarted", "server":"akswtt11400001t"}}
{"logTime": "0613/134220", "correlationVector":"+MDT0L/AFO3ibJvuQ18wfB.2","action":"ProcessGetUpdates", "result":"Done", "context":{"dataType":"Encryption Keys", "deleted":"0", "process_failed_to_decrypt":"0", "process_pending_decryption":"0", "process_success":"1", "total":"1"}}
{"logTime": "0613/134220", "correlationVector":"qOq3mcADnt+4B/pNbk5n6q","action":"SyncServerConnectionManagerRequest", "result":"SYNC_SERVER_OK", "context":{"environment":"", "migrationStage":"", "server":""}}
{"logTime": "0613/134220", "correlationVector":"qOq3mcADnt+4B/pNbk5n6q.0","action":"EncryptionKeysFetcher.DownloadKeys:", "result":"Success", "context":Key count: 3, Last key timestamp: 2026-04-27T01:33:12Z}
{"logTime": "0613/134220", "correlationVector":"qOq3mcADnt+4B/pNbk5n6q.1","action":"EncryptionKeysManager::SetEncryptionKeys:", "result":"Success", "context":Key names[3]:[XdeRUxKHJs1GziK3Hfwhsynma2cUZ7TL9H4pK1DjsiqXbsfE4qxKHC/YZAG5unPWashRkzKrvNQ8Bg9IXwPmYg==][qYr83TD83AFJqG/WXdjfNCK+ihqpUMbeDHt8gsCblupOrdpzc9dVRBIFJVaoJg0/pkzYSRFzVqiKowLDuvOjZg==][mQhywhAh8Wq3um1JfpWrjAwOUO5PDeUDGzpPG9hi/MJ9NLRvxe/HEK7nOlcb1bNjP1WhVU5BnAcK8pvNJebATA==]}
{"logTime": "0613/134220", "correlationVector":"qOq3mcADnt+4B/pNbk5n6q.2","action":"EncryptionKeysManager::SetEncryptionKeysWithTimestamps:", "result":"Success", "context":Key timestamps[3]:[2025-08-20T08:54:58Z][2025-10-17T05:22:42Z][2026-04-27T01:33:12Z]}
{"logTime": "0613/134220", "correlationVector":"+MDT0L/AFO3ibJvuQ18wfB","action":"Initial GetUpdates", "result":"", "context":Reason: NEW_CLIENT. cV=+MDT0L/AFO3ibJvuQ18wfB}
{"logTime": "0613/134220", "correlationVector":"+MDT0L/AFO3ibJvuQ18wfB.3","action":"GetUpdates Response", "result":"Success", "context":Received 1 update(s). cV=+MDT0L/AFO3ibJvuQ18wfB.0;server=akswtt11400001t;cloudType=Consumer;environment=Prod_japanwest_prod-s01-066-apac-japanwest;migrationStage=NotStarted}
{"logTime": "0613/134220", "correlationVector":"vNFu66K0VwSCgbW1a/nxyU","action":"Initial GetUpdates", "result":"", "context":Reason: NEWLY_SUPPORTED_DATATYPE. cV=vNFu66K0VwSCgbW1a/nxyU}
{"logTime": "0613/134221", "correlationVector":"vNFu66K0VwSCgbW1a/nxyU.1","action":"SyncServerConnectionManagerRequest", "result":"SYNC_SERVER_OK", "context":{"environment":"Prod_japanwest_prod-s01-066-apac-japanwest", "migrationStage":"NotStarted", "server":"akswtt11400001q"}}
{"logTime": "0613/134221", "correlationVector":"vNFu66K0VwSCgbW1a/nxyU.2","action":"ProcessGetUpdates", "result":"Done", "context":{"dataType":"Preferences", "deleted":"1", "process_failed_to_decrypt":"0", "process_pending_decryption":"0", "process_success":"68", "total":"68"}}
{"logTime": "0613/134221", "correlationVector":"vNFu66K0VwSCgbW1a/nxyU.3","action":"ProcessGetUpdates", "result":"Done", "context":{"dataType":"Passwords", "deleted":"0", "process_failed_to_decrypt":"0", "process_pending_decryption":"0", "process_success":"6", "total":"6"}}
{"logTime": "0613/134221", "correlationVector":"vNFu66K0VwSCgbW1a/nxyU.4","action":"ProcessGetUpdates", "result":"Done", "context":{"dataType":"Device Info", "deleted":"0", "process_failed_to_decrypt":"0", "process_pending_decryption":"0", "process_success":"9", "total":"9"}}
{"logTime": "0613/134221", "correlationVector":"vNFu66K0VwSCgbW1a/nxyU.5","action":"GetUpdates Response", "result":"Success", "context":Received 83 update(s). cV=vNFu66K0VwSCgbW1a/nxyU.0;server=akswtt11400001q;cloudType=Consumer;environment=Prod_japanwest_prod-s01-066-apac-japanwest;migrationStage=NotStarted}
{"logTime": "0613/134221", "correlationVector":"GUTUfVyL4UvXh2WlYmdKxZ","action":"Initial GetUpdates", "result":"", "context":Reason: NEWLY_SUPPORTED_DATATYPE. cV=GUTUfVyL4UvXh2WlYmdKxZ}
{"logTime": "0613/134221", "correlationVector":"GUTUfVyL4UvXh2WlYmdKxZ.1","action":"SyncServerConnectionManagerRequest", "result":"SYNC_SERVER_OK", "context":{"environment":"Prod_japanwest_prod-s01-066-apac-japanwest", "migrationStage":"NotStarted", "server":"akswtt114000008"}}
{"logTime": "0613/134221", "correlationVector":"GUTUfVyL4UvXh2WlYmdKxZ.2","action":"ProcessGetUpdates", "result":"Done", "context":{"dataType":"Bookmarks", "deleted":"2", "process_failed_to_decrypt":"0", "process_pending_decryption":"0", "process_success":"18", "total":"18"}}
{"logTime": "0613/134221", "correlationVector":"GUTUfVyL4UvXh2WlYmdKxZ.3","action":"GetUpdates Response", "result":"Success", "context":Received 18 update(s). cV=GUTUfVyL4UvXh2WlYmdKxZ.0;server=akswtt114000008;cloudType=Consumer;environment=Prod_japanwest_prod-s01-066-apac-japanwest;migrationStage=NotStarted}
{"logTime": "0613/134221", "correlationVector":"TnDfEUOWb6a12/KfUD/qYp","action":"Initial GetUpdates", "result":"", "context":Reason: NEWLY_SUPPORTED_DATATYPE. cV=TnDfEUOWb6a12/KfUD/qYp}
{"logTime": "0613/134221", "correlationVector":"TnDfEUOWb6a12/KfUD/qYp.1","action":"SyncServerConnectionManagerRequest", "result":"SYNC_SERVER_OK", "context":{"environment":"Prod_japanwest_prod-s01-066-apac-japanwest", "migrationStage":"NotStarted", "server":"akswtt114000027"}}
{"logTime": "0613/134221", "correlationVector":"TnDfEUOWb6a12/KfUD/qYp.2","action":"ProcessGetUpdates", "result":"Done", "context":{"dataType":"Autofill Profiles", "deleted":"0", "process_failed_to_decrypt":"0", "process_pending_decryption":"0", "process_success":"4", "total":"4"}}
{"logTime": "0613/134221", "correlationVector":"TnDfEUOWb6a12/KfUD/qYp.3","action":"ProcessGetUpdates", "result":"Done", "context":{"dataType":"Autofill", "deleted":"0", "process_failed_to_decrypt":"0", "process_pending_decryption":"0", "process_success":"235", "total":"235"}}
{"logTime": "0613/134221", "correlationVector":"TnDfEUOWb6a12/KfUD/qYp.4","action":"ProcessGetUpdates", "result":"Done", "context":{"dataType":"Sessions", "deleted":"11", "process_failed_to_decrypt":"0", "process_pending_decryption":"0", "process_success":"11", "total":"11"}}
{"logTime": "0613/134221", "correlationVector":"TnDfEUOWb6a12/KfUD/qYp.5","action":"GetUpdates Response", "result":"Success", "context":Received 250 update(s). cV=TnDfEUOWb6a12/KfUD/qYp.0;server=akswtt114000027;cloudType=Consumer;environment=Prod_japanwest_prod-s01-066-apac-japanwest;migrationStage=NotStarted Some updates remain.}
{"logTime": "0613/134221", "correlationVector":"JWek+O0nxK3UN67iOyoFx4","action":"Initial GetUpdates", "result":"", "context":Reason: NEWLY_SUPPORTED_DATATYPE. cV=JWek+O0nxK3UN67iOyoFx4}
{"logTime": "0613/134222", "correlationVector":"JWek+O0nxK3UN67iOyoFx4.1","action":"SyncServerConnectionManagerRequest", "result":"SYNC_SERVER_OK", "context":{"environment":"Prod_japanwest_prod-s01-066-apac-japanwest", "migrationStage":"NotStarted", "server":"akswtt11400001f"}}
{"logTime": "0613/134222", "correlationVector":"JWek+O0nxK3UN67iOyoFx4.2","action":"ProcessGetUpdates", "result":"Done", "context":{"dataType":"Autofill", "deleted":"0", "process_failed_to_decrypt":"0", "process_pending_decryption":"0", "process_success":"194", "total":"194"}}
{"logTime": "0613/134222", "correlationVector":"JWek+O0nxK3UN67iOyoFx4.3","action":"ProcessGetUpdates", "result":"Done", "context":{"dataType":"Sessions", "deleted":"50", "process_failed_to_decrypt":"0", "process_pending_decryption":"0", "process_success":"50", "total":"50"}}
{"logTime": "0613/134222", "correlationVector":"JWek+O0nxK3UN67iOyoFx4.4","action":"ProcessGetUpdates", "result":"Done", "context":{"dataType":"Web Apps", "deleted":"0", "process_failed_to_decrypt":"0", "process_pending_decryption":"0", "process_success":"3", "total":"3"}}
{"logTime": "0613/134222", "correlationVector":"JWek+O0nxK3UN67iOyoFx4.5","action":"ProcessGetUpdates", "result":"Done", "context":{"dataType":"Edge Hub App Usage", "deleted":"0", "process_failed_to_decrypt":"0", "process_pending_decryption":"0", "process_success":"3", "total":"3"}}
{"logTime": "0613/134222", "correlationVector":"JWek+O0nxK3UN67iOyoFx4.6","action":"GetUpdates Response", "result":"Success", "context":Received 250 update(s). cV=JWek+O0nxK3UN67iOyoFx4.0;server=akswtt11400001f;cloudType=Consumer;environment=Prod_japanwest_prod-s01-066-apac-japanwest;migrationStage=NotStarted Some updates remain.}
{"logTime": "0613/134222", "correlationVector":"3gGuj5UVA9NUFMY52ThpYu","action":"Initial GetUpdates", "result":"", "context":Reason: NEWLY_SUPPORTED_DATATYPE. cV=3gGuj5UVA9NUFMY52ThpYu}
{"logTime": "0613/134222", "correlationVector":"3gGuj5UVA9NUFMY52ThpYu.1","action":"SyncServerConnectionManagerRequest", "result":"SYNC_SERVER_OK", "context":{"environment":"Prod_japanwest_prod-s01-066-apac-japanwest", "migrationStage":"NotStarted", "server":"akswtt11400001s"}}
{"logTime": "0613/134222", "correlationVector":"3gGuj5UVA9NUFMY52ThpYu.2","action":"ProcessGetUpdates", "result":"Done", "context":{"dataType":"Autofill", "deleted":"0", "process_failed_to_decrypt":"0", "process_pending_decryption":"0", "process_success":"18", "total":"18"}}
{"logTime": "0613/134222", "correlationVector":"3gGuj5UVA9NUFMY52ThpYu.3","action":"ProcessGetUpdates", "result":"Done", "context":{"dataType":"Sessions", "deleted":"231", "process_failed_to_decrypt":"0", "process_pending_decryption":"0", "process_success":"231", "total":"231"}}
{"logTime": "0613/134222", "correlationVector":"3gGuj5UVA9NUFMY52ThpYu.4","action":"ProcessGetUpdates", "result":"Done", "context":{"dataType":"Edge Hub App Usage", "deleted":"0", "process_failed_to_decrypt":"0", "process_pending_decryption":"0", "process_success":"1", "total":"1"}}
{"logTime": "0613/134222", "correlationVector":"3gGuj5UVA9NUFMY52ThpYu.5","action":"GetUpdates Response", "result":"Success", "context":Received 250 update(s). cV=3gGuj5UVA9NUFMY52ThpYu.0;server=akswtt11400001s;cloudType=Consumer;environment=Prod_japanwest_prod-s01-066-apac-japanwest;migrationStage=NotStarted Some updates remain.}
{"logTime": "0613/134222", "correlationVector":"IMszve4cyWkAdt6q6TSB+Y","action":"Initial GetUpdates", "result":"", "context":Reason: NEWLY_SUPPORTED_DATATYPE. cV=IMszve4cyWkAdt6q6TSB+Y}
{"logTime": "0613/134223", "correlationVector":"IMszve4cyWkAdt6q6TSB+Y.1","action":"SyncServerConnectionManagerRequest", "result":"SYNC_SERVER_OK", "context":{"environment":"Prod_japanwest_prod-s01-066-apac-japanwest", "migrationStage":"NotStarted", "server":"akswtt114000005"}}
{"logTime": "0613/134223", "correlationVector":"IMszve4cyWkAdt6q6TSB+Y.2","action":"ProcessGetUpdates", "result":"Done", "context":{"dataType":"Autofill Profiles", "deleted":"1", "process_failed_to_decrypt":"0", "process_pending_decryption":"0", "process_success":"1", "total":"1"}}
{"logTime": "0613/134223", "correlationVector":"IMszve4cyWkAdt6q6TSB+Y.3","action":"ProcessGetUpdates", "result":"Done", "context":{"dataType":"Autofill", "deleted":"0", "process_failed_to_decrypt":"0", "process_pending_decryption":"0", "process_success":"8", "total":"8"}}
{"logTime": "0613/134223", "correlationVector":"IMszve4cyWkAdt6q6TSB+Y.4","action":"ProcessGetUpdates", "result":"Done", "context":{"dataType":"Sessions", "deleted":"208", "process_failed_to_decrypt":"0", "process_pending_decryption":"0", "process_success":"208", "total":"208"}}
{"logTime": "0613/134223", "correlationVector":"IMszve4cyWkAdt6q6TSB+Y.5","action":"ProcessGetUpdates", "result":"Done", "context":{"dataType":"History Delete Directives", "deleted":"0", "process_failed_to_decrypt":"0", "process_pending_decryption":"0", "process_success":"33", "total":"33"}}
{"logTime": "0613/134223", "correlationVector":"IMszve4cyWkAdt6q6TSB+Y.6","action":"GetUpdates Response", "result":"Success", "context":Received 250 update(s). cV=IMszve4cyWkAdt6q6TSB+Y.0;server=akswtt114000005;cloudType=Consumer;environment=Prod_japanwest_prod-s01-066-apac-japanwest;migrationStage=NotStarted Some updates remain.}
{"logTime": "0613/134223", "correlationVector":"5Jnx+m137hBJ9ZWMxjCLP9","action":"Initial GetUpdates", "result":"", "context":Reason: NEWLY_SUPPORTED_DATATYPE. cV=5Jnx+m137hBJ9ZWMxjCLP9}
{"logTime": "0613/134223", "correlationVector":"5Jnx+m137hBJ9ZWMxjCLP9.1","action":"SyncServerConnectionManagerRequest", "result":"SYNC_SERVER_OK", "context":{"environment":"Prod_japanwest_prod-s01-066-apac-japanwest", "migrationStage":"NotStarted", "server":"akswtt11400001q"}}
{"logTime": "0613/134223", "correlationVector":"5Jnx+m137hBJ9ZWMxjCLP9.2","action":"ProcessGetUpdates", "result":"Done", "context":{"dataType":"Autofill Profiles", "deleted":"1", "process_failed_to_decrypt":"0", "process_pending_decryption":"0", "process_success":"2", "total":"2"}}
{"logTime": "0613/134223", "correlationVector":"5Jnx+m137hBJ9ZWMxjCLP9.3","action":"ProcessGetUpdates", "result":"Done", "context":{"dataType":"Autofill", "deleted":"0", "process_failed_to_decrypt":"0", "process_pending_decryption":"0", "process_success":"42", "total":"42"}}
{"logTime": "0613/134223", "correlationVector":"5Jnx+m137hBJ9ZWMxjCLP9.4","action":"ProcessGetUpdates", "result":"Done", "context":{"dataType":"Sessions", "deleted":"76", "process_failed_to_decrypt":"0", "process_pending_decryption":"0", "process_success":"89", "total":"89"}}
{"logTime": "0613/134223", "correlationVector":"5Jnx+m137hBJ9ZWMxjCLP9.5","action":"ProcessGetUpdates", "result":"Done", "context":{"dataType":"History Delete Directives", "deleted":"0", "process_failed_to_decrypt":"0", "process_pending_decryption":"0", "process_success":"107", "total":"107"}}
{"logTime": "0613/134223", "correlationVector":"5Jnx+m137hBJ9ZWMxjCLP9.6","action":"ProcessGetUpdates", "result":"Done", "context":{"dataType":"Edge Hub App Usage", "deleted":"0", "process_failed_to_decrypt":"0", "process_pending_decryption":"0", "process_success":"1", "total":"1"}}
{"logTime": "0613/134223", "correlationVector":"5Jnx+m137hBJ9ZWMxjCLP9.7","action":"GetUpdates Response", "result":"Success", "context":Received 241 update(s). cV=5Jnx+m137hBJ9ZWMxjCLP9.0;server=akswtt11400001q;cloudType=Consumer;environment=Prod_japanwest_prod-s01-066-apac-japanwest;migrationStage=NotStarted}
{"logTime": "0613/134223", "correlationVector":"+en4qoE1Gb5aoCppcPmYbF","action":"Initial GetUpdates", "result":"", "context":Reason: NEWLY_SUPPORTED_DATATYPE. cV=+en4qoE1Gb5aoCppcPmYbF}
{"logTime": "0613/134223", "correlationVector":"+en4qoE1Gb5aoCppcPmYbF.1","action":"SyncServerConnectionManagerRequest", "result":"SYNC_SERVER_OK", "context":{"environment":"Prod_japanwest_prod-s01-066-apac-japanwest", "migrationStage":"NotStarted", "server":"akswtt11400001m"}}
{"logTime": "0613/134223", "correlationVector":"+en4qoE1Gb5aoCppcPmYbF.2","action":"ProcessGetUpdates", "result":"Done", "context":{"dataType":"History", "deleted":"0", "process_failed_to_decrypt":"0", "process_pending_decryption":"0", "process_success":"250", "total":"250"}}
{"logTime": "0613/134223", "correlationVector":"+en4qoE1Gb5aoCppcPmYbF.3","action":"GetUpdates Response", "result":"Success", "context":Received 250 update(s). cV=+en4qoE1Gb5aoCppcPmYbF.0;server=akswtt11400001m;cloudType=Consumer;environment=Prod_japanwest_prod-s01-066-apac-japanwest;migrationStage=NotStarted Some updates remain.}
{"logTime": "0613/134223", "correlationVector":"aGKnrlj+JwdYUC6Nqc+w+b","action":"Initial GetUpdates", "result":"", "context":Reason: NEWLY_SUPPORTED_DATATYPE. cV=aGKnrlj+JwdYUC6Nqc+w+b}
{"logTime": "0613/134223", "correlationVector":"aGKnrlj+JwdYUC6Nqc+w+b.1","action":"SyncServerConnectionManagerRequest", "result":"SYNC_SERVER_OK", "context":{"environment":"Prod_japanwest_prod-s01-066-apac-japanwest", "migrationStage":"NotStarted", "server":"akswtt11400001f"}}
{"logTime": "0613/134223", "correlationVector":"aGKnrlj+JwdYUC6Nqc+w+b.2","action":"ProcessGetUpdates", "result":"Done", "context":{"dataType":"History", "deleted":"0", "process_failed_to_decrypt":"0", "process_pending_decryption":"0", "process_success":"250", "total":"250"}}
{"logTime": "0613/134223", "correlationVector":"aGKnrlj+JwdYUC6Nqc+w+b.3","action":"GetUpdates Response", "result":"Success", "context":Received 250 update(s). cV=aGKnrlj+JwdYUC6Nqc+w+b.0;server=akswtt11400001f;cloudType=Consumer;environment=Prod_japanwest_prod-s01-066-apac-japanwest;migrationStage=NotStarted Some updates remain.}
{"logTime": "0613/134223", "correlationVector":"85fb7Ut3nPQ/xXSo2T7xbJ","action":"Initial GetUpdates", "result":"", "context":Reason: NEWLY_SUPPORTED_DATATYPE. cV=85fb7Ut3nPQ/xXSo2T7xbJ}
{"logTime": "0613/134224", "correlationVector":"85fb7Ut3nPQ/xXSo2T7xbJ.1","action":"SyncServerConnectionManagerRequest", "result":"SYNC_SERVER_OK", "context":{"environment":"Prod_japanwest_prod-s01-066-apac-japanwest", "migrationStage":"NotStarted", "server":"akswtt114000005"}}
{"logTime": "0613/134224", "correlationVector":"85fb7Ut3nPQ/xXSo2T7xbJ.2","action":"ProcessGetUpdates", "result":"Done", "context":{"dataType":"History", "deleted":"0", "process_failed_to_decrypt":"0", "process_pending_decryption":"0", "process_success":"250", "total":"250"}}
{"logTime": "0613/134224", "correlationVector":"85fb7Ut3nPQ/xXSo2T7xbJ.3","action":"GetUpdates Response", "result":"Success", "context":Received 250 update(s). cV=85fb7Ut3nPQ/xXSo2T7xbJ.0;server=akswtt114000005;cloudType=Consumer;environment=Prod_japanwest_prod-s01-066-apac-japanwest;migrationStage=NotStarted Some updates remain.}
{"logTime": "0613/134224", "correlationVector":"xg4XGvR0PUPtViywWfx8v+","action":"Initial GetUpdates", "result":"", "context":Reason: NEWLY_SUPPORTED_DATATYPE. cV=xg4XGvR0PUPtViywWfx8v+}
{"logTime": "0613/134224", "correlationVector":"xg4XGvR0PUPtViywWfx8v+.1","action":"SyncServerConnectionManagerRequest", "result":"SYNC_SERVER_OK", "context":{"environment":"Prod_japanwest_prod-s01-066-apac-japanwest", "migrationStage":"NotStarted", "server":"akswtt11400001m"}}
{"logTime": "0613/134224", "correlationVector":"xg4XGvR0PUPtViywWfx8v+.2","action":"ProcessGetUpdates", "result":"Done", "context":{"dataType":"History", "deleted":"0", "process_failed_to_decrypt":"0", "process_pending_decryption":"0", "process_success":"250", "total":"250"}}
{"logTime": "0613/134224", "correlationVector":"xg4XGvR0PUPtViywWfx8v+.3","action":"GetUpdates Response", "result":"Success", "context":Received 250 update(s). cV=xg4XGvR0PUPtViywWfx8v+.0;server=akswtt11400001m;cloudType=Consumer;environment=Prod_japanwest_prod-s01-066-apac-japanwest;migrationStage=NotStarted Some updates remain.}
{"logTime": "0613/134224", "correlationVector":"g1mebS3xzz+NcWf2n2f2rM","action":"Initial GetUpdates", "result":"", "context":Reason: NEWLY_SUPPORTED_DATATYPE. cV=g1mebS3xzz+NcWf2n2f2rM}
{"logTime": "0613/134224", "correlationVector":"g1mebS3xzz+NcWf2n2f2rM.1","action":"SyncServerConnectionManagerRequest", "result":"SYNC_SERVER_OK", "context":{"environment":"Prod_japanwest_prod-s01-066-apac-japanwest", "migrationStage":"NotStarted", "server":"akswtt11400001q"}}
{"logTime": "0613/134224", "correlationVector":"g1mebS3xzz+NcWf2n2f2rM.2","action":"ProcessGetUpdates", "result":"Done", "context":{"dataType":"History", "deleted":"0", "process_failed_to_decrypt":"0", "process_pending_decryption":"0", "process_success":"250", "total":"250"}}
{"logTime": "0613/134224", "correlationVector":"g1mebS3xzz+NcWf2n2f2rM.3","action":"GetUpdates Response", "result":"Success", "context":Received 250 update(s). cV=g1mebS3xzz+NcWf2n2f2rM.0;server=akswtt11400001q;cloudType=Consumer;environment=Prod_japanwest_prod-s01-066-apac-japanwest;migrationStage=NotStarted Some updates remain.}
{"logTime": "0613/134224", "correlationVector":"qhXClrAk/Z9ZN+xxxaniPM","action":"Initial GetUpdates", "result":"", "context":Reason: NEWLY_SUPPORTED_DATATYPE. cV=qhXClrAk/Z9ZN+xxxaniPM}
{"logTime": "0613/134225", "correlationVector":"qhXClrAk/Z9ZN+xxxaniPM.1","action":"SyncServerConnectionManagerRequest", "result":"SYNC_SERVER_OK", "context":{"environment":"Prod_japanwest_prod-s01-066-apac-japanwest", "migrationStage":"NotStarted", "server":"akswtt11400001j"}}
{"logTime": "0613/134225", "correlationVector":"qhXClrAk/Z9ZN+xxxaniPM.2","action":"ProcessGetUpdates", "result":"Done", "context":{"dataType":"History", "deleted":"0", "process_failed_to_decrypt":"0", "process_pending_decryption":"0", "process_success":"250", "total":"250"}}
{"logTime": "0613/134225", "correlationVector":"qhXClrAk/Z9ZN+xxxaniPM.3","action":"GetUpdates Response", "result":"Success", "context":Received 250 update(s). cV=qhXClrAk/Z9ZN+xxxaniPM.0;server=akswtt11400001j;cloudType=Consumer;environment=Prod_japanwest_prod-s01-066-apac-japanwest;migrationStage=NotStarted Some updates remain.}
{"logTime": "0613/134225", "correlationVector":"mc4lAOfR66C7VepA2Wja5F","action":"Initial GetUpdates", "result":"", "context":Reason: NEWLY_SUPPORTED_DATATYPE. cV=mc4lAOfR66C7VepA2Wja5F}
{"logTime": "0613/134225", "correlationVector":"mc4lAOfR66C7VepA2Wja5F.1","action":"SyncServerConnectionManagerRequest", "result":"SYNC_SERVER_OK", "context":{"environment":"Prod_japanwest_prod-s01-066-apac-japanwest", "migrationStage":"NotStarted", "server":"akswtt11400002b"}}
{"logTime": "0613/134225", "correlationVector":"mc4lAOfR66C7VepA2Wja5F.2","action":"ProcessGetUpdates", "result":"Done", "context":{"dataType":"History", "deleted":"0", "process_failed_to_decrypt":"0", "process_pending_decryption":"0", "process_success":"250", "total":"250"}}
{"logTime": "0613/134225", "correlationVector":"mc4lAOfR66C7VepA2Wja5F.3","action":"GetUpdates Response", "result":"Success", "context":Received 250 update(s). cV=mc4lAOfR66C7VepA2Wja5F.0;server=akswtt11400002b;cloudType=Consumer;environment=Prod_japanwest_prod-s01-066-apac-japanwest;migrationStage=NotStarted Some updates remain.}
{"logTime": "0613/134225", "correlationVector":"NO/8/o307wX+n83P6fHZzp","action":"Initial GetUpdates", "result":"", "context":Reason: NEWLY_SUPPORTED_DATATYPE. cV=NO/8/o307wX+n83P6fHZzp}
{"logTime": "0613/134225", "correlationVector":"NO/8/o307wX+n83P6fHZzp.1","action":"SyncServerConnectionManagerRequest", "result":"SYNC_SERVER_OK", "context":{"environment":"Prod_japanwest_prod-s01-066-apac-japanwest", "migrationStage":"NotStarted", "server":"akswtt114000027"}}
{"logTime": "0613/134225", "correlationVector":"NO/8/o307wX+n83P6fHZzp.2","action":"ProcessGetUpdates", "result":"Done", "context":{"dataType":"History", "deleted":"0", "process_failed_to_decrypt":"0", "process_pending_decryption":"0", "process_success":"250", "total":"250"}}
{"logTime": "0613/134225", "correlationVector":"NO/8/o307wX+n83P6fHZzp.3","action":"GetUpdates Response", "result":"Success", "context":Received 250 update(s). cV=NO/8/o307wX+n83P6fHZzp.0;server=akswtt114000027;cloudType=Consumer;environment=Prod_japanwest_prod-s01-066-apac-japanwest;migrationStage=NotStarted Some updates remain.}
{"logTime": "0613/134225", "correlationVector":"hTJEpjtL1I7JSEw0Qpvm85","action":"Initial GetUpdates", "result":"", "context":Reason: NEWLY_SUPPORTED_DATATYPE. cV=hTJEpjtL1I7JSEw0Qpvm85}
{"logTime": "0613/134225", "correlationVector":"hTJEpjtL1I7JSEw0Qpvm85.1","action":"SyncServerConnectionManagerRequest", "result":"SYNC_SERVER_OK", "context":{"environment":"Prod_japanwest_prod-s01-066-apac-japanwest", "migrationStage":"NotStarted", "server":"akswtt11400001q"}}
{"logTime": "0613/134225", "correlationVector":"hTJEpjtL1I7JSEw0Qpvm85.2","action":"ProcessGetUpdates", "result":"Done", "context":{"dataType":"History", "deleted":"0", "process_failed_to_decrypt":"0", "process_pending_decryption":"0", "process_success":"250", "total":"250"}}
{"logTime": "0613/134225", "correlationVector":"hTJEpjtL1I7JSEw0Qpvm85.3","action":"GetUpdates Response", "result":"Success", "context":Received 250 update(s). cV=hTJEpjtL1I7JSEw0Qpvm85.0;server=akswtt11400001q;cloudType=Consumer;environment=Prod_japanwest_prod-s01-066-apac-japanwest;migrationStage=NotStarted Some updates remain.}
{"logTime": "0613/134225", "correlationVector":"TG0NUl2J/VclxchJMnsTfh","action":"Initial GetUpdates", "result":"", "context":Reason: NEWLY_SUPPORTED_DATATYPE. cV=TG0NUl2J/VclxchJMnsTfh}
{"logTime": "0613/134226", "correlationVector":"TG0NUl2J/VclxchJMnsTfh.1","action":"SyncServerConnectionManagerRequest", "result":"SYNC_SERVER_OK", "context":{"environment":"Prod_japanwest_prod-s01-066-apac-japanwest", "migrationStage":"NotStarted", "server":"akswtt11400001m"}}
{"logTime": "0613/134226", "correlationVector":"TG0NUl2J/VclxchJMnsTfh.2","action":"ProcessGetUpdates", "result":"Done", "context":{"dataType":"History", "deleted":"0", "process_failed_to_decrypt":"0", "process_pending_decryption":"0", "process_success":"250", "total":"250"}}
{"logTime": "0613/134226", "correlationVector":"TG0NUl2J/VclxchJMnsTfh.3","action":"GetUpdates Response", "result":"Success", "context":Received 250 update(s). cV=TG0NUl2J/VclxchJMnsTfh.0;server=akswtt11400001m;cloudType=Consumer;environment=Prod_japanwest_prod-s01-066-apac-japanwest;migrationStage=NotStarted Some updates remain.}
{"logTime": "0613/134226", "correlationVector":"LSiLYWav+J3T1leCqf2yJZ","action":"Initial GetUpdates", "result":"", "context":Reason: NEWLY_SUPPORTED_DATATYPE. cV=LSiLYWav+J3T1leCqf2yJZ}
{"logTime": "0613/134226", "correlationVector":"LSiLYWav+J3T1leCqf2yJZ.1","action":"SyncServerConnectionManagerRequest", "result":"SYNC_SERVER_OK", "context":{"environment":"Prod_japanwest_prod-s01-066-apac-japanwest", "migrationStage":"NotStarted", "server":"akswtt11400001g"}}
{"logTime": "0613/134226", "correlationVector":"LSiLYWav+J3T1leCqf2yJZ.2","action":"ProcessGetUpdates", "result":"Done", "context":{"dataType":"History", "deleted":"0", "process_failed_to_decrypt":"0", "process_pending_decryption":"0", "process_success":"250", "total":"250"}}
{"logTime": "0613/134226", "correlationVector":"LSiLYWav+J3T1leCqf2yJZ.3","action":"GetUpdates Response", "result":"Success", "context":Received 250 update(s). cV=LSiLYWav+J3T1leCqf2yJZ.0;server=akswtt11400001g;cloudType=Consumer;environment=Prod_japanwest_prod-s01-066-apac-japanwest;migrationStage=NotStarted Some updates remain.}
{"logTime": "0613/134226", "correlationVector":"HIAQQ5B3m29XBYAILPcUVn","action":"Initial GetUpdates", "result":"", "context":Reason: NEWLY_SUPPORTED_DATATYPE. cV=HIAQQ5B3m29XBYAILPcUVn}
{"logTime": "0613/134226", "correlationVector":"HIAQQ5B3m29XBYAILPcUVn.1","action":"SyncServerConnectionManagerRequest", "result":"SYNC_SERVER_OK", "context":{"environment":"Prod_japanwest_prod-s01-066-apac-japanwest", "migrationStage":"NotStarted", "server":"akswtt114000029"}}
{"logTime": "0613/134226", "correlationVector":"HIAQQ5B3m29XBYAILPcUVn.2","action":"ProcessGetUpdates", "result":"Done", "context":{"dataType":"History", "deleted":"82", "process_failed_to_decrypt":"0", "process_pending_decryption":"0", "process_success":"250", "total":"250"}}
{"logTime": "0613/134226", "correlationVector":"HIAQQ5B3m29XBYAILPcUVn.3","action":"GetUpdates Response", "result":"Success", "context":Received 250 update(s). cV=HIAQQ5B3m29XBYAILPcUVn.0;server=akswtt114000029;cloudType=Consumer;environment=Prod_japanwest_prod-s01-066-apac-japanwest;migrationStage=NotStarted Some updates remain.}
{"logTime": "0613/134226", "correlationVector":"JIZUqYv8iRNpVNiROFN76u","action":"Initial GetUpdates", "result":"", "context":Reason: NEWLY_SUPPORTED_DATATYPE. cV=JIZUqYv8iRNpVNiROFN76u}
{"logTime": "0613/134227", "correlationVector":"JIZUqYv8iRNpVNiROFN76u.1","action":"SyncServerConnectionManagerRequest", "result":"SYNC_SERVER_OK", "context":{"environment":"Prod_japanwest_prod-s01-066-apac-japanwest", "migrationStage":"NotStarted", "server":"akswtt114000027"}}
{"logTime": "0613/134227", "correlationVector":"JIZUqYv8iRNpVNiROFN76u.2","action":"ProcessGetUpdates", "result":"Done", "context":{"dataType":"History", "deleted":"0", "process_failed_to_decrypt":"0", "process_pending_decryption":"0", "process_success":"250", "total":"250"}}
{"logTime": "0613/134227", "correlationVector":"JIZUqYv8iRNpVNiROFN76u.3","action":"GetUpdates Response", "result":"Success", "context":Received 250 update(s). cV=JIZUqYv8iRNpVNiROFN76u.0;server=akswtt114000027;cloudType=Consumer;environment=Prod_japanwest_prod-s01-066-apac-japanwest;migrationStage=NotStarted Some updates remain.}
{"logTime": "0613/134227", "correlationVector":"rGIDubhe48HoRdFMJG/Po7","action":"Initial GetUpdates", "result":"", "context":Reason: NEWLY_SUPPORTED_DATATYPE. cV=rGIDubhe48HoRdFMJG/Po7}
{"logTime": "0613/134227", "correlationVector":"rGIDubhe48HoRdFMJG/Po7.1","action":"SyncServerConnectionManagerRequest", "result":"SYNC_SERVER_OK", "context":{"environment":"Prod_japanwest_prod-s01-066-apac-japanwest", "migrationStage":"NotStarted", "server":"akswtt11400001f"}}
{"logTime": "0613/134227", "correlationVector":"rGIDubhe48HoRdFMJG/Po7.2","action":"ProcessGetUpdates", "result":"Done", "context":{"dataType":"History", "deleted":"0", "process_failed_to_decrypt":"0", "process_pending_decryption":"0", "process_success":"250", "total":"250"}}
{"logTime": "0613/134227", "correlationVector":"rGIDubhe48HoRdFMJG/Po7.3","action":"GetUpdates Response", "result":"Success", "context":Received 250 update(s). cV=rGIDubhe48HoRdFMJG/Po7.0;server=akswtt11400001f;cloudType=Consumer;environment=Prod_japanwest_prod-s01-066-apac-japanwest;migrationStage=NotStarted Some updates remain.}
{"logTime": "0613/134227", "correlationVector":"8F+cKyfv2r4qglImcLiU4C","action":"Initial GetUpdates", "result":"", "context":Reason: NEWLY_SUPPORTED_DATATYPE. cV=8F+cKyfv2r4qglImcLiU4C}
{"logTime": "0613/134227", "correlationVector":"8F+cKyfv2r4qglImcLiU4C.1","action":"SyncServerConnectionManagerRequest", "result":"SYNC_SERVER_OK", "context":{"environment":"Prod_japanwest_prod-s01-066-apac-japanwest", "migrationStage":"NotStarted", "server":"akswtt11400001f"}}
{"logTime": "0613/134227", "correlationVector":"8F+cKyfv2r4qglImcLiU4C.2","action":"ProcessGetUpdates", "result":"Done", "context":{"dataType":"History", "deleted":"0", "process_failed_to_decrypt":"0", "process_pending_decryption":"0", "process_success":"83", "total":"83"}}
{"logTime": "0613/134227", "correlationVector":"8F+cKyfv2r4qglImcLiU4C.3","action":"GetUpdates Response", "result":"Success", "context":Received 83 update(s). cV=8F+cKyfv2r4qglImcLiU4C.0;server=akswtt11400001f;cloudType=Consumer;environment=Prod_japanwest_prod-s01-066-apac-japanwest;migrationStage=NotStarted}
{"logTime": "0613/134227", "correlationVector":"KDeehZXcsnkgenQ+5gYElL","action":"Normal GetUpdate request", "result":"", "context":cV=KDeehZXcsnkgenQ+5gYElL
Nudged types: Sessions, Device Info, User Consents
Refresh requested types: Bookmarks, Preferences, Passwords, Autofill Profiles, Autofill, Extensions, Sessions, Extension settings, History Delete Directives, Device Info, User Consents, Send Tab To Self, Web Apps, History, Saved Tab Group, WebAuthn Credentials, Edge E Drop, Edge Hub App Usage, Edge Wallet, Edge Workspace, Encryption Keys}
{"logTime": "0613/134227", "correlationVector":"KDeehZXcsnkgenQ+5gYElL.1","action":"SyncServerConnectionManagerRequest", "result":"SYNC_SERVER_OK", "context":{"environment":"Prod_japanwest_prod-s01-066-apac-japanwest", "migrationStage":"NotStarted", "server":"akswtt11400001u"}}
{"logTime": "0613/134227", "correlationVector":"KDeehZXcsnkgenQ+5gYElL.2","action":"GetUpdates Response", "result":"Success", "context":Received 0 update(s). cV=KDeehZXcsnkgenQ+5gYElL.0;server=akswtt11400001u;cloudType=Consumer;environment=Prod_japanwest_prod-s01-066-apac-japanwest;migrationStage=NotStarted}
{"logTime": "0613/134227", "correlationVector":"veDOvBp3Zu0kjAtMMm2Z0m","action":"DoCompareDataConsistency requsted types: ", "result":"Bookmarks, Preferences, Passwords, Extensions, Extension settings, History Delete Directives, Send Tab To Self, Web Apps, History, Saved Tab Group, WebAuthn Credentials, Edge E Drop, Edge Wallet, Edge Workspace, Encryption Keys"}
{"logTime": "0613/134227", "correlationVector":"veDOvBp3Zu0kjAtMMm2Z0m.0","action":"CompareDataConsistency result: ", "result":"Compare result: Encryption Keys is consistent. local entities count is: 1 local entities hash is: Hgui5D6yYsjknASlDTIuGXxm+y0="}
{"logTime": "0613/134227", "correlationVector":"veDOvBp3Zu0kjAtMMm2Z0m.1","action":"CompareDataConsistency result: ", "result":"Compare result: Bookmarks is consistent. local entities count is: 10 local entities hash is: y/pW84yJ2lm+77Anoy0c3GE7aQo="}
{"logTime": "0613/134227", "correlationVector":"veDOvBp3Zu0kjAtMMm2Z0m.2","action":"CompareDataConsistency result: ", "result":"Compare result: Preferences is consistent. local entities count is: 67 local entities hash is: 8+KHX2SSnqOvPLqQrouJCKkYRL0="}
{"logTime": "0613/134227", "correlationVector":"veDOvBp3Zu0kjAtMMm2Z0m.3","action":"CompareDataConsistency result: ", "result":"Compare result: Extensions is consistent. local entities count is: 0 local entities hash is: "}
{"logTime": "0613/134227", "correlationVector":"veDOvBp3Zu0kjAtMMm2Z0m.4","action":"CompareDataConsistency result: ", "result":"Compare result: Extension settings is consistent. local entities count is: 0 local entities hash is: "}
{"logTime": "0613/134227", "correlationVector":"veDOvBp3Zu0kjAtMMm2Z0m.5","action":"CompareDataConsistency result: ", "result":"Compare result: History Delete Directives is inconsistent. server entities count is: 140 server entities hash is: c2sJLH5G/fxzW3EYjwNxRtL110Y= local entities count is: 0 local entities hash is: "}
{"logTime": "0613/134227", "correlationVector":"veDOvBp3Zu0kjAtMMm2Z0m.6","action":"CompareDataConsistency result: ", "result":"Server did not send this Send Tab To Self local entities count is: 0 local entities hash is: "}
{"logTime": "0613/134227", "correlationVector":"veDOvBp3Zu0kjAtMMm2Z0m.7","action":"CompareDataConsistency result: ", "result":"Compare result: Web Apps is consistent. local entities count is: 3 local entities hash is: JM7WC/s/VzwR5g1lU31Bqpx4dVI="}
{"logTime": "0613/134227", "correlationVector":"veDOvBp3Zu0kjAtMMm2Z0m.8","action":"CompareDataConsistency result: ", "result":"Server did not send this History local entities count is: 0 local entities hash is: "}
{"logTime": "0613/134227", "correlationVector":"veDOvBp3Zu0kjAtMMm2Z0m.9","action":"CompareDataConsistency result: ", "result":"Compare result: Saved Tab Group is consistent. local entities count is: 0 local entities hash is: "}
{"logTime": "0613/134227", "correlationVector":"veDOvBp3Zu0kjAtMMm2Z0m.10","action":"CompareDataConsistency result: ", "result":"Server did not send this WebAuthn Credentials local entities count is: 0 local entities hash is: "}
{"logTime": "0613/134227", "correlationVector":"veDOvBp3Zu0kjAtMMm2Z0m.11","action":"CompareDataConsistency result: ", "result":"Compare result: Edge E Drop is consistent. local entities count is: 0 local entities hash is: "}
{"logTime": "0613/134227", "correlationVector":"veDOvBp3Zu0kjAtMMm2Z0m.12","action":"CompareDataConsistency result: ", "result":"Compare result: Edge Wallet is consistent. local entities count is: 0 local entities hash is: "}
{"logTime": "0613/134227", "correlationVector":"veDOvBp3Zu0kjAtMMm2Z0m.13","action":"CompareDataConsistency result: ", "result":"Server did not send this Edge Workspace local entities count is: 0 local entities hash is: "}
{"logTime": "0613/134227", "correlationVector":"veDOvBp3Zu0kjAtMMm2Z0m.14","action":"CompareDataConsistency result: ", "result":"Compare result: Passwords is consistent. local entities count is: 6 local entities hash is: bIF18NsvYqLPwClieO+z19DfFf8="}
{"logTime": "0613/134227", "correlationVector":"mZD5sowwV6BWhkW013nEll","action":"Commit Request", "result":"", "context":Item count: 4
Contributing types: Sessions, Device Info, User Consents}
{"logTime": "0613/134227", "correlationVector":"mZD5sowwV6BWhkW013nEll.1","action":"SyncServerConnectionManagerRequest", "result":"SYNC_SERVER_OK", "context":{"environment":"Prod_japanwest_prod-s01-066-apac-japanwest", "migrationStage":"NotStarted", "server":"akswtt11400001e"}}
{"logTime": "0613/134227", "correlationVector":"mZD5sowwV6BWhkW013nEll.2","action":"Commit Response", "result":"Success", "context":Result: Success. cV=mZD5sowwV6BWhkW013nEll.0;server=akswtt11400001e;cloudType=Consumer;environment=Prod_japanwest_prod-s01-066-apac-japanwest;migrationStage=NotStarted}
{"logTime": "0613/134227", "correlationVector":"","action":"DIAGNOSTIC_REQUEST|v1/diagnosticData/Diagnostic.SendCheckResult()|SUCCESS", "result":""}
