{"logTime": "0618/021921", "correlationVector":"q379fs3zspGcrLI6z1nuLe.1","action":"SyncServerConnectionManagerRequest", "result":"SYNC_SERVER_OK", "context":{"environment":"Prod_japanwest_prod-s01-066-apac-japanwest", "migrationStage":"NotStarted", "server":"akswtt11400001q"}}
{"logTime": "0618/021921", "correlationVector":"q379fs3zspGcrLI6z1nuLe.2","action":"ProcessGetUpdates", "result":"Done", "context":{"dataType":"Encryption Keys", "deleted":"0", "process_failed_to_decrypt":"0", "process_pending_decryption":"0", "process_success":"1", "total":"1"}}
{"logTime": "0618/021922", "correlationVector":"94peBSA4up2iSElNWJT3TO","action":"SyncServerConnectionManagerRequest", "result":"SYNC_SERVER_OK", "context":{"environment":"", "migrationStage":"", "server":""}}
{"logTime": "0618/021922", "correlationVector":"94peBSA4up2iSElNWJT3TO.0","action":"EncryptionKeysFetcher.DownloadKeys:", "result":"Success", "context":Key count: 3, Last key timestamp: 2026-04-27T01:33:12Z}
{"logTime": "0618/021922", "correlationVector":"94peBSA4up2iSElNWJT3TO.1","action":"EncryptionKeysManager::SetEncryptionKeys:", "result":"Success", "context":Key names[3]:[XdeRUxKHJs1GziK3Hfwhsynma2cUZ7TL9H4pK1DjsiqXbsfE4qxKHC/YZAG5unPWashRkzKrvNQ8Bg9IXwPmYg==][qYr83TD83AFJqG/WXdjfNCK+ihqpUMbeDHt8gsCblupOrdpzc9dVRBIFJVaoJg0/pkzYSRFzVqiKowLDuvOjZg==][mQhywhAh8Wq3um1JfpWrjAwOUO5PDeUDGzpPG9hi/MJ9NLRvxe/HEK7nOlcb1bNjP1WhVU5BnAcK8pvNJebATA==]}
{"logTime": "0618/021922", "correlationVector":"94peBSA4up2iSElNWJT3TO.2","action":"EncryptionKeysManager::SetEncryptionKeysWithTimestamps:", "result":"Success", "context":Key timestamps[3]:[2025-08-20T08:54:58Z][2025-10-17T05:22:42Z][2026-04-27T01:33:12Z]}
{"logTime": "0618/021922", "correlationVector":"q379fs3zspGcrLI6z1nuLe","action":"Initial GetUpdates", "result":"", "context":Reason: NEW_CLIENT. cV=q379fs3zspGcrLI6z1nuLe}
{"logTime": "0618/021922", "correlationVector":"q379fs3zspGcrLI6z1nuLe.3","action":"GetUpdates Response", "result":"Success", "context":Received 1 update(s). cV=q379fs3zspGcrLI6z1nuLe.0;server=akswtt11400001q;cloudType=Consumer;environment=Prod_japanwest_prod-s01-066-apac-japanwest;migrationStage=NotStarted}
{"logTime": "0618/021922", "correlationVector":"c4yYP3R0+w+UYHzt8L+JxB","action":"Initial GetUpdates", "result":"", "context":Reason: NEWLY_SUPPORTED_DATATYPE. cV=c4yYP3R0+w+UYHzt8L+JxB}
{"logTime": "0618/021923", "correlationVector":"c4yYP3R0+w+UYHzt8L+JxB.1","action":"SyncServerConnectionManagerRequest", "result":"SYNC_SERVER_OK", "context":{"environment":"Prod_japanwest_prod-s01-066-apac-japanwest", "migrationStage":"NotStarted", "server":"akswtt11400002l"}}
{"logTime": "0618/021923", "correlationVector":"c4yYP3R0+w+UYHzt8L+JxB.2","action":"ProcessGetUpdates", "result":"Done", "context":{"dataType":"Preferences", "deleted":"1", "process_failed_to_decrypt":"0", "process_pending_decryption":"0", "process_success":"68", "total":"68"}}
{"logTime": "0618/021923", "correlationVector":"c4yYP3R0+w+UYHzt8L+JxB.3","action":"ProcessGetUpdates", "result":"Done", "context":{"dataType":"Passwords", "deleted":"0", "process_failed_to_decrypt":"0", "process_pending_decryption":"0", "process_success":"6", "total":"6"}}
{"logTime": "0618/021923", "correlationVector":"c4yYP3R0+w+UYHzt8L+JxB.4","action":"ProcessGetUpdates", "result":"Done", "context":{"dataType":"Device Info", "deleted":"0", "process_failed_to_decrypt":"0", "process_pending_decryption":"0", "process_success":"18", "total":"18"}}
{"logTime": "0618/021923", "correlationVector":"c4yYP3R0+w+UYHzt8L+JxB.5","action":"GetUpdates Response", "result":"Success", "context":Received 92 update(s). cV=c4yYP3R0+w+UYHzt8L+JxB.0;server=akswtt11400002l;cloudType=Consumer;environment=Prod_japanwest_prod-s01-066-apac-japanwest;migrationStage=NotStarted}
{"logTime": "0618/021923", "correlationVector":"7y+sFMoF9rJtDKy5jNi3kI","action":"Initial GetUpdates", "result":"", "context":Reason: NEWLY_SUPPORTED_DATATYPE. cV=7y+sFMoF9rJtDKy5jNi3kI}
{"logTime": "0618/021923", "correlationVector":"7y+sFMoF9rJtDKy5jNi3kI.1","action":"SyncServerConnectionManagerRequest", "result":"SYNC_SERVER_OK", "context":{"environment":"Prod_japanwest_prod-s01-066-apac-japanwest", "migrationStage":"NotStarted", "server":"akswtt114000026"}}
{"logTime": "0618/021923", "correlationVector":"7y+sFMoF9rJtDKy5jNi3kI.2","action":"ProcessGetUpdates", "result":"Done", "context":{"dataType":"Bookmarks", "deleted":"2", "process_failed_to_decrypt":"0", "process_pending_decryption":"0", "process_success":"18", "total":"18"}}
{"logTime": "0618/021923", "correlationVector":"7y+sFMoF9rJtDKy5jNi3kI.3","action":"GetUpdates Response", "result":"Success", "context":Received 18 update(s). cV=7y+sFMoF9rJtDKy5jNi3kI.0;server=akswtt114000026;cloudType=Consumer;environment=Prod_japanwest_prod-s01-066-apac-japanwest;migrationStage=NotStarted}
{"logTime": "0618/021923", "correlationVector":"8eRo8AYSXuXc8ZMmhJeM6j","action":"Initial GetUpdates", "result":"", "context":Reason: NEWLY_SUPPORTED_DATATYPE. cV=8eRo8AYSXuXc8ZMmhJeM6j}
{"logTime": "0618/021923", "correlationVector":"8eRo8AYSXuXc8ZMmhJeM6j.1","action":"SyncServerConnectionManagerRequest", "result":"SYNC_SERVER_OK", "context":{"environment":"Prod_southeastasia_prod-s01-065-apac-southeastasia", "migrationStage":"NotStarted", "server":"akswtt00100002o"}}
{"logTime": "0618/021923", "correlationVector":"8eRo8AYSXuXc8ZMmhJeM6j.2","action":"ProcessGetUpdates", "result":"Done", "context":{"dataType":"Autofill Profiles", "deleted":"0", "process_failed_to_decrypt":"0", "process_pending_decryption":"0", "process_success":"4", "total":"4"}}
{"logTime": "0618/021923", "correlationVector":"8eRo8AYSXuXc8ZMmhJeM6j.3","action":"ProcessGetUpdates", "result":"Done", "context":{"dataType":"Autofill", "deleted":"0", "process_failed_to_decrypt":"0", "process_pending_decryption":"0", "process_success":"235", "total":"235"}}
{"logTime": "0618/021923", "correlationVector":"8eRo8AYSXuXc8ZMmhJeM6j.4","action":"ProcessGetUpdates", "result":"Done", "context":{"dataType":"Sessions", "deleted":"11", "process_failed_to_decrypt":"0", "process_pending_decryption":"0", "process_success":"11", "total":"11"}}
{"logTime": "0618/021923", "correlationVector":"8eRo8AYSXuXc8ZMmhJeM6j.5","action":"GetUpdates Response", "result":"Success", "context":Received 250 update(s). cV=8eRo8AYSXuXc8ZMmhJeM6j.0;server=akswtt00100002o;cloudType=Consumer;environment=Prod_southeastasia_prod-s01-065-apac-southeastasia;migrationStage=NotStarted Some updates remain.}
{"logTime": "0618/021923", "correlationVector":"6BYDHNf56dKl9KjYlN0yJU","action":"Initial GetUpdates", "result":"", "context":Reason: NEWLY_SUPPORTED_DATATYPE. cV=6BYDHNf56dKl9KjYlN0yJU}
{"logTime": "0618/021924", "correlationVector":"6BYDHNf56dKl9KjYlN0yJU.1","action":"SyncServerConnectionManagerRequest", "result":"SYNC_SERVER_OK", "context":{"environment":"Prod_japanwest_prod-s01-066-apac-japanwest", "migrationStage":"NotStarted", "server":"akswtt114000026"}}
{"logTime": "0618/021924", "correlationVector":"6BYDHNf56dKl9KjYlN0yJU.2","action":"ProcessGetUpdates", "result":"Done", "context":{"dataType":"Autofill", "deleted":"0", "process_failed_to_decrypt":"0", "process_pending_decryption":"0", "process_success":"194", "total":"194"}}
{"logTime": "0618/021924", "correlationVector":"6BYDHNf56dKl9KjYlN0yJU.3","action":"ProcessGetUpdates", "result":"Done", "context":{"dataType":"Sessions", "deleted":"50", "process_failed_to_decrypt":"0", "process_pending_decryption":"0", "process_success":"50", "total":"50"}}
{"logTime": "0618/021924", "correlationVector":"6BYDHNf56dKl9KjYlN0yJU.4","action":"ProcessGetUpdates", "result":"Done", "context":{"dataType":"Web Apps", "deleted":"0", "process_failed_to_decrypt":"0", "process_pending_decryption":"0", "process_success":"3", "total":"3"}}
{"logTime": "0618/021924", "correlationVector":"6BYDHNf56dKl9KjYlN0yJU.5","action":"ProcessGetUpdates", "result":"Done", "context":{"dataType":"Edge Hub App Usage", "deleted":"0", "process_failed_to_decrypt":"0", "process_pending_decryption":"0", "process_success":"3", "total":"3"}}
{"logTime": "0618/021924", "correlationVector":"6BYDHNf56dKl9KjYlN0yJU.6","action":"GetUpdates Response", "result":"Success", "context":Received 250 update(s). cV=6BYDHNf56dKl9KjYlN0yJU.0;server=akswtt114000026;cloudType=Consumer;environment=Prod_japanwest_prod-s01-066-apac-japanwest;migrationStage=NotStarted Some updates remain.}
{"logTime": "0618/021924", "correlationVector":"naCG+SBkp27Bcy7XuCywyp","action":"Initial GetUpdates", "result":"", "context":Reason: NEWLY_SUPPORTED_DATATYPE. cV=naCG+SBkp27Bcy7XuCywyp}
{"logTime": "0618/021925", "correlationVector":"naCG+SBkp27Bcy7XuCywyp.1","action":"SyncServerConnectionManagerRequest", "result":"SYNC_SERVER_OK", "context":{"environment":"Prod_japanwest_prod-s01-066-apac-japanwest", "migrationStage":"NotStarted", "server":"akswtt114000020"}}
{"logTime": "0618/021925", "correlationVector":"naCG+SBkp27Bcy7XuCywyp.2","action":"ProcessGetUpdates", "result":"Done", "context":{"dataType":"Autofill", "deleted":"0", "process_failed_to_decrypt":"0", "process_pending_decryption":"0", "process_success":"18", "total":"18"}}
{"logTime": "0618/021925", "correlationVector":"naCG+SBkp27Bcy7XuCywyp.3","action":"ProcessGetUpdates", "result":"Done", "context":{"dataType":"Sessions", "deleted":"231", "process_failed_to_decrypt":"0", "process_pending_decryption":"0", "process_success":"231", "total":"231"}}
{"logTime": "0618/021925", "correlationVector":"naCG+SBkp27Bcy7XuCywyp.4","action":"ProcessGetUpdates", "result":"Done", "context":{"dataType":"Edge Hub App Usage", "deleted":"0", "process_failed_to_decrypt":"0", "process_pending_decryption":"0", "process_success":"1", "total":"1"}}
{"logTime": "0618/021925", "correlationVector":"naCG+SBkp27Bcy7XuCywyp.5","action":"GetUpdates Response", "result":"Success", "context":Received 250 update(s). cV=naCG+SBkp27Bcy7XuCywyp.0;server=akswtt114000020;cloudType=Consumer;environment=Prod_japanwest_prod-s01-066-apac-japanwest;migrationStage=NotStarted Some updates remain.}
{"logTime": "0618/021925", "correlationVector":"nPHI+6FZ+Ivb1HbN5vre2Q","action":"Initial GetUpdates", "result":"", "context":Reason: NEWLY_SUPPORTED_DATATYPE. cV=nPHI+6FZ+Ivb1HbN5vre2Q}
{"logTime": "0618/021925", "correlationVector":"nPHI+6FZ+Ivb1HbN5vre2Q.1","action":"SyncServerConnectionManagerRequest", "result":"SYNC_SERVER_OK", "context":{"environment":"Prod_japanwest_prod-s01-066-apac-japanwest", "migrationStage":"NotStarted", "server":"akswtt11400001u"}}
{"logTime": "0618/021925", "correlationVector":"nPHI+6FZ+Ivb1HbN5vre2Q.2","action":"ProcessGetUpdates", "result":"Done", "context":{"dataType":"Autofill Profiles", "deleted":"1", "process_failed_to_decrypt":"0", "process_pending_decryption":"0", "process_success":"1", "total":"1"}}
{"logTime": "0618/021925", "correlationVector":"nPHI+6FZ+Ivb1HbN5vre2Q.3","action":"ProcessGetUpdates", "result":"Done", "context":{"dataType":"Autofill", "deleted":"0", "process_failed_to_decrypt":"0", "process_pending_decryption":"0", "process_success":"23", "total":"23"}}
{"logTime": "0618/021925", "correlationVector":"nPHI+6FZ+Ivb1HbN5vre2Q.4","action":"ProcessGetUpdates", "result":"Done", "context":{"dataType":"Sessions", "deleted":"226", "process_failed_to_decrypt":"0", "process_pending_decryption":"0", "process_success":"226", "total":"226"}}
{"logTime": "0618/021925", "correlationVector":"nPHI+6FZ+Ivb1HbN5vre2Q.5","action":"GetUpdates Response", "result":"Success", "context":Received 250 update(s). cV=nPHI+6FZ+Ivb1HbN5vre2Q.0;server=akswtt11400001u;cloudType=Consumer;environment=Prod_japanwest_prod-s01-066-apac-japanwest;migrationStage=NotStarted Some updates remain.}
{"logTime": "0618/021925", "correlationVector":"WsMRD1MWVFuOQ4p1soWtm6","action":"Initial GetUpdates", "result":"", "context":Reason: NEWLY_SUPPORTED_DATATYPE. cV=WsMRD1MWVFuOQ4p1soWtm6}
{"logTime": "0618/021925", "correlationVector":"WsMRD1MWVFuOQ4p1soWtm6.1","action":"SyncServerConnectionManagerRequest", "result":"SYNC_SERVER_OK", "context":{"environment":"Prod_japanwest_prod-s01-066-apac-japanwest", "migrationStage":"NotStarted", "server":"akswtt11400001m"}}
{"logTime": "0618/021925", "correlationVector":"WsMRD1MWVFuOQ4p1soWtm6.2","action":"ProcessGetUpdates", "result":"Done", "context":{"dataType":"Autofill Profiles", "deleted":"1", "process_failed_to_decrypt":"0", "process_pending_decryption":"0", "process_success":"2", "total":"2"}}
{"logTime": "0618/021925", "correlationVector":"WsMRD1MWVFuOQ4p1soWtm6.3","action":"ProcessGetUpdates", "result":"Done", "context":{"dataType":"Autofill", "deleted":"0", "process_failed_to_decrypt":"0", "process_pending_decryption":"0", "process_success":"27", "total":"27"}}
{"logTime": "0618/021925", "correlationVector":"WsMRD1MWVFuOQ4p1soWtm6.4","action":"ProcessGetUpdates", "result":"Done", "context":{"dataType":"Sessions", "deleted":"58", "process_failed_to_decrypt":"0", "process_pending_decryption":"0", "process_success":"113", "total":"113"}}
{"logTime": "0618/021925", "correlationVector":"WsMRD1MWVFuOQ4p1soWtm6.5","action":"ProcessGetUpdates", "result":"Done", "context":{"dataType":"History Delete Directives", "deleted":"0", "process_failed_to_decrypt":"0", "process_pending_decryption":"0", "process_success":"87", "total":"87"}}
{"logTime": "0618/021925", "correlationVector":"WsMRD1MWVFuOQ4p1soWtm6.6","action":"ProcessGetUpdates", "result":"Done", "context":{"dataType":"Edge Hub App Usage", "deleted":"0", "process_failed_to_decrypt":"0", "process_pending_decryption":"0", "process_success":"4", "total":"4"}}
{"logTime": "0618/021925", "correlationVector":"WsMRD1MWVFuOQ4p1soWtm6.7","action":"GetUpdates Response", "result":"Success", "context":Received 233 update(s). cV=WsMRD1MWVFuOQ4p1soWtm6.0;server=akswtt11400001m;cloudType=Consumer;environment=Prod_japanwest_prod-s01-066-apac-japanwest;migrationStage=NotStarted}
{"logTime": "0618/021925", "correlationVector":"hM5A4A0tHzxRxXpMDkyzbT","action":"Initial GetUpdates", "result":"", "context":Reason: NEWLY_SUPPORTED_DATATYPE. cV=hM5A4A0tHzxRxXpMDkyzbT}
{"logTime": "0618/021925", "correlationVector":"hM5A4A0tHzxRxXpMDkyzbT.1","action":"SyncServerConnectionManagerRequest", "result":"SYNC_SERVER_OK", "context":{"environment":"Prod_southeastasia_prod-s01-065-apac-southeastasia", "migrationStage":"NotStarted", "server":"akswtt00100003o"}}
{"logTime": "0618/021925", "correlationVector":"hM5A4A0tHzxRxXpMDkyzbT.2","action":"ProcessGetUpdates", "result":"Done", "context":{"dataType":"History", "deleted":"0", "process_failed_to_decrypt":"0", "process_pending_decryption":"0", "process_success":"250", "total":"250"}}
{"logTime": "0618/021925", "correlationVector":"hM5A4A0tHzxRxXpMDkyzbT.3","action":"GetUpdates Response", "result":"Success", "context":Received 250 update(s). cV=hM5A4A0tHzxRxXpMDkyzbT.0;server=akswtt00100003o;cloudType=Consumer;environment=Prod_southeastasia_prod-s01-065-apac-southeastasia;migrationStage=NotStarted Some updates remain.}
{"logTime": "0618/021925", "correlationVector":"p42Uby3m9FWwUIjeDrbCui","action":"Initial GetUpdates", "result":"", "context":Reason: NEWLY_SUPPORTED_DATATYPE. cV=p42Uby3m9FWwUIjeDrbCui}
{"logTime": "0618/021926", "correlationVector":"p42Uby3m9FWwUIjeDrbCui.1","action":"SyncServerConnectionManagerRequest", "result":"SYNC_SERVER_OK", "context":{"environment":"Prod_japanwest_prod-s01-066-apac-japanwest", "migrationStage":"NotStarted", "server":"akswtt114000020"}}
{"logTime": "0618/021926", "correlationVector":"p42Uby3m9FWwUIjeDrbCui.2","action":"ProcessGetUpdates", "result":"Done", "context":{"dataType":"History", "deleted":"0", "process_failed_to_decrypt":"0", "process_pending_decryption":"0", "process_success":"250", "total":"250"}}
{"logTime": "0618/021926", "correlationVector":"p42Uby3m9FWwUIjeDrbCui.3","action":"GetUpdates Response", "result":"Success", "context":Received 250 update(s). cV=p42Uby3m9FWwUIjeDrbCui.0;server=akswtt114000020;cloudType=Consumer;environment=Prod_japanwest_prod-s01-066-apac-japanwest;migrationStage=NotStarted Some updates remain.}
{"logTime": "0618/021926", "correlationVector":"RG122NxBWvD8Q2v1w2THD7","action":"Initial GetUpdates", "result":"", "context":Reason: NEWLY_SUPPORTED_DATATYPE. cV=RG122NxBWvD8Q2v1w2THD7}
{"logTime": "0618/021926", "correlationVector":"RG122NxBWvD8Q2v1w2THD7.1","action":"SyncServerConnectionManagerRequest", "result":"SYNC_SERVER_OK", "context":{"environment":"Prod_japanwest_prod-s01-066-apac-japanwest", "migrationStage":"NotStarted", "server":"akswtt114000020"}}
{"logTime": "0618/021926", "correlationVector":"RG122NxBWvD8Q2v1w2THD7.2","action":"ProcessGetUpdates", "result":"Done", "context":{"dataType":"History", "deleted":"0", "process_failed_to_decrypt":"0", "process_pending_decryption":"0", "process_success":"250", "total":"250"}}
{"logTime": "0618/021926", "correlationVector":"RG122NxBWvD8Q2v1w2THD7.3","action":"GetUpdates Response", "result":"Success", "context":Received 250 update(s). cV=RG122NxBWvD8Q2v1w2THD7.0;server=akswtt114000020;cloudType=Consumer;environment=Prod_japanwest_prod-s01-066-apac-japanwest;migrationStage=NotStarted Some updates remain.}
{"logTime": "0618/021926", "correlationVector":"mmsLEH6j/7Ugc+Y1fHNAwQ","action":"Initial GetUpdates", "result":"", "context":Reason: NEWLY_SUPPORTED_DATATYPE. cV=mmsLEH6j/7Ugc+Y1fHNAwQ}
{"logTime": "0618/021926", "correlationVector":"mmsLEH6j/7Ugc+Y1fHNAwQ.1","action":"SyncServerConnectionManagerRequest", "result":"SYNC_SERVER_OK", "context":{"environment":"Prod_japaneast_prod-s01-061-apac-japaneast", "migrationStage":"NotStarted", "server":"akswtt114000023"}}
{"logTime": "0618/021926", "correlationVector":"mmsLEH6j/7Ugc+Y1fHNAwQ.2","action":"ProcessGetUpdates", "result":"Done", "context":{"dataType":"History", "deleted":"0", "process_failed_to_decrypt":"0", "process_pending_decryption":"0", "process_success":"250", "total":"250"}}
{"logTime": "0618/021926", "correlationVector":"mmsLEH6j/7Ugc+Y1fHNAwQ.3","action":"GetUpdates Response", "result":"Success", "context":Received 250 update(s). cV=mmsLEH6j/7Ugc+Y1fHNAwQ.0;server=akswtt114000023;cloudType=Consumer;environment=Prod_japaneast_prod-s01-061-apac-japaneast;migrationStage=NotStarted Some updates remain.}
{"logTime": "0618/021926", "correlationVector":"F6QLKCN+iBSC/sNTar+v0k","action":"Initial GetUpdates", "result":"", "context":Reason: NEWLY_SUPPORTED_DATATYPE. cV=F6QLKCN+iBSC/sNTar+v0k}
{"logTime": "0618/021927", "correlationVector":"F6QLKCN+iBSC/sNTar+v0k.1","action":"SyncServerConnectionManagerRequest", "result":"SYNC_SERVER_OK", "context":{"environment":"Prod_japanwest_prod-s01-066-apac-japanwest", "migrationStage":"NotStarted", "server":"akswtt11400001v"}}
{"logTime": "0618/021927", "correlationVector":"F6QLKCN+iBSC/sNTar+v0k.2","action":"ProcessGetUpdates", "result":"Done", "context":{"dataType":"History", "deleted":"0", "process_failed_to_decrypt":"0", "process_pending_decryption":"0", "process_success":"250", "total":"250"}}
{"logTime": "0618/021927", "correlationVector":"F6QLKCN+iBSC/sNTar+v0k.3","action":"GetUpdates Response", "result":"Success", "context":Received 250 update(s). cV=F6QLKCN+iBSC/sNTar+v0k.0;server=akswtt11400001v;cloudType=Consumer;environment=Prod_japanwest_prod-s01-066-apac-japanwest;migrationStage=NotStarted Some updates remain.}
{"logTime": "0618/021927", "correlationVector":"zflrkYVyGhXr3s8E3ASN5x","action":"Initial GetUpdates", "result":"", "context":Reason: NEWLY_SUPPORTED_DATATYPE. cV=zflrkYVyGhXr3s8E3ASN5x}
{"logTime": "0618/021928", "correlationVector":"zflrkYVyGhXr3s8E3ASN5x.1","action":"SyncServerConnectionManagerRequest", "result":"SYNC_SERVER_OK", "context":{"environment":"Prod_japanwest_prod-s01-066-apac-japanwest", "migrationStage":"NotStarted", "server":"akswtt11400002l"}}
{"logTime": "0618/021928", "correlationVector":"zflrkYVyGhXr3s8E3ASN5x.2","action":"ProcessGetUpdates", "result":"Done", "context":{"dataType":"History", "deleted":"0", "process_failed_to_decrypt":"0", "process_pending_decryption":"0", "process_success":"250", "total":"250"}}
{"logTime": "0618/021928", "correlationVector":"zflrkYVyGhXr3s8E3ASN5x.3","action":"GetUpdates Response", "result":"Success", "context":Received 250 update(s). cV=zflrkYVyGhXr3s8E3ASN5x.0;server=akswtt11400002l;cloudType=Consumer;environment=Prod_japanwest_prod-s01-066-apac-japanwest;migrationStage=NotStarted Some updates remain.}
{"logTime": "0618/021928", "correlationVector":"NFXbVKG/VnORO3TU8IPQrt","action":"Initial GetUpdates", "result":"", "context":Reason: NEWLY_SUPPORTED_DATATYPE. cV=NFXbVKG/VnORO3TU8IPQrt}
{"logTime": "0618/021928", "correlationVector":"NFXbVKG/VnORO3TU8IPQrt.1","action":"SyncServerConnectionManagerRequest", "result":"SYNC_SERVER_OK", "context":{"environment":"Prod_japaneast_prod-s01-061-apac-japaneast", "migrationStage":"NotStarted", "server":"akswtt114000051"}}
{"logTime": "0618/021928", "correlationVector":"NFXbVKG/VnORO3TU8IPQrt.2","action":"ProcessGetUpdates", "result":"Done", "context":{"dataType":"History", "deleted":"0", "process_failed_to_decrypt":"0", "process_pending_decryption":"0", "process_success":"250", "total":"250"}}
{"logTime": "0618/021928", "correlationVector":"NFXbVKG/VnORO3TU8IPQrt.3","action":"GetUpdates Response", "result":"Success", "context":Received 250 update(s). cV=NFXbVKG/VnORO3TU8IPQrt.0;server=akswtt114000051;cloudType=Consumer;environment=Prod_japaneast_prod-s01-061-apac-japaneast;migrationStage=NotStarted Some updates remain.}
{"logTime": "0618/021928", "correlationVector":"PCRMtqV5kvsqCpDJZG5okl","action":"Initial GetUpdates", "result":"", "context":Reason: NEWLY_SUPPORTED_DATATYPE. cV=PCRMtqV5kvsqCpDJZG5okl}
{"logTime": "0618/021928", "correlationVector":"PCRMtqV5kvsqCpDJZG5okl.1","action":"SyncServerConnectionManagerRequest", "result":"SYNC_SERVER_OK", "context":{"environment":"Prod_japanwest_prod-s01-066-apac-japanwest", "migrationStage":"NotStarted", "server":"akswtt11400001m"}}
{"logTime": "0618/021928", "correlationVector":"PCRMtqV5kvsqCpDJZG5okl.2","action":"ProcessGetUpdates", "result":"Done", "context":{"dataType":"History", "deleted":"82", "process_failed_to_decrypt":"0", "process_pending_decryption":"0", "process_success":"250", "total":"250"}}
{"logTime": "0618/021928", "correlationVector":"PCRMtqV5kvsqCpDJZG5okl.3","action":"GetUpdates Response", "result":"Success", "context":Received 250 update(s). cV=PCRMtqV5kvsqCpDJZG5okl.0;server=akswtt11400001m;cloudType=Consumer;environment=Prod_japanwest_prod-s01-066-apac-japanwest;migrationStage=NotStarted Some updates remain.}
{"logTime": "0618/021928", "correlationVector":"ynMJoBRXzLv6arbd2GuO/u","action":"Initial GetUpdates", "result":"", "context":Reason: NEWLY_SUPPORTED_DATATYPE. cV=ynMJoBRXzLv6arbd2GuO/u}
{"logTime": "0618/021929", "correlationVector":"ynMJoBRXzLv6arbd2GuO/u.1","action":"SyncServerConnectionManagerRequest", "result":"SYNC_SERVER_OK", "context":{"environment":"Prod_southeastasia_prod-s01-065-apac-southeastasia", "migrationStage":"NotStarted", "server":"akswtt00100000d"}}
{"logTime": "0618/021929", "correlationVector":"ynMJoBRXzLv6arbd2GuO/u.2","action":"ProcessGetUpdates", "result":"Done", "context":{"dataType":"History", "deleted":"0", "process_failed_to_decrypt":"0", "process_pending_decryption":"0", "process_success":"250", "total":"250"}}
{"logTime": "0618/021929", "correlationVector":"ynMJoBRXzLv6arbd2GuO/u.3","action":"GetUpdates Response", "result":"Success", "context":Received 250 update(s). cV=ynMJoBRXzLv6arbd2GuO/u.0;server=akswtt00100000d;cloudType=Consumer;environment=Prod_southeastasia_prod-s01-065-apac-southeastasia;migrationStage=NotStarted Some updates remain.}
{"logTime": "0618/021929", "correlationVector":"bOxwj3dFWguic1N7lPPjYQ","action":"Initial GetUpdates", "result":"", "context":Reason: NEWLY_SUPPORTED_DATATYPE. cV=bOxwj3dFWguic1N7lPPjYQ}
{"logTime": "0618/021929", "correlationVector":"bOxwj3dFWguic1N7lPPjYQ.1","action":"SyncServerConnectionManagerRequest", "result":"SYNC_SERVER_OK", "context":{"environment":"Prod_japanwest_prod-s01-066-apac-japanwest", "migrationStage":"NotStarted", "server":"akswtt114000020"}}
{"logTime": "0618/021929", "correlationVector":"bOxwj3dFWguic1N7lPPjYQ.2","action":"ProcessGetUpdates", "result":"Done", "context":{"dataType":"History", "deleted":"0", "process_failed_to_decrypt":"0", "process_pending_decryption":"0", "process_success":"250", "total":"250"}}
{"logTime": "0618/021929", "correlationVector":"bOxwj3dFWguic1N7lPPjYQ.3","action":"GetUpdates Response", "result":"Success", "context":Received 250 update(s). cV=bOxwj3dFWguic1N7lPPjYQ.0;server=akswtt114000020;cloudType=Consumer;environment=Prod_japanwest_prod-s01-066-apac-japanwest;migrationStage=NotStarted Some updates remain.}
{"logTime": "0618/021929", "correlationVector":"YlQP8CO3uTAeCyLk2wMtLc","action":"Initial GetUpdates", "result":"", "context":Reason: NEWLY_SUPPORTED_DATATYPE. cV=YlQP8CO3uTAeCyLk2wMtLc}
{"logTime": "0618/021929", "correlationVector":"YlQP8CO3uTAeCyLk2wMtLc.1","action":"SyncServerConnectionManagerRequest", "result":"SYNC_SERVER_OK", "context":{"environment":"Prod_japanwest_prod-s01-066-apac-japanwest", "migrationStage":"NotStarted", "server":"akswtt11400001u"}}
{"logTime": "0618/021929", "correlationVector":"YlQP8CO3uTAeCyLk2wMtLc.2","action":"ProcessGetUpdates", "result":"Done", "context":{"dataType":"History", "deleted":"0", "process_failed_to_decrypt":"0", "process_pending_decryption":"0", "process_success":"99", "total":"99"}}
{"logTime": "0618/021929", "correlationVector":"YlQP8CO3uTAeCyLk2wMtLc.3","action":"GetUpdates Response", "result":"Success", "context":Received 99 update(s). cV=YlQP8CO3uTAeCyLk2wMtLc.0;server=akswtt11400001u;cloudType=Consumer;environment=Prod_japanwest_prod-s01-066-apac-japanwest;migrationStage=NotStarted}
{"logTime": "0618/021929", "correlationVector":"S1/u9fxnAWZigfEd19Wp3w","action":"Normal GetUpdate request", "result":"", "context":cV=S1/u9fxnAWZigfEd19Wp3w
Nudged types: Sessions, Device Info, User Consents
Refresh requested types: Bookmarks, Preferences, Passwords, Autofill Profiles, Autofill, Extensions, Sessions, Extension settings, History Delete Directives, Device Info, User Consents, Send Tab To Self, Web Apps, History, Saved Tab Group, WebAuthn Credentials, Edge E Drop, Edge Hub App Usage, Edge Wallet, Edge Workspace, Encryption Keys}
{"logTime": "0618/021930", "correlationVector":"S1/u9fxnAWZigfEd19Wp3w.1","action":"SyncServerConnectionManagerRequest", "result":"SYNC_SERVER_OK", "context":{"environment":"Prod_southeastasia_prod-s01-065-apac-southeastasia", "migrationStage":"NotStarted", "server":"akswtt001000036"}}
{"logTime": "0618/021930", "correlationVector":"S1/u9fxnAWZigfEd19Wp3w.2","action":"GetUpdates Response", "result":"Success", "context":Received 0 update(s). cV=S1/u9fxnAWZigfEd19Wp3w.0;server=akswtt001000036;cloudType=Consumer;environment=Prod_southeastasia_prod-s01-065-apac-southeastasia;migrationStage=NotStarted}
{"logTime": "0618/021930", "correlationVector":"kQn67aMRGbj9libHyBT19n","action":"DoCompareDataConsistency requsted types: ", "result":"Bookmarks, Preferences, Passwords, Extensions, Extension settings, History Delete Directives, Send Tab To Self, Web Apps, History, Saved Tab Group, WebAuthn Credentials, Edge E Drop, Edge Wallet, Edge Workspace, Encryption Keys"}
{"logTime": "0618/021930", "correlationVector":"kQn67aMRGbj9libHyBT19n.0","action":"CompareDataConsistency result: ", "result":"Compare result: Encryption Keys is consistent. local entities count is: 1 local entities hash is: Hgui5D6yYsjknASlDTIuGXxm+y0="}
{"logTime": "0618/021930", "correlationVector":"kQn67aMRGbj9libHyBT19n.1","action":"CompareDataConsistency result: ", "result":"Compare result: Bookmarks is consistent. local entities count is: 10 local entities hash is: y/pW84yJ2lm+77Anoy0c3GE7aQo="}
{"logTime": "0618/021930", "correlationVector":"kQn67aMRGbj9libHyBT19n.2","action":"CompareDataConsistency result: ", "result":"Compare result: Preferences is consistent. local entities count is: 67 local entities hash is: A7DAUad839tiKLRngI0hkJQsGNY="}
{"logTime": "0618/021930", "correlationVector":"kQn67aMRGbj9libHyBT19n.3","action":"CompareDataConsistency result: ", "result":"Compare result: Extensions is consistent. local entities count is: 0 local entities hash is: "}
{"logTime": "0618/021930", "correlationVector":"kQn67aMRGbj9libHyBT19n.4","action":"CompareDataConsistency result: ", "result":"Compare result: Extension settings is consistent. local entities count is: 0 local entities hash is: "}
{"logTime": "0618/021930", "correlationVector":"kQn67aMRGbj9libHyBT19n.5","action":"CompareDataConsistency result: ", "result":"Compare result: History Delete Directives is inconsistent. server entities count is: 87 server entities hash is: 9h2f7b0/2M6ezA17souFhskfAQQ= local entities count is: 0 local entities hash is: "}
{"logTime": "0618/021930", "correlationVector":"kQn67aMRGbj9libHyBT19n.6","action":"CompareDataConsistency result: ", "result":"Server did not send this Send Tab To Self local entities count is: 0 local entities hash is: "}
{"logTime": "0618/021930", "correlationVector":"kQn67aMRGbj9libHyBT19n.7","action":"CompareDataConsistency result: ", "result":"Compare result: Web Apps is consistent. local entities count is: 3 local entities hash is: JM7WC/s/VzwR5g1lU31Bqpx4dVI="}
{"logTime": "0618/021930", "correlationVector":"kQn67aMRGbj9libHyBT19n.8","action":"CompareDataConsistency result: ", "result":"Server did not send this History local entities count is: 0 local entities hash is: "}
{"logTime": "0618/021930", "correlationVector":"kQn67aMRGbj9libHyBT19n.9","action":"CompareDataConsistency result: ", "result":"Compare result: Saved Tab Group is consistent. local entities count is: 0 local entities hash is: "}
{"logTime": "0618/021930", "correlationVector":"kQn67aMRGbj9libHyBT19n.10","action":"CompareDataConsistency result: ", "result":"Server did not send this WebAuthn Credentials local entities count is: 0 local entities hash is: "}
{"logTime": "0618/021930", "correlationVector":"kQn67aMRGbj9libHyBT19n.11","action":"CompareDataConsistency result: ", "result":"Compare result: Edge E Drop is consistent. local entities count is: 0 local entities hash is: "}
{"logTime": "0618/021930", "correlationVector":"kQn67aMRGbj9libHyBT19n.12","action":"CompareDataConsistency result: ", "result":"Compare result: Edge Wallet is consistent. local entities count is: 0 local entities hash is: "}
{"logTime": "0618/021930", "correlationVector":"kQn67aMRGbj9libHyBT19n.13","action":"CompareDataConsistency result: ", "result":"Server did not send this Edge Workspace local entities count is: 0 local entities hash is: "}
{"logTime": "0618/021930", "correlationVector":"kQn67aMRGbj9libHyBT19n.14","action":"CompareDataConsistency result: ", "result":"Compare result: Passwords is consistent. local entities count is: 6 local entities hash is: bIF18NsvYqLPwClieO+z19DfFf8="}
{"logTime": "0618/021930", "correlationVector":"1IBNNKJuDQCNc09hLXNGkb","action":"Commit Request", "result":"", "context":Item count: 4
Contributing types: Sessions, Device Info, User Consents}
{"logTime": "0618/021930", "correlationVector":"1IBNNKJuDQCNc09hLXNGkb.1","action":"SyncServerConnectionManagerRequest", "result":"SYNC_SERVER_OK", "context":{"environment":"Prod_japanwest_prod-s01-066-apac-japanwest", "migrationStage":"NotStarted", "server":"akswtt114000008"}}
{"logTime": "0618/021930", "correlationVector":"1IBNNKJuDQCNc09hLXNGkb.2","action":"Commit Response", "result":"Success", "context":Result: Success. cV=1IBNNKJuDQCNc09hLXNGkb.0;server=akswtt114000008;cloudType=Consumer;environment=Prod_japanwest_prod-s01-066-apac-japanwest;migrationStage=NotStarted}
{"logTime": "0618/021930", "correlationVector":"","action":"DIAGNOSTIC_REQUEST|v1/diagnosticData/Diagnostic.SendCheckResult()|SUCCESS", "result":""}
{"logTime": "0618/022100", "correlationVector":"XKCFGPEGaWbYG+jBlHhf9R","action":"Commit Request", "result":"", "context":Item count: 5
Contributing types: Sessions, History}
{"logTime": "0618/022101", "correlationVector":"XKCFGPEGaWbYG+jBlHhf9R.1","action":"SyncServerConnectionManagerRequest", "result":"SYNC_SERVER_OK", "context":{"environment":"Prod_japaneast_prod-s01-061-apac-japaneast", "migrationStage":"NotStarted", "server":"akswtt114000036"}}
{"logTime": "0618/022101", "correlationVector":"XKCFGPEGaWbYG+jBlHhf9R.2","action":"Commit Response", "result":"Success", "context":Result: Success. cV=XKCFGPEGaWbYG+jBlHhf9R.0;server=akswtt114000036;cloudType=Consumer;environment=Prod_japaneast_prod-s01-061-apac-japaneast;migrationStage=NotStarted}
{"logTime": "0618/022210", "correlationVector":"ZIFICX2VqP56/b2UQTqeIl","action":"Commit Request", "result":"", "context":Item count: 5
Contributing types: Sessions, History}
{"logTime": "0618/022210", "correlationVector":"ZIFICX2VqP56/b2UQTqeIl.1","action":"SyncServerConnectionManagerRequest", "result":"SYNC_SERVER_OK", "context":{"environment":"Prod_japanwest_prod-s01-066-apac-japanwest", "migrationStage":"NotStarted", "server":"akswtt11400001y"}}
{"logTime": "0618/022210", "correlationVector":"ZIFICX2VqP56/b2UQTqeIl.2","action":"Commit Response", "result":"Success", "context":Result: Success. cV=ZIFICX2VqP56/b2UQTqeIl.0;server=akswtt11400001y;cloudType=Consumer;environment=Prod_japanwest_prod-s01-066-apac-japanwest;migrationStage=NotStarted}
