{"logTime": "0617/130558", "correlationVector":"ilKVzr3wNkZ2o+DR4x9glx.1","action":"SyncServerConnectionManagerRequest", "result":"SYNC_SERVER_OK", "context":{"environment":"Prod_japanwest_prod-s01-066-apac-japanwest", "migrationStage":"NotStarted", "server":"akswtt11400001p"}}
{"logTime": "0617/130558", "correlationVector":"ilKVzr3wNkZ2o+DR4x9glx.2","action":"ProcessGetUpdates", "result":"Done", "context":{"dataType":"Encryption Keys", "deleted":"0", "process_failed_to_decrypt":"0", "process_pending_decryption":"0", "process_success":"1", "total":"1"}}
{"logTime": "0617/130559", "correlationVector":"BU+BfbaSbJlLJEypcgh3WP","action":"SyncServerConnectionManagerRequest", "result":"SYNC_SERVER_OK", "context":{"environment":"", "migrationStage":"", "server":""}}
{"logTime": "0617/130559", "correlationVector":"BU+BfbaSbJlLJEypcgh3WP.0","action":"EncryptionKeysFetcher.DownloadKeys:", "result":"Success", "context":Key count: 3, Last key timestamp: 2026-04-27T01:33:12Z}
{"logTime": "0617/130559", "correlationVector":"BU+BfbaSbJlLJEypcgh3WP.1","action":"EncryptionKeysManager::SetEncryptionKeys:", "result":"Success", "context":Key names[3]:[XdeRUxKHJs1GziK3Hfwhsynma2cUZ7TL9H4pK1DjsiqXbsfE4qxKHC/YZAG5unPWashRkzKrvNQ8Bg9IXwPmYg==][qYr83TD83AFJqG/WXdjfNCK+ihqpUMbeDHt8gsCblupOrdpzc9dVRBIFJVaoJg0/pkzYSRFzVqiKowLDuvOjZg==][mQhywhAh8Wq3um1JfpWrjAwOUO5PDeUDGzpPG9hi/MJ9NLRvxe/HEK7nOlcb1bNjP1WhVU5BnAcK8pvNJebATA==]}
{"logTime": "0617/130559", "correlationVector":"BU+BfbaSbJlLJEypcgh3WP.2","action":"EncryptionKeysManager::SetEncryptionKeysWithTimestamps:", "result":"Success", "context":Key timestamps[3]:[2025-08-20T08:54:58Z][2025-10-17T05:22:42Z][2026-04-27T01:33:12Z]}
{"logTime": "0617/130559", "correlationVector":"ilKVzr3wNkZ2o+DR4x9glx","action":"Initial GetUpdates", "result":"", "context":Reason: NEW_CLIENT. cV=ilKVzr3wNkZ2o+DR4x9glx}
{"logTime": "0617/130559", "correlationVector":"ilKVzr3wNkZ2o+DR4x9glx.3","action":"GetUpdates Response", "result":"Success", "context":Received 1 update(s). cV=ilKVzr3wNkZ2o+DR4x9glx.0;server=akswtt11400001p;cloudType=Consumer;environment=Prod_japanwest_prod-s01-066-apac-japanwest;migrationStage=NotStarted}
{"logTime": "0617/130559", "correlationVector":"BCBs/5YZzX0EEisGzCBvRI","action":"Initial GetUpdates", "result":"", "context":Reason: NEWLY_SUPPORTED_DATATYPE. cV=BCBs/5YZzX0EEisGzCBvRI}
{"logTime": "0617/130559", "correlationVector":"BCBs/5YZzX0EEisGzCBvRI.1","action":"SyncServerConnectionManagerRequest", "result":"SYNC_SERVER_OK", "context":{"environment":"Prod_japanwest_prod-s01-066-apac-japanwest", "migrationStage":"NotStarted", "server":"akswtt11400001r"}}
{"logTime": "0617/130559", "correlationVector":"BCBs/5YZzX0EEisGzCBvRI.2","action":"ProcessGetUpdates", "result":"Done", "context":{"dataType":"Preferences", "deleted":"1", "process_failed_to_decrypt":"0", "process_pending_decryption":"0", "process_success":"68", "total":"68"}}
{"logTime": "0617/130559", "correlationVector":"BCBs/5YZzX0EEisGzCBvRI.3","action":"ProcessGetUpdates", "result":"Done", "context":{"dataType":"Passwords", "deleted":"0", "process_failed_to_decrypt":"0", "process_pending_decryption":"0", "process_success":"6", "total":"6"}}
{"logTime": "0617/130559", "correlationVector":"BCBs/5YZzX0EEisGzCBvRI.4","action":"ProcessGetUpdates", "result":"Done", "context":{"dataType":"Device Info", "deleted":"0", "process_failed_to_decrypt":"0", "process_pending_decryption":"0", "process_success":"17", "total":"17"}}
{"logTime": "0617/130559", "correlationVector":"BCBs/5YZzX0EEisGzCBvRI.5","action":"GetUpdates Response", "result":"Success", "context":Received 91 update(s). cV=BCBs/5YZzX0EEisGzCBvRI.0;server=akswtt11400001r;cloudType=Consumer;environment=Prod_japanwest_prod-s01-066-apac-japanwest;migrationStage=NotStarted}
{"logTime": "0617/130559", "correlationVector":"iq/epiLUtzbrLOCcmXrAyD","action":"Initial GetUpdates", "result":"", "context":Reason: NEWLY_SUPPORTED_DATATYPE. cV=iq/epiLUtzbrLOCcmXrAyD}
{"logTime": "0617/130559", "correlationVector":"iq/epiLUtzbrLOCcmXrAyD.1","action":"SyncServerConnectionManagerRequest", "result":"SYNC_SERVER_OK", "context":{"environment":"Prod_japanwest_prod-s01-066-apac-japanwest", "migrationStage":"NotStarted", "server":"akswtt114000026"}}
{"logTime": "0617/130559", "correlationVector":"iq/epiLUtzbrLOCcmXrAyD.2","action":"ProcessGetUpdates", "result":"Done", "context":{"dataType":"Bookmarks", "deleted":"2", "process_failed_to_decrypt":"0", "process_pending_decryption":"0", "process_success":"18", "total":"18"}}
{"logTime": "0617/130559", "correlationVector":"iq/epiLUtzbrLOCcmXrAyD.3","action":"GetUpdates Response", "result":"Success", "context":Received 18 update(s). cV=iq/epiLUtzbrLOCcmXrAyD.0;server=akswtt114000026;cloudType=Consumer;environment=Prod_japanwest_prod-s01-066-apac-japanwest;migrationStage=NotStarted}
{"logTime": "0617/130559", "correlationVector":"Em1x08WXzJ+r0/96dV3+gj","action":"Initial GetUpdates", "result":"", "context":Reason: NEWLY_SUPPORTED_DATATYPE. cV=Em1x08WXzJ+r0/96dV3+gj}
{"logTime": "0617/130559", "correlationVector":"Em1x08WXzJ+r0/96dV3+gj.1","action":"SyncServerConnectionManagerRequest", "result":"SYNC_SERVER_OK", "context":{"environment":"Prod_japanwest_prod-s01-066-apac-japanwest", "migrationStage":"NotStarted", "server":"akswtt11400001n"}}
{"logTime": "0617/130559", "correlationVector":"Em1x08WXzJ+r0/96dV3+gj.2","action":"ProcessGetUpdates", "result":"Done", "context":{"dataType":"Autofill Profiles", "deleted":"0", "process_failed_to_decrypt":"0", "process_pending_decryption":"0", "process_success":"4", "total":"4"}}
{"logTime": "0617/130559", "correlationVector":"Em1x08WXzJ+r0/96dV3+gj.3","action":"ProcessGetUpdates", "result":"Done", "context":{"dataType":"Autofill", "deleted":"0", "process_failed_to_decrypt":"0", "process_pending_decryption":"0", "process_success":"235", "total":"235"}}
{"logTime": "0617/130559", "correlationVector":"Em1x08WXzJ+r0/96dV3+gj.4","action":"ProcessGetUpdates", "result":"Done", "context":{"dataType":"Sessions", "deleted":"11", "process_failed_to_decrypt":"0", "process_pending_decryption":"0", "process_success":"11", "total":"11"}}
{"logTime": "0617/130559", "correlationVector":"Em1x08WXzJ+r0/96dV3+gj.5","action":"GetUpdates Response", "result":"Success", "context":Received 250 update(s). cV=Em1x08WXzJ+r0/96dV3+gj.0;server=akswtt11400001n;cloudType=Consumer;environment=Prod_japanwest_prod-s01-066-apac-japanwest;migrationStage=NotStarted Some updates remain.}
{"logTime": "0617/130559", "correlationVector":"ANURKFNcPAXksXc7uwqgfr","action":"Initial GetUpdates", "result":"", "context":Reason: NEWLY_SUPPORTED_DATATYPE. cV=ANURKFNcPAXksXc7uwqgfr}
{"logTime": "0617/130559", "correlationVector":"ANURKFNcPAXksXc7uwqgfr.1","action":"SyncServerConnectionManagerRequest", "result":"SYNC_SERVER_OK", "context":{"environment":"Prod_japanwest_prod-s01-066-apac-japanwest", "migrationStage":"NotStarted", "server":"akswtt114000008"}}
{"logTime": "0617/130559", "correlationVector":"ANURKFNcPAXksXc7uwqgfr.2","action":"ProcessGetUpdates", "result":"Done", "context":{"dataType":"Autofill", "deleted":"0", "process_failed_to_decrypt":"0", "process_pending_decryption":"0", "process_success":"194", "total":"194"}}
{"logTime": "0617/130559", "correlationVector":"ANURKFNcPAXksXc7uwqgfr.3","action":"ProcessGetUpdates", "result":"Done", "context":{"dataType":"Sessions", "deleted":"50", "process_failed_to_decrypt":"0", "process_pending_decryption":"0", "process_success":"50", "total":"50"}}
{"logTime": "0617/130559", "correlationVector":"ANURKFNcPAXksXc7uwqgfr.4","action":"ProcessGetUpdates", "result":"Done", "context":{"dataType":"Web Apps", "deleted":"0", "process_failed_to_decrypt":"0", "process_pending_decryption":"0", "process_success":"3", "total":"3"}}
{"logTime": "0617/130559", "correlationVector":"ANURKFNcPAXksXc7uwqgfr.5","action":"ProcessGetUpdates", "result":"Done", "context":{"dataType":"Edge Hub App Usage", "deleted":"0", "process_failed_to_decrypt":"0", "process_pending_decryption":"0", "process_success":"3", "total":"3"}}
{"logTime": "0617/130559", "correlationVector":"ANURKFNcPAXksXc7uwqgfr.6","action":"GetUpdates Response", "result":"Success", "context":Received 250 update(s). cV=ANURKFNcPAXksXc7uwqgfr.0;server=akswtt114000008;cloudType=Consumer;environment=Prod_japanwest_prod-s01-066-apac-japanwest;migrationStage=NotStarted Some updates remain.}
{"logTime": "0617/130559", "correlationVector":"TacS5lPhDIHYeomDnpg9vi","action":"Initial GetUpdates", "result":"", "context":Reason: NEWLY_SUPPORTED_DATATYPE. cV=TacS5lPhDIHYeomDnpg9vi}
{"logTime": "0617/130600", "correlationVector":"TacS5lPhDIHYeomDnpg9vi.1","action":"SyncServerConnectionManagerRequest", "result":"SYNC_SERVER_OK", "context":{"environment":"Prod_japanwest_prod-s01-066-apac-japanwest", "migrationStage":"NotStarted", "server":"akswtt11400001p"}}
{"logTime": "0617/130600", "correlationVector":"TacS5lPhDIHYeomDnpg9vi.2","action":"ProcessGetUpdates", "result":"Done", "context":{"dataType":"Autofill", "deleted":"0", "process_failed_to_decrypt":"0", "process_pending_decryption":"0", "process_success":"18", "total":"18"}}
{"logTime": "0617/130600", "correlationVector":"TacS5lPhDIHYeomDnpg9vi.3","action":"ProcessGetUpdates", "result":"Done", "context":{"dataType":"Sessions", "deleted":"231", "process_failed_to_decrypt":"0", "process_pending_decryption":"0", "process_success":"231", "total":"231"}}
{"logTime": "0617/130600", "correlationVector":"TacS5lPhDIHYeomDnpg9vi.4","action":"ProcessGetUpdates", "result":"Done", "context":{"dataType":"Edge Hub App Usage", "deleted":"0", "process_failed_to_decrypt":"0", "process_pending_decryption":"0", "process_success":"1", "total":"1"}}
{"logTime": "0617/130600", "correlationVector":"TacS5lPhDIHYeomDnpg9vi.5","action":"GetUpdates Response", "result":"Success", "context":Received 250 update(s). cV=TacS5lPhDIHYeomDnpg9vi.0;server=akswtt11400001p;cloudType=Consumer;environment=Prod_japanwest_prod-s01-066-apac-japanwest;migrationStage=NotStarted Some updates remain.}
{"logTime": "0617/130600", "correlationVector":"RdbwXtnJTPu6QnGqDzpF6a","action":"Initial GetUpdates", "result":"", "context":Reason: NEWLY_SUPPORTED_DATATYPE. cV=RdbwXtnJTPu6QnGqDzpF6a}
{"logTime": "0617/130600", "correlationVector":"RdbwXtnJTPu6QnGqDzpF6a.1","action":"SyncServerConnectionManagerRequest", "result":"SYNC_SERVER_OK", "context":{"environment":"Prod_japanwest_prod-s01-066-apac-japanwest", "migrationStage":"NotStarted", "server":"akswtt114000026"}}
{"logTime": "0617/130600", "correlationVector":"RdbwXtnJTPu6QnGqDzpF6a.2","action":"ProcessGetUpdates", "result":"Done", "context":{"dataType":"Autofill Profiles", "deleted":"1", "process_failed_to_decrypt":"0", "process_pending_decryption":"0", "process_success":"1", "total":"1"}}
{"logTime": "0617/130600", "correlationVector":"RdbwXtnJTPu6QnGqDzpF6a.3","action":"ProcessGetUpdates", "result":"Done", "context":{"dataType":"Autofill", "deleted":"0", "process_failed_to_decrypt":"0", "process_pending_decryption":"0", "process_success":"23", "total":"23"}}
{"logTime": "0617/130600", "correlationVector":"RdbwXtnJTPu6QnGqDzpF6a.4","action":"ProcessGetUpdates", "result":"Done", "context":{"dataType":"Sessions", "deleted":"226", "process_failed_to_decrypt":"0", "process_pending_decryption":"0", "process_success":"226", "total":"226"}}
{"logTime": "0617/130600", "correlationVector":"RdbwXtnJTPu6QnGqDzpF6a.5","action":"GetUpdates Response", "result":"Success", "context":Received 250 update(s). cV=RdbwXtnJTPu6QnGqDzpF6a.0;server=akswtt114000026;cloudType=Consumer;environment=Prod_japanwest_prod-s01-066-apac-japanwest;migrationStage=NotStarted Some updates remain.}
{"logTime": "0617/130600", "correlationVector":"Pr3qrqWQjwHvdhdFU5IXrU","action":"Initial GetUpdates", "result":"", "context":Reason: NEWLY_SUPPORTED_DATATYPE. cV=Pr3qrqWQjwHvdhdFU5IXrU}
{"logTime": "0617/130600", "correlationVector":"Pr3qrqWQjwHvdhdFU5IXrU.1","action":"SyncServerConnectionManagerRequest", "result":"SYNC_SERVER_OK", "context":{"environment":"Prod_japanwest_prod-s01-066-apac-japanwest", "migrationStage":"NotStarted", "server":"akswtt11400002a"}}
{"logTime": "0617/130600", "correlationVector":"Pr3qrqWQjwHvdhdFU5IXrU.2","action":"ProcessGetUpdates", "result":"Done", "context":{"dataType":"Autofill Profiles", "deleted":"1", "process_failed_to_decrypt":"0", "process_pending_decryption":"0", "process_success":"2", "total":"2"}}
{"logTime": "0617/130600", "correlationVector":"Pr3qrqWQjwHvdhdFU5IXrU.3","action":"ProcessGetUpdates", "result":"Done", "context":{"dataType":"Autofill", "deleted":"0", "process_failed_to_decrypt":"0", "process_pending_decryption":"0", "process_success":"27", "total":"27"}}
{"logTime": "0617/130600", "correlationVector":"Pr3qrqWQjwHvdhdFU5IXrU.4","action":"ProcessGetUpdates", "result":"Done", "context":{"dataType":"Sessions", "deleted":"58", "process_failed_to_decrypt":"0", "process_pending_decryption":"0", "process_success":"101", "total":"101"}}
{"logTime": "0617/130600", "correlationVector":"Pr3qrqWQjwHvdhdFU5IXrU.5","action":"ProcessGetUpdates", "result":"Done", "context":{"dataType":"History Delete Directives", "deleted":"0", "process_failed_to_decrypt":"0", "process_pending_decryption":"0", "process_success":"87", "total":"87"}}
{"logTime": "0617/130600", "correlationVector":"Pr3qrqWQjwHvdhdFU5IXrU.6","action":"ProcessGetUpdates", "result":"Done", "context":{"dataType":"Edge Hub App Usage", "deleted":"0", "process_failed_to_decrypt":"0", "process_pending_decryption":"0", "process_success":"3", "total":"3"}}
{"logTime": "0617/130600", "correlationVector":"Pr3qrqWQjwHvdhdFU5IXrU.7","action":"GetUpdates Response", "result":"Success", "context":Received 220 update(s). cV=Pr3qrqWQjwHvdhdFU5IXrU.0;server=akswtt11400002a;cloudType=Consumer;environment=Prod_japanwest_prod-s01-066-apac-japanwest;migrationStage=NotStarted}
{"logTime": "0617/130600", "correlationVector":"zVi/psUO/yrcJXY/5018RR","action":"Initial GetUpdates", "result":"", "context":Reason: NEWLY_SUPPORTED_DATATYPE. cV=zVi/psUO/yrcJXY/5018RR}
{"logTime": "0617/130600", "correlationVector":"zVi/psUO/yrcJXY/5018RR.1","action":"SyncServerConnectionManagerRequest", "result":"SYNC_SERVER_OK", "context":{"environment":"Prod_japanwest_prod-s01-066-apac-japanwest", "migrationStage":"NotStarted", "server":"akswtt114000026"}}
{"logTime": "0617/130600", "correlationVector":"zVi/psUO/yrcJXY/5018RR.2","action":"ProcessGetUpdates", "result":"Done", "context":{"dataType":"History", "deleted":"0", "process_failed_to_decrypt":"0", "process_pending_decryption":"0", "process_success":"250", "total":"250"}}
{"logTime": "0617/130600", "correlationVector":"zVi/psUO/yrcJXY/5018RR.3","action":"GetUpdates Response", "result":"Success", "context":Received 250 update(s). cV=zVi/psUO/yrcJXY/5018RR.0;server=akswtt114000026;cloudType=Consumer;environment=Prod_japanwest_prod-s01-066-apac-japanwest;migrationStage=NotStarted Some updates remain.}
{"logTime": "0617/130600", "correlationVector":"SR5oxmxPSSDKSliqEBG5Jj","action":"Initial GetUpdates", "result":"", "context":Reason: NEWLY_SUPPORTED_DATATYPE. cV=SR5oxmxPSSDKSliqEBG5Jj}
{"logTime": "0617/130601", "correlationVector":"SR5oxmxPSSDKSliqEBG5Jj.1","action":"SyncServerConnectionManagerRequest", "result":"SYNC_SERVER_OK", "context":{"environment":"Prod_japanwest_prod-s01-066-apac-japanwest", "migrationStage":"NotStarted", "server":"akswtt11400001v"}}
{"logTime": "0617/130601", "correlationVector":"SR5oxmxPSSDKSliqEBG5Jj.2","action":"ProcessGetUpdates", "result":"Done", "context":{"dataType":"History", "deleted":"0", "process_failed_to_decrypt":"0", "process_pending_decryption":"0", "process_success":"250", "total":"250"}}
{"logTime": "0617/130601", "correlationVector":"SR5oxmxPSSDKSliqEBG5Jj.3","action":"GetUpdates Response", "result":"Success", "context":Received 250 update(s). cV=SR5oxmxPSSDKSliqEBG5Jj.0;server=akswtt11400001v;cloudType=Consumer;environment=Prod_japanwest_prod-s01-066-apac-japanwest;migrationStage=NotStarted Some updates remain.}
{"logTime": "0617/130601", "correlationVector":"2roxouHjZOOLEur//LZXSv","action":"Initial GetUpdates", "result":"", "context":Reason: NEWLY_SUPPORTED_DATATYPE. cV=2roxouHjZOOLEur//LZXSv}
{"logTime": "0617/130601", "correlationVector":"2roxouHjZOOLEur//LZXSv.1","action":"SyncServerConnectionManagerRequest", "result":"SYNC_SERVER_OK", "context":{"environment":"Prod_japanwest_prod-s01-066-apac-japanwest", "migrationStage":"NotStarted", "server":"akswtt11400001n"}}
{"logTime": "0617/130601", "correlationVector":"2roxouHjZOOLEur//LZXSv.2","action":"ProcessGetUpdates", "result":"Done", "context":{"dataType":"History", "deleted":"0", "process_failed_to_decrypt":"0", "process_pending_decryption":"0", "process_success":"250", "total":"250"}}
{"logTime": "0617/130601", "correlationVector":"2roxouHjZOOLEur//LZXSv.3","action":"GetUpdates Response", "result":"Success", "context":Received 250 update(s). cV=2roxouHjZOOLEur//LZXSv.0;server=akswtt11400001n;cloudType=Consumer;environment=Prod_japanwest_prod-s01-066-apac-japanwest;migrationStage=NotStarted Some updates remain.}
{"logTime": "0617/130601", "correlationVector":"DT5rIU6cvHt3hT3r+qN6jd","action":"Initial GetUpdates", "result":"", "context":Reason: NEWLY_SUPPORTED_DATATYPE. cV=DT5rIU6cvHt3hT3r+qN6jd}
{"logTime": "0617/130601", "correlationVector":"DT5rIU6cvHt3hT3r+qN6jd.1","action":"SyncServerConnectionManagerRequest", "result":"SYNC_SERVER_OK", "context":{"environment":"Prod_japanwest_prod-s01-066-apac-japanwest", "migrationStage":"NotStarted", "server":"akswtt114000008"}}
{"logTime": "0617/130601", "correlationVector":"DT5rIU6cvHt3hT3r+qN6jd.2","action":"ProcessGetUpdates", "result":"Done", "context":{"dataType":"History", "deleted":"0", "process_failed_to_decrypt":"0", "process_pending_decryption":"0", "process_success":"250", "total":"250"}}
{"logTime": "0617/130601", "correlationVector":"DT5rIU6cvHt3hT3r+qN6jd.3","action":"GetUpdates Response", "result":"Success", "context":Received 250 update(s). cV=DT5rIU6cvHt3hT3r+qN6jd.0;server=akswtt114000008;cloudType=Consumer;environment=Prod_japanwest_prod-s01-066-apac-japanwest;migrationStage=NotStarted Some updates remain.}
{"logTime": "0617/130601", "correlationVector":"wYryaqXKitm7X986nO2YrB","action":"Initial GetUpdates", "result":"", "context":Reason: NEWLY_SUPPORTED_DATATYPE. cV=wYryaqXKitm7X986nO2YrB}
{"logTime": "0617/130602", "correlationVector":"wYryaqXKitm7X986nO2YrB.1","action":"SyncServerConnectionManagerRequest", "result":"SYNC_SERVER_OK", "context":{"environment":"Prod_japanwest_prod-s01-066-apac-japanwest", "migrationStage":"NotStarted", "server":"akswtt11400002a"}}
{"logTime": "0617/130602", "correlationVector":"wYryaqXKitm7X986nO2YrB.2","action":"ProcessGetUpdates", "result":"Done", "context":{"dataType":"History", "deleted":"0", "process_failed_to_decrypt":"0", "process_pending_decryption":"0", "process_success":"250", "total":"250"}}
{"logTime": "0617/130602", "correlationVector":"wYryaqXKitm7X986nO2YrB.3","action":"GetUpdates Response", "result":"Success", "context":Received 250 update(s). cV=wYryaqXKitm7X986nO2YrB.0;server=akswtt11400002a;cloudType=Consumer;environment=Prod_japanwest_prod-s01-066-apac-japanwest;migrationStage=NotStarted Some updates remain.}
{"logTime": "0617/130602", "correlationVector":"HZ7mng+vBoslrupkQZ0u2o","action":"Initial GetUpdates", "result":"", "context":Reason: NEWLY_SUPPORTED_DATATYPE. cV=HZ7mng+vBoslrupkQZ0u2o}
{"logTime": "0617/130602", "correlationVector":"HZ7mng+vBoslrupkQZ0u2o.1","action":"SyncServerConnectionManagerRequest", "result":"SYNC_SERVER_OK", "context":{"environment":"Prod_japanwest_prod-s01-066-apac-japanwest", "migrationStage":"NotStarted", "server":"akswtt11400001t"}}
{"logTime": "0617/130602", "correlationVector":"HZ7mng+vBoslrupkQZ0u2o.2","action":"ProcessGetUpdates", "result":"Done", "context":{"dataType":"History", "deleted":"0", "process_failed_to_decrypt":"0", "process_pending_decryption":"0", "process_success":"250", "total":"250"}}
{"logTime": "0617/130602", "correlationVector":"HZ7mng+vBoslrupkQZ0u2o.3","action":"GetUpdates Response", "result":"Success", "context":Received 250 update(s). cV=HZ7mng+vBoslrupkQZ0u2o.0;server=akswtt11400001t;cloudType=Consumer;environment=Prod_japanwest_prod-s01-066-apac-japanwest;migrationStage=NotStarted Some updates remain.}
{"logTime": "0617/130602", "correlationVector":"0lnCke9G3zxfmOBSaRaF5N","action":"Initial GetUpdates", "result":"", "context":Reason: NEWLY_SUPPORTED_DATATYPE. cV=0lnCke9G3zxfmOBSaRaF5N}
{"logTime": "0617/130602", "correlationVector":"0lnCke9G3zxfmOBSaRaF5N.1","action":"SyncServerConnectionManagerRequest", "result":"SYNC_SERVER_OK", "context":{"environment":"Prod_japanwest_prod-s01-066-apac-japanwest", "migrationStage":"NotStarted", "server":"akswtt114000008"}}
{"logTime": "0617/130602", "correlationVector":"0lnCke9G3zxfmOBSaRaF5N.2","action":"ProcessGetUpdates", "result":"Done", "context":{"dataType":"History", "deleted":"0", "process_failed_to_decrypt":"0", "process_pending_decryption":"0", "process_success":"250", "total":"250"}}
{"logTime": "0617/130602", "correlationVector":"0lnCke9G3zxfmOBSaRaF5N.3","action":"GetUpdates Response", "result":"Success", "context":Received 250 update(s). cV=0lnCke9G3zxfmOBSaRaF5N.0;server=akswtt114000008;cloudType=Consumer;environment=Prod_japanwest_prod-s01-066-apac-japanwest;migrationStage=NotStarted Some updates remain.}
{"logTime": "0617/130602", "correlationVector":"yr+eWn3VeKyg5rIujFJCtm","action":"Initial GetUpdates", "result":"", "context":Reason: NEWLY_SUPPORTED_DATATYPE. cV=yr+eWn3VeKyg5rIujFJCtm}
{"logTime": "0617/130602", "correlationVector":"yr+eWn3VeKyg5rIujFJCtm.1","action":"SyncServerConnectionManagerRequest", "result":"SYNC_SERVER_OK", "context":{"environment":"Prod_japanwest_prod-s01-066-apac-japanwest", "migrationStage":"NotStarted", "server":"akswtt11400002m"}}
{"logTime": "0617/130602", "correlationVector":"yr+eWn3VeKyg5rIujFJCtm.2","action":"ProcessGetUpdates", "result":"Done", "context":{"dataType":"History", "deleted":"82", "process_failed_to_decrypt":"0", "process_pending_decryption":"0", "process_success":"250", "total":"250"}}
{"logTime": "0617/130602", "correlationVector":"yr+eWn3VeKyg5rIujFJCtm.3","action":"GetUpdates Response", "result":"Success", "context":Received 250 update(s). cV=yr+eWn3VeKyg5rIujFJCtm.0;server=akswtt11400002m;cloudType=Consumer;environment=Prod_japanwest_prod-s01-066-apac-japanwest;migrationStage=NotStarted Some updates remain.}
{"logTime": "0617/130602", "correlationVector":"1l5Qsl0SpgECaVvU6F7kNG","action":"Initial GetUpdates", "result":"", "context":Reason: NEWLY_SUPPORTED_DATATYPE. cV=1l5Qsl0SpgECaVvU6F7kNG}
{"logTime": "0617/130603", "correlationVector":"1l5Qsl0SpgECaVvU6F7kNG.1","action":"SyncServerConnectionManagerRequest", "result":"SYNC_SERVER_OK", "context":{"environment":"Prod_japanwest_prod-s01-066-apac-japanwest", "migrationStage":"NotStarted", "server":"akswtt11400001v"}}
{"logTime": "0617/130603", "correlationVector":"1l5Qsl0SpgECaVvU6F7kNG.2","action":"ProcessGetUpdates", "result":"Done", "context":{"dataType":"History", "deleted":"0", "process_failed_to_decrypt":"0", "process_pending_decryption":"0", "process_success":"250", "total":"250"}}
{"logTime": "0617/130603", "correlationVector":"1l5Qsl0SpgECaVvU6F7kNG.3","action":"GetUpdates Response", "result":"Success", "context":Received 250 update(s). cV=1l5Qsl0SpgECaVvU6F7kNG.0;server=akswtt11400001v;cloudType=Consumer;environment=Prod_japanwest_prod-s01-066-apac-japanwest;migrationStage=NotStarted Some updates remain.}
{"logTime": "0617/130603", "correlationVector":"Two6f+eQCVaM9s8uU3qp12","action":"Initial GetUpdates", "result":"", "context":Reason: NEWLY_SUPPORTED_DATATYPE. cV=Two6f+eQCVaM9s8uU3qp12}
{"logTime": "0617/130603", "correlationVector":"Two6f+eQCVaM9s8uU3qp12.1","action":"SyncServerConnectionManagerRequest", "result":"SYNC_SERVER_OK", "context":{"environment":"Prod_japanwest_prod-s01-066-apac-japanwest", "migrationStage":"NotStarted", "server":"akswtt11400001p"}}
{"logTime": "0617/130603", "correlationVector":"Two6f+eQCVaM9s8uU3qp12.2","action":"ProcessGetUpdates", "result":"Done", "context":{"dataType":"History", "deleted":"0", "process_failed_to_decrypt":"0", "process_pending_decryption":"0", "process_success":"250", "total":"250"}}
{"logTime": "0617/130603", "correlationVector":"Two6f+eQCVaM9s8uU3qp12.3","action":"GetUpdates Response", "result":"Success", "context":Received 250 update(s). cV=Two6f+eQCVaM9s8uU3qp12.0;server=akswtt11400001p;cloudType=Consumer;environment=Prod_japanwest_prod-s01-066-apac-japanwest;migrationStage=NotStarted Some updates remain.}
{"logTime": "0617/130603", "correlationVector":"9Pxll4BNc+/dWsoVngsKZb","action":"Initial GetUpdates", "result":"", "context":Reason: NEWLY_SUPPORTED_DATATYPE. cV=9Pxll4BNc+/dWsoVngsKZb}
{"logTime": "0617/130603", "correlationVector":"9Pxll4BNc+/dWsoVngsKZb.1","action":"SyncServerConnectionManagerRequest", "result":"SYNC_SERVER_OK", "context":{"environment":"Prod_japanwest_prod-s01-066-apac-japanwest", "migrationStage":"NotStarted", "server":"akswtt11400000j"}}
{"logTime": "0617/130603", "correlationVector":"9Pxll4BNc+/dWsoVngsKZb.2","action":"ProcessGetUpdates", "result":"Done", "context":{"dataType":"History", "deleted":"0", "process_failed_to_decrypt":"0", "process_pending_decryption":"0", "process_success":"89", "total":"89"}}
{"logTime": "0617/130603", "correlationVector":"9Pxll4BNc+/dWsoVngsKZb.3","action":"GetUpdates Response", "result":"Success", "context":Received 89 update(s). cV=9Pxll4BNc+/dWsoVngsKZb.0;server=akswtt11400000j;cloudType=Consumer;environment=Prod_japanwest_prod-s01-066-apac-japanwest;migrationStage=NotStarted}
{"logTime": "0617/130603", "correlationVector":"YbRdoZFGZ7thD8RSsuDrl4","action":"Normal GetUpdate request", "result":"", "context":cV=YbRdoZFGZ7thD8RSsuDrl4
Nudged types: Sessions, Device Info, User Consents, Edge Hub App Usage
Refresh requested types: Bookmarks, Preferences, Passwords, Autofill Profiles, Autofill, Extensions, Sessions, Extension settings, History Delete Directives, Device Info, User Consents, Send Tab To Self, Web Apps, History, Saved Tab Group, WebAuthn Credentials, Edge E Drop, Edge Hub App Usage, Edge Wallet, Edge Workspace, Encryption Keys}
{"logTime": "0617/130603", "correlationVector":"YbRdoZFGZ7thD8RSsuDrl4.1","action":"SyncServerConnectionManagerRequest", "result":"SYNC_SERVER_OK", "context":{"environment":"Prod_japanwest_prod-s01-066-apac-japanwest", "migrationStage":"NotStarted", "server":"akswtt11400001r"}}
{"logTime": "0617/130603", "correlationVector":"YbRdoZFGZ7thD8RSsuDrl4.2","action":"GetUpdates Response", "result":"Success", "context":Received 0 update(s). cV=YbRdoZFGZ7thD8RSsuDrl4.0;server=akswtt11400001r;cloudType=Consumer;environment=Prod_japanwest_prod-s01-066-apac-japanwest;migrationStage=NotStarted}
{"logTime": "0617/130603", "correlationVector":"fQJ/0eXervPxolDALBHtif","action":"DoCompareDataConsistency requsted types: ", "result":"Bookmarks, Preferences, Passwords, Extensions, Extension settings, History Delete Directives, Send Tab To Self, Web Apps, History, Saved Tab Group, WebAuthn Credentials, Edge E Drop, Edge Wallet, Edge Workspace, Encryption Keys"}
{"logTime": "0617/130603", "correlationVector":"fQJ/0eXervPxolDALBHtif.0","action":"CompareDataConsistency result: ", "result":"Compare result: Encryption Keys is consistent. local entities count is: 1 local entities hash is: Hgui5D6yYsjknASlDTIuGXxm+y0="}
{"logTime": "0617/130603", "correlationVector":"fQJ/0eXervPxolDALBHtif.1","action":"CompareDataConsistency result: ", "result":"Compare result: Bookmarks is consistent. local entities count is: 10 local entities hash is: y/pW84yJ2lm+77Anoy0c3GE7aQo="}
{"logTime": "0617/130603", "correlationVector":"fQJ/0eXervPxolDALBHtif.2","action":"CompareDataConsistency result: ", "result":"Compare result: Preferences is consistent. local entities count is: 67 local entities hash is: A7DAUad839tiKLRngI0hkJQsGNY="}
{"logTime": "0617/130603", "correlationVector":"fQJ/0eXervPxolDALBHtif.3","action":"CompareDataConsistency result: ", "result":"Compare result: Extensions is consistent. local entities count is: 0 local entities hash is: "}
{"logTime": "0617/130603", "correlationVector":"fQJ/0eXervPxolDALBHtif.4","action":"CompareDataConsistency result: ", "result":"Compare result: Extension settings is consistent. local entities count is: 0 local entities hash is: "}
{"logTime": "0617/130603", "correlationVector":"fQJ/0eXervPxolDALBHtif.5","action":"CompareDataConsistency result: ", "result":"Compare result: History Delete Directives is inconsistent. server entities count is: 87 server entities hash is: 9h2f7b0/2M6ezA17souFhskfAQQ= local entities count is: 0 local entities hash is: "}
{"logTime": "0617/130603", "correlationVector":"fQJ/0eXervPxolDALBHtif.6","action":"CompareDataConsistency result: ", "result":"Server did not send this Send Tab To Self local entities count is: 0 local entities hash is: "}
{"logTime": "0617/130603", "correlationVector":"fQJ/0eXervPxolDALBHtif.7","action":"CompareDataConsistency result: ", "result":"Compare result: Web Apps is consistent. local entities count is: 3 local entities hash is: JM7WC/s/VzwR5g1lU31Bqpx4dVI="}
{"logTime": "0617/130603", "correlationVector":"fQJ/0eXervPxolDALBHtif.8","action":"CompareDataConsistency result: ", "result":"Server did not send this History local entities count is: 0 local entities hash is: "}
{"logTime": "0617/130603", "correlationVector":"fQJ/0eXervPxolDALBHtif.9","action":"CompareDataConsistency result: ", "result":"Compare result: Saved Tab Group is consistent. local entities count is: 0 local entities hash is: "}
{"logTime": "0617/130603", "correlationVector":"fQJ/0eXervPxolDALBHtif.10","action":"CompareDataConsistency result: ", "result":"Server did not send this WebAuthn Credentials local entities count is: 0 local entities hash is: "}
{"logTime": "0617/130603", "correlationVector":"fQJ/0eXervPxolDALBHtif.11","action":"CompareDataConsistency result: ", "result":"Compare result: Edge E Drop is consistent. local entities count is: 0 local entities hash is: "}
{"logTime": "0617/130603", "correlationVector":"fQJ/0eXervPxolDALBHtif.12","action":"CompareDataConsistency result: ", "result":"Compare result: Edge Wallet is consistent. local entities count is: 0 local entities hash is: "}
{"logTime": "0617/130603", "correlationVector":"fQJ/0eXervPxolDALBHtif.13","action":"CompareDataConsistency result: ", "result":"Server did not send this Edge Workspace local entities count is: 0 local entities hash is: "}
{"logTime": "0617/130603", "correlationVector":"fQJ/0eXervPxolDALBHtif.14","action":"CompareDataConsistency result: ", "result":"Compare result: Passwords is consistent. local entities count is: 6 local entities hash is: bIF18NsvYqLPwClieO+z19DfFf8="}
{"logTime": "0617/130603", "correlationVector":"amHwONRkUuoq5Vkr+ncyad","action":"Commit Request", "result":"", "context":Item count: 5
Contributing types: Sessions, Device Info, User Consents, Edge Hub App Usage}
{"logTime": "0617/130603", "correlationVector":"amHwONRkUuoq5Vkr+ncyad.1","action":"SyncServerConnectionManagerRequest", "result":"SYNC_SERVER_OK", "context":{"environment":"Prod_japanwest_prod-s01-066-apac-japanwest", "migrationStage":"NotStarted", "server":"akswtt11400000j"}}
{"logTime": "0617/130603", "correlationVector":"amHwONRkUuoq5Vkr+ncyad.2","action":"Commit Response", "result":"Success", "context":Result: Success. cV=amHwONRkUuoq5Vkr+ncyad.0;server=akswtt11400000j;cloudType=Consumer;environment=Prod_japanwest_prod-s01-066-apac-japanwest;migrationStage=NotStarted}
{"logTime": "0617/130603", "correlationVector":"","action":"DIAGNOSTIC_REQUEST|v1/diagnosticData/Diagnostic.SendCheckResult()|SUCCESS", "result":""}
{"logTime": "0617/130716", "correlationVector":"lNpmHDtux1xfEK0MyVau2M","action":"Commit Request", "result":"", "context":Item count: 14
Contributing types: Sessions, History}
{"logTime": "0617/130717", "correlationVector":"lNpmHDtux1xfEK0MyVau2M.1","action":"SyncServerConnectionManagerRequest", "result":"SYNC_SERVER_OK", "context":{"environment":"Prod_japanwest_prod-s01-066-apac-japanwest", "migrationStage":"NotStarted", "server":"akswtt11400002o"}}
{"logTime": "0617/130717", "correlationVector":"lNpmHDtux1xfEK0MyVau2M.2","action":"Commit Response", "result":"Success", "context":Result: Success. cV=lNpmHDtux1xfEK0MyVau2M.0;server=akswtt11400002o;cloudType=Consumer;environment=Prod_japanwest_prod-s01-066-apac-japanwest;migrationStage=NotStarted}
