{"logTime": "0617/121755", "correlationVector":"ZruvNVGwCVH4950CKJrMY+.1","action":"SyncServerConnectionManagerRequest", "result":"SYNC_SERVER_OK", "context":{"environment":"Prod_japanwest_prod-s01-066-apac-japanwest", "migrationStage":"NotStarted", "server":"akswtt11400002a"}}
{"logTime": "0617/121755", "correlationVector":"ZruvNVGwCVH4950CKJrMY+.2","action":"ProcessGetUpdates", "result":"Done", "context":{"dataType":"Encryption Keys", "deleted":"0", "process_failed_to_decrypt":"0", "process_pending_decryption":"0", "process_success":"1", "total":"1"}}
{"logTime": "0617/121755", "correlationVector":"bmrd9a6rg2ih9qgNGomvrq","action":"SyncServerConnectionManagerRequest", "result":"SYNC_SERVER_OK", "context":{"environment":"", "migrationStage":"", "server":""}}
{"logTime": "0617/121755", "correlationVector":"bmrd9a6rg2ih9qgNGomvrq.0","action":"EncryptionKeysFetcher.DownloadKeys:", "result":"Success", "context":Key count: 3, Last key timestamp: 2026-04-27T01:33:12Z}
{"logTime": "0617/121755", "correlationVector":"bmrd9a6rg2ih9qgNGomvrq.1","action":"EncryptionKeysManager::SetEncryptionKeys:", "result":"Success", "context":Key names[3]:[XdeRUxKHJs1GziK3Hfwhsynma2cUZ7TL9H4pK1DjsiqXbsfE4qxKHC/YZAG5unPWashRkzKrvNQ8Bg9IXwPmYg==][qYr83TD83AFJqG/WXdjfNCK+ihqpUMbeDHt8gsCblupOrdpzc9dVRBIFJVaoJg0/pkzYSRFzVqiKowLDuvOjZg==][mQhywhAh8Wq3um1JfpWrjAwOUO5PDeUDGzpPG9hi/MJ9NLRvxe/HEK7nOlcb1bNjP1WhVU5BnAcK8pvNJebATA==]}
{"logTime": "0617/121755", "correlationVector":"bmrd9a6rg2ih9qgNGomvrq.2","action":"EncryptionKeysManager::SetEncryptionKeysWithTimestamps:", "result":"Success", "context":Key timestamps[3]:[2025-08-20T08:54:58Z][2025-10-17T05:22:42Z][2026-04-27T01:33:12Z]}
{"logTime": "0617/121755", "correlationVector":"ZruvNVGwCVH4950CKJrMY+","action":"Initial GetUpdates", "result":"", "context":Reason: NEW_CLIENT. cV=ZruvNVGwCVH4950CKJrMY+}
{"logTime": "0617/121755", "correlationVector":"ZruvNVGwCVH4950CKJrMY+.3","action":"GetUpdates Response", "result":"Success", "context":Received 1 update(s). cV=ZruvNVGwCVH4950CKJrMY+.0;server=akswtt11400002a;cloudType=Consumer;environment=Prod_japanwest_prod-s01-066-apac-japanwest;migrationStage=NotStarted}
{"logTime": "0617/121755", "correlationVector":"WoUXkhELUQL84D1BRqDIma","action":"Initial GetUpdates", "result":"", "context":Reason: NEWLY_SUPPORTED_DATATYPE. cV=WoUXkhELUQL84D1BRqDIma}
{"logTime": "0617/121756", "correlationVector":"WoUXkhELUQL84D1BRqDIma.1","action":"SyncServerConnectionManagerRequest", "result":"SYNC_SERVER_OK", "context":{"environment":"Prod_japanwest_prod-s01-066-apac-japanwest", "migrationStage":"NotStarted", "server":"akswtt114000008"}}
{"logTime": "0617/121756", "correlationVector":"WoUXkhELUQL84D1BRqDIma.2","action":"ProcessGetUpdates", "result":"Done", "context":{"dataType":"Preferences", "deleted":"1", "process_failed_to_decrypt":"0", "process_pending_decryption":"0", "process_success":"68", "total":"68"}}
{"logTime": "0617/121756", "correlationVector":"WoUXkhELUQL84D1BRqDIma.3","action":"ProcessGetUpdates", "result":"Done", "context":{"dataType":"Passwords", "deleted":"0", "process_failed_to_decrypt":"0", "process_pending_decryption":"0", "process_success":"6", "total":"6"}}
{"logTime": "0617/121756", "correlationVector":"WoUXkhELUQL84D1BRqDIma.4","action":"ProcessGetUpdates", "result":"Done", "context":{"dataType":"Device Info", "deleted":"0", "process_failed_to_decrypt":"0", "process_pending_decryption":"0", "process_success":"14", "total":"14"}}
{"logTime": "0617/121756", "correlationVector":"WoUXkhELUQL84D1BRqDIma.5","action":"GetUpdates Response", "result":"Success", "context":Received 88 update(s). cV=WoUXkhELUQL84D1BRqDIma.0;server=akswtt114000008;cloudType=Consumer;environment=Prod_japanwest_prod-s01-066-apac-japanwest;migrationStage=NotStarted}
{"logTime": "0617/121756", "correlationVector":"bMz3C8n2TtUQxcjgu4rD4x","action":"Initial GetUpdates", "result":"", "context":Reason: NEWLY_SUPPORTED_DATATYPE. cV=bMz3C8n2TtUQxcjgu4rD4x}
{"logTime": "0617/121756", "correlationVector":"bMz3C8n2TtUQxcjgu4rD4x.1","action":"SyncServerConnectionManagerRequest", "result":"SYNC_SERVER_OK", "context":{"environment":"Prod_japanwest_prod-s01-066-apac-japanwest", "migrationStage":"NotStarted", "server":"akswtt11400001q"}}
{"logTime": "0617/121756", "correlationVector":"bMz3C8n2TtUQxcjgu4rD4x.2","action":"ProcessGetUpdates", "result":"Done", "context":{"dataType":"Bookmarks", "deleted":"2", "process_failed_to_decrypt":"0", "process_pending_decryption":"0", "process_success":"18", "total":"18"}}
{"logTime": "0617/121756", "correlationVector":"bMz3C8n2TtUQxcjgu4rD4x.3","action":"GetUpdates Response", "result":"Success", "context":Received 18 update(s). cV=bMz3C8n2TtUQxcjgu4rD4x.0;server=akswtt11400001q;cloudType=Consumer;environment=Prod_japanwest_prod-s01-066-apac-japanwest;migrationStage=NotStarted}
{"logTime": "0617/121756", "correlationVector":"wen7Y6UOsyPD+cqXq7kj4T","action":"Initial GetUpdates", "result":"", "context":Reason: NEWLY_SUPPORTED_DATATYPE. cV=wen7Y6UOsyPD+cqXq7kj4T}
{"logTime": "0617/121757", "correlationVector":"wen7Y6UOsyPD+cqXq7kj4T.1","action":"SyncServerConnectionManagerRequest", "result":"SYNC_SERVER_OK", "context":{"environment":"Prod_japanwest_prod-s01-066-apac-japanwest", "migrationStage":"NotStarted", "server":"akswtt114000024"}}
{"logTime": "0617/121757", "correlationVector":"wen7Y6UOsyPD+cqXq7kj4T.2","action":"ProcessGetUpdates", "result":"Done", "context":{"dataType":"Autofill Profiles", "deleted":"0", "process_failed_to_decrypt":"0", "process_pending_decryption":"0", "process_success":"4", "total":"4"}}
{"logTime": "0617/121757", "correlationVector":"wen7Y6UOsyPD+cqXq7kj4T.3","action":"ProcessGetUpdates", "result":"Done", "context":{"dataType":"Autofill", "deleted":"0", "process_failed_to_decrypt":"0", "process_pending_decryption":"0", "process_success":"235", "total":"235"}}
{"logTime": "0617/121757", "correlationVector":"wen7Y6UOsyPD+cqXq7kj4T.4","action":"ProcessGetUpdates", "result":"Done", "context":{"dataType":"Sessions", "deleted":"11", "process_failed_to_decrypt":"0", "process_pending_decryption":"0", "process_success":"11", "total":"11"}}
{"logTime": "0617/121757", "correlationVector":"wen7Y6UOsyPD+cqXq7kj4T.5","action":"GetUpdates Response", "result":"Success", "context":Received 250 update(s). cV=wen7Y6UOsyPD+cqXq7kj4T.0;server=akswtt114000024;cloudType=Consumer;environment=Prod_japanwest_prod-s01-066-apac-japanwest;migrationStage=NotStarted Some updates remain.}
{"logTime": "0617/121757", "correlationVector":"pG5barmUXaGl5eOeG3yQDG","action":"Initial GetUpdates", "result":"", "context":Reason: NEWLY_SUPPORTED_DATATYPE. cV=pG5barmUXaGl5eOeG3yQDG}
{"logTime": "0617/121757", "correlationVector":"pG5barmUXaGl5eOeG3yQDG.1","action":"SyncServerConnectionManagerRequest", "result":"SYNC_SERVER_OK", "context":{"environment":"Prod_japanwest_prod-s01-066-apac-japanwest", "migrationStage":"NotStarted", "server":"akswtt11400001u"}}
{"logTime": "0617/121757", "correlationVector":"pG5barmUXaGl5eOeG3yQDG.2","action":"ProcessGetUpdates", "result":"Done", "context":{"dataType":"Autofill", "deleted":"0", "process_failed_to_decrypt":"0", "process_pending_decryption":"0", "process_success":"194", "total":"194"}}
{"logTime": "0617/121757", "correlationVector":"pG5barmUXaGl5eOeG3yQDG.3","action":"ProcessGetUpdates", "result":"Done", "context":{"dataType":"Sessions", "deleted":"50", "process_failed_to_decrypt":"0", "process_pending_decryption":"0", "process_success":"50", "total":"50"}}
{"logTime": "0617/121757", "correlationVector":"pG5barmUXaGl5eOeG3yQDG.4","action":"ProcessGetUpdates", "result":"Done", "context":{"dataType":"Web Apps", "deleted":"0", "process_failed_to_decrypt":"0", "process_pending_decryption":"0", "process_success":"3", "total":"3"}}
{"logTime": "0617/121757", "correlationVector":"pG5barmUXaGl5eOeG3yQDG.5","action":"ProcessGetUpdates", "result":"Done", "context":{"dataType":"Edge Hub App Usage", "deleted":"0", "process_failed_to_decrypt":"0", "process_pending_decryption":"0", "process_success":"3", "total":"3"}}
{"logTime": "0617/121757", "correlationVector":"pG5barmUXaGl5eOeG3yQDG.6","action":"GetUpdates Response", "result":"Success", "context":Received 250 update(s). cV=pG5barmUXaGl5eOeG3yQDG.0;server=akswtt11400001u;cloudType=Consumer;environment=Prod_japanwest_prod-s01-066-apac-japanwest;migrationStage=NotStarted Some updates remain.}
{"logTime": "0617/121757", "correlationVector":"tM+4yCQUeCpzwbNLLhjxSE","action":"Initial GetUpdates", "result":"", "context":Reason: NEWLY_SUPPORTED_DATATYPE. cV=tM+4yCQUeCpzwbNLLhjxSE}
{"logTime": "0617/121759", "correlationVector":"tM+4yCQUeCpzwbNLLhjxSE.1","action":"SyncServerConnectionManagerRequest", "result":"SYNC_SERVER_OK", "context":{"environment":"Prod_japanwest_prod-s01-066-apac-japanwest", "migrationStage":"NotStarted", "server":"akswtt11400002a"}}
{"logTime": "0617/121759", "correlationVector":"tM+4yCQUeCpzwbNLLhjxSE.2","action":"ProcessGetUpdates", "result":"Done", "context":{"dataType":"Autofill", "deleted":"0", "process_failed_to_decrypt":"0", "process_pending_decryption":"0", "process_success":"18", "total":"18"}}
{"logTime": "0617/121759", "correlationVector":"tM+4yCQUeCpzwbNLLhjxSE.3","action":"ProcessGetUpdates", "result":"Done", "context":{"dataType":"Sessions", "deleted":"231", "process_failed_to_decrypt":"0", "process_pending_decryption":"0", "process_success":"231", "total":"231"}}
{"logTime": "0617/121759", "correlationVector":"tM+4yCQUeCpzwbNLLhjxSE.4","action":"ProcessGetUpdates", "result":"Done", "context":{"dataType":"Edge Hub App Usage", "deleted":"0", "process_failed_to_decrypt":"0", "process_pending_decryption":"0", "process_success":"1", "total":"1"}}
{"logTime": "0617/121759", "correlationVector":"tM+4yCQUeCpzwbNLLhjxSE.5","action":"GetUpdates Response", "result":"Success", "context":Received 250 update(s). cV=tM+4yCQUeCpzwbNLLhjxSE.0;server=akswtt11400002a;cloudType=Consumer;environment=Prod_japanwest_prod-s01-066-apac-japanwest;migrationStage=NotStarted Some updates remain.}
{"logTime": "0617/121759", "correlationVector":"faCmyrWsDoePiiAw9BV2Os","action":"Initial GetUpdates", "result":"", "context":Reason: NEWLY_SUPPORTED_DATATYPE. cV=faCmyrWsDoePiiAw9BV2Os}
{"logTime": "0617/121759", "correlationVector":"faCmyrWsDoePiiAw9BV2Os.1","action":"SyncServerConnectionManagerRequest", "result":"SYNC_SERVER_OK", "context":{"environment":"Prod_japanwest_prod-s01-066-apac-japanwest", "migrationStage":"NotStarted", "server":"akswtt11400002a"}}
{"logTime": "0617/121759", "correlationVector":"faCmyrWsDoePiiAw9BV2Os.2","action":"ProcessGetUpdates", "result":"Done", "context":{"dataType":"Autofill Profiles", "deleted":"1", "process_failed_to_decrypt":"0", "process_pending_decryption":"0", "process_success":"1", "total":"1"}}
{"logTime": "0617/121759", "correlationVector":"faCmyrWsDoePiiAw9BV2Os.3","action":"ProcessGetUpdates", "result":"Done", "context":{"dataType":"Autofill", "deleted":"0", "process_failed_to_decrypt":"0", "process_pending_decryption":"0", "process_success":"23", "total":"23"}}
{"logTime": "0617/121759", "correlationVector":"faCmyrWsDoePiiAw9BV2Os.4","action":"ProcessGetUpdates", "result":"Done", "context":{"dataType":"Sessions", "deleted":"226", "process_failed_to_decrypt":"0", "process_pending_decryption":"0", "process_success":"226", "total":"226"}}
{"logTime": "0617/121759", "correlationVector":"faCmyrWsDoePiiAw9BV2Os.5","action":"GetUpdates Response", "result":"Success", "context":Received 250 update(s). cV=faCmyrWsDoePiiAw9BV2Os.0;server=akswtt11400002a;cloudType=Consumer;environment=Prod_japanwest_prod-s01-066-apac-japanwest;migrationStage=NotStarted Some updates remain.}
{"logTime": "0617/121759", "correlationVector":"uEcTpedB36LTMSEAOw3DFZ","action":"Initial GetUpdates", "result":"", "context":Reason: NEWLY_SUPPORTED_DATATYPE. cV=uEcTpedB36LTMSEAOw3DFZ}
{"logTime": "0617/121759", "correlationVector":"uEcTpedB36LTMSEAOw3DFZ.1","action":"SyncServerConnectionManagerRequest", "result":"SYNC_SERVER_OK", "context":{"environment":"Prod_japanwest_prod-s01-066-apac-japanwest", "migrationStage":"NotStarted", "server":"akswtt11400002d"}}
{"logTime": "0617/121759", "correlationVector":"uEcTpedB36LTMSEAOw3DFZ.2","action":"ProcessGetUpdates", "result":"Done", "context":{"dataType":"Autofill Profiles", "deleted":"1", "process_failed_to_decrypt":"0", "process_pending_decryption":"0", "process_success":"2", "total":"2"}}
{"logTime": "0617/121759", "correlationVector":"uEcTpedB36LTMSEAOw3DFZ.3","action":"ProcessGetUpdates", "result":"Done", "context":{"dataType":"Autofill", "deleted":"0", "process_failed_to_decrypt":"0", "process_pending_decryption":"0", "process_success":"27", "total":"27"}}
{"logTime": "0617/121759", "correlationVector":"uEcTpedB36LTMSEAOw3DFZ.4","action":"ProcessGetUpdates", "result":"Done", "context":{"dataType":"Sessions", "deleted":"58", "process_failed_to_decrypt":"0", "process_pending_decryption":"0", "process_success":"86", "total":"86"}}
{"logTime": "0617/121759", "correlationVector":"uEcTpedB36LTMSEAOw3DFZ.5","action":"ProcessGetUpdates", "result":"Done", "context":{"dataType":"History Delete Directives", "deleted":"0", "process_failed_to_decrypt":"0", "process_pending_decryption":"0", "process_success":"87", "total":"87"}}
{"logTime": "0617/121759", "correlationVector":"uEcTpedB36LTMSEAOw3DFZ.6","action":"ProcessGetUpdates", "result":"Done", "context":{"dataType":"Edge Hub App Usage", "deleted":"0", "process_failed_to_decrypt":"0", "process_pending_decryption":"0", "process_success":"3", "total":"3"}}
{"logTime": "0617/121759", "correlationVector":"uEcTpedB36LTMSEAOw3DFZ.7","action":"GetUpdates Response", "result":"Success", "context":Received 205 update(s). cV=uEcTpedB36LTMSEAOw3DFZ.0;server=akswtt11400002d;cloudType=Consumer;environment=Prod_japanwest_prod-s01-066-apac-japanwest;migrationStage=NotStarted}
{"logTime": "0617/121759", "correlationVector":"Bdq6VHEUA5jf4Fjo8gaYYv","action":"Initial GetUpdates", "result":"", "context":Reason: NEWLY_SUPPORTED_DATATYPE. cV=Bdq6VHEUA5jf4Fjo8gaYYv}
{"logTime": "0617/121800", "correlationVector":"Bdq6VHEUA5jf4Fjo8gaYYv.1","action":"SyncServerConnectionManagerRequest", "result":"SYNC_SERVER_OK", "context":{"environment":"Prod_japanwest_prod-s01-066-apac-japanwest", "migrationStage":"NotStarted", "server":"akswtt11400001w"}}
{"logTime": "0617/121800", "correlationVector":"Bdq6VHEUA5jf4Fjo8gaYYv.2","action":"ProcessGetUpdates", "result":"Done", "context":{"dataType":"History", "deleted":"0", "process_failed_to_decrypt":"0", "process_pending_decryption":"0", "process_success":"250", "total":"250"}}
{"logTime": "0617/121800", "correlationVector":"Bdq6VHEUA5jf4Fjo8gaYYv.3","action":"GetUpdates Response", "result":"Success", "context":Received 250 update(s). cV=Bdq6VHEUA5jf4Fjo8gaYYv.0;server=akswtt11400001w;cloudType=Consumer;environment=Prod_japanwest_prod-s01-066-apac-japanwest;migrationStage=NotStarted Some updates remain.}
{"logTime": "0617/121800", "correlationVector":"7CmVBLBXP5GzmvD5NtiK0u","action":"Initial GetUpdates", "result":"", "context":Reason: NEWLY_SUPPORTED_DATATYPE. cV=7CmVBLBXP5GzmvD5NtiK0u}
{"logTime": "0617/121800", "correlationVector":"7CmVBLBXP5GzmvD5NtiK0u.1","action":"SyncServerConnectionManagerRequest", "result":"SYNC_SERVER_OK", "context":{"environment":"Prod_japanwest_prod-s01-066-apac-japanwest", "migrationStage":"NotStarted", "server":"akswtt11400001y"}}
{"logTime": "0617/121800", "correlationVector":"7CmVBLBXP5GzmvD5NtiK0u.2","action":"ProcessGetUpdates", "result":"Done", "context":{"dataType":"History", "deleted":"0", "process_failed_to_decrypt":"0", "process_pending_decryption":"0", "process_success":"250", "total":"250"}}
{"logTime": "0617/121800", "correlationVector":"7CmVBLBXP5GzmvD5NtiK0u.3","action":"GetUpdates Response", "result":"Success", "context":Received 250 update(s). cV=7CmVBLBXP5GzmvD5NtiK0u.0;server=akswtt11400001y;cloudType=Consumer;environment=Prod_japanwest_prod-s01-066-apac-japanwest;migrationStage=NotStarted Some updates remain.}
{"logTime": "0617/121800", "correlationVector":"SEJmRdcEwMRHcQj0HuHZG6","action":"Initial GetUpdates", "result":"", "context":Reason: NEWLY_SUPPORTED_DATATYPE. cV=SEJmRdcEwMRHcQj0HuHZG6}
{"logTime": "0617/121801", "correlationVector":"SEJmRdcEwMRHcQj0HuHZG6.1","action":"SyncServerConnectionManagerRequest", "result":"SYNC_SERVER_OK", "context":{"environment":"Prod_japanwest_prod-s01-066-apac-japanwest", "migrationStage":"NotStarted", "server":"akswtt11400001p"}}
{"logTime": "0617/121801", "correlationVector":"SEJmRdcEwMRHcQj0HuHZG6.2","action":"ProcessGetUpdates", "result":"Done", "context":{"dataType":"History", "deleted":"0", "process_failed_to_decrypt":"0", "process_pending_decryption":"0", "process_success":"250", "total":"250"}}
{"logTime": "0617/121801", "correlationVector":"SEJmRdcEwMRHcQj0HuHZG6.3","action":"GetUpdates Response", "result":"Success", "context":Received 250 update(s). cV=SEJmRdcEwMRHcQj0HuHZG6.0;server=akswtt11400001p;cloudType=Consumer;environment=Prod_japanwest_prod-s01-066-apac-japanwest;migrationStage=NotStarted Some updates remain.}
{"logTime": "0617/121801", "correlationVector":"0haPY/t+s5qbPOrjLCZ9ch","action":"Initial GetUpdates", "result":"", "context":Reason: NEWLY_SUPPORTED_DATATYPE. cV=0haPY/t+s5qbPOrjLCZ9ch}
{"logTime": "0617/121801", "correlationVector":"0haPY/t+s5qbPOrjLCZ9ch.1","action":"SyncServerConnectionManagerRequest", "result":"SYNC_SERVER_OK", "context":{"environment":"Prod_japanwest_prod-s01-066-apac-japanwest", "migrationStage":"NotStarted", "server":"akswtt11400001f"}}
{"logTime": "0617/121801", "correlationVector":"0haPY/t+s5qbPOrjLCZ9ch.2","action":"ProcessGetUpdates", "result":"Done", "context":{"dataType":"History", "deleted":"0", "process_failed_to_decrypt":"0", "process_pending_decryption":"0", "process_success":"250", "total":"250"}}
{"logTime": "0617/121801", "correlationVector":"0haPY/t+s5qbPOrjLCZ9ch.3","action":"GetUpdates Response", "result":"Success", "context":Received 250 update(s). cV=0haPY/t+s5qbPOrjLCZ9ch.0;server=akswtt11400001f;cloudType=Consumer;environment=Prod_japanwest_prod-s01-066-apac-japanwest;migrationStage=NotStarted Some updates remain.}
{"logTime": "0617/121801", "correlationVector":"DfPuFCWl0SESoCL7ZzWGp7","action":"Initial GetUpdates", "result":"", "context":Reason: NEWLY_SUPPORTED_DATATYPE. cV=DfPuFCWl0SESoCL7ZzWGp7}
{"logTime": "0617/121801", "correlationVector":"DfPuFCWl0SESoCL7ZzWGp7.1","action":"SyncServerConnectionManagerRequest", "result":"SYNC_SERVER_OK", "context":{"environment":"Prod_japanwest_prod-s01-066-apac-japanwest", "migrationStage":"NotStarted", "server":"akswtt11400001e"}}
{"logTime": "0617/121801", "correlationVector":"DfPuFCWl0SESoCL7ZzWGp7.2","action":"ProcessGetUpdates", "result":"Done", "context":{"dataType":"History", "deleted":"0", "process_failed_to_decrypt":"0", "process_pending_decryption":"0", "process_success":"250", "total":"250"}}
{"logTime": "0617/121801", "correlationVector":"DfPuFCWl0SESoCL7ZzWGp7.3","action":"GetUpdates Response", "result":"Success", "context":Received 250 update(s). cV=DfPuFCWl0SESoCL7ZzWGp7.0;server=akswtt11400001e;cloudType=Consumer;environment=Prod_japanwest_prod-s01-066-apac-japanwest;migrationStage=NotStarted Some updates remain.}
{"logTime": "0617/121801", "correlationVector":"ilSUnrDxJqSAFCBW5ZUW6r","action":"Initial GetUpdates", "result":"", "context":Reason: NEWLY_SUPPORTED_DATATYPE. cV=ilSUnrDxJqSAFCBW5ZUW6r}
{"logTime": "0617/121802", "correlationVector":"ilSUnrDxJqSAFCBW5ZUW6r.1","action":"SyncServerConnectionManagerRequest", "result":"SYNC_SERVER_OK", "context":{"environment":"Prod_japanwest_prod-s01-066-apac-japanwest", "migrationStage":"NotStarted", "server":"akswtt11400002d"}}
{"logTime": "0617/121802", "correlationVector":"ilSUnrDxJqSAFCBW5ZUW6r.2","action":"ProcessGetUpdates", "result":"Done", "context":{"dataType":"History", "deleted":"0", "process_failed_to_decrypt":"0", "process_pending_decryption":"0", "process_success":"250", "total":"250"}}
{"logTime": "0617/121802", "correlationVector":"ilSUnrDxJqSAFCBW5ZUW6r.3","action":"GetUpdates Response", "result":"Success", "context":Received 250 update(s). cV=ilSUnrDxJqSAFCBW5ZUW6r.0;server=akswtt11400002d;cloudType=Consumer;environment=Prod_japanwest_prod-s01-066-apac-japanwest;migrationStage=NotStarted Some updates remain.}
{"logTime": "0617/121802", "correlationVector":"y3KS1Pb2iefhk+nXpjD4xS","action":"Initial GetUpdates", "result":"", "context":Reason: NEWLY_SUPPORTED_DATATYPE. cV=y3KS1Pb2iefhk+nXpjD4xS}
{"logTime": "0617/121802", "correlationVector":"y3KS1Pb2iefhk+nXpjD4xS.1","action":"SyncServerConnectionManagerRequest", "result":"SYNC_SERVER_OK", "context":{"environment":"Prod_japanwest_prod-s01-066-apac-japanwest", "migrationStage":"NotStarted", "server":"akswtt11400002d"}}
{"logTime": "0617/121802", "correlationVector":"y3KS1Pb2iefhk+nXpjD4xS.2","action":"ProcessGetUpdates", "result":"Done", "context":{"dataType":"History", "deleted":"0", "process_failed_to_decrypt":"0", "process_pending_decryption":"0", "process_success":"250", "total":"250"}}
{"logTime": "0617/121802", "correlationVector":"y3KS1Pb2iefhk+nXpjD4xS.3","action":"GetUpdates Response", "result":"Success", "context":Received 250 update(s). cV=y3KS1Pb2iefhk+nXpjD4xS.0;server=akswtt11400002d;cloudType=Consumer;environment=Prod_japanwest_prod-s01-066-apac-japanwest;migrationStage=NotStarted Some updates remain.}
{"logTime": "0617/121802", "correlationVector":"+rtPj9jz2bq/g+5Tch3DsL","action":"Initial GetUpdates", "result":"", "context":Reason: NEWLY_SUPPORTED_DATATYPE. cV=+rtPj9jz2bq/g+5Tch3DsL}
{"logTime": "0617/121803", "correlationVector":"+rtPj9jz2bq/g+5Tch3DsL.1","action":"SyncServerConnectionManagerRequest", "result":"SYNC_SERVER_OK", "context":{"environment":"Prod_japanwest_prod-s01-066-apac-japanwest", "migrationStage":"NotStarted", "server":"akswtt11400001v"}}
{"logTime": "0617/121803", "correlationVector":"+rtPj9jz2bq/g+5Tch3DsL.2","action":"ProcessGetUpdates", "result":"Done", "context":{"dataType":"History", "deleted":"82", "process_failed_to_decrypt":"0", "process_pending_decryption":"0", "process_success":"250", "total":"250"}}
{"logTime": "0617/121803", "correlationVector":"+rtPj9jz2bq/g+5Tch3DsL.3","action":"GetUpdates Response", "result":"Success", "context":Received 250 update(s). cV=+rtPj9jz2bq/g+5Tch3DsL.0;server=akswtt11400001v;cloudType=Consumer;environment=Prod_japanwest_prod-s01-066-apac-japanwest;migrationStage=NotStarted Some updates remain.}
{"logTime": "0617/121803", "correlationVector":"OGzNjY7y91fOxa72a4DGcq","action":"Initial GetUpdates", "result":"", "context":Reason: NEWLY_SUPPORTED_DATATYPE. cV=OGzNjY7y91fOxa72a4DGcq}
{"logTime": "0617/121803", "correlationVector":"OGzNjY7y91fOxa72a4DGcq.1","action":"SyncServerConnectionManagerRequest", "result":"SYNC_SERVER_OK", "context":{"environment":"Prod_japanwest_prod-s01-066-apac-japanwest", "migrationStage":"NotStarted", "server":"akswtt11400002d"}}
{"logTime": "0617/121803", "correlationVector":"OGzNjY7y91fOxa72a4DGcq.2","action":"ProcessGetUpdates", "result":"Done", "context":{"dataType":"History", "deleted":"0", "process_failed_to_decrypt":"0", "process_pending_decryption":"0", "process_success":"250", "total":"250"}}
{"logTime": "0617/121803", "correlationVector":"OGzNjY7y91fOxa72a4DGcq.3","action":"GetUpdates Response", "result":"Success", "context":Received 250 update(s). cV=OGzNjY7y91fOxa72a4DGcq.0;server=akswtt11400002d;cloudType=Consumer;environment=Prod_japanwest_prod-s01-066-apac-japanwest;migrationStage=NotStarted Some updates remain.}
{"logTime": "0617/121803", "correlationVector":"ID+BQIt4XJlHesWhNIao+C","action":"Initial GetUpdates", "result":"", "context":Reason: NEWLY_SUPPORTED_DATATYPE. cV=ID+BQIt4XJlHesWhNIao+C}
{"logTime": "0617/121803", "correlationVector":"ID+BQIt4XJlHesWhNIao+C.1","action":"SyncServerConnectionManagerRequest", "result":"SYNC_SERVER_OK", "context":{"environment":"Prod_japanwest_prod-s01-066-apac-japanwest", "migrationStage":"NotStarted", "server":"akswtt11400001e"}}
{"logTime": "0617/121803", "correlationVector":"ID+BQIt4XJlHesWhNIao+C.2","action":"ProcessGetUpdates", "result":"Done", "context":{"dataType":"History", "deleted":"0", "process_failed_to_decrypt":"0", "process_pending_decryption":"0", "process_success":"250", "total":"250"}}
{"logTime": "0617/121803", "correlationVector":"ID+BQIt4XJlHesWhNIao+C.3","action":"GetUpdates Response", "result":"Success", "context":Received 250 update(s). cV=ID+BQIt4XJlHesWhNIao+C.0;server=akswtt11400001e;cloudType=Consumer;environment=Prod_japanwest_prod-s01-066-apac-japanwest;migrationStage=NotStarted Some updates remain.}
{"logTime": "0617/121803", "correlationVector":"k2ybNW/XTpHLxhR7aj4jgj","action":"Initial GetUpdates", "result":"", "context":Reason: NEWLY_SUPPORTED_DATATYPE. cV=k2ybNW/XTpHLxhR7aj4jgj}
{"logTime": "0617/121803", "correlationVector":"k2ybNW/XTpHLxhR7aj4jgj.1","action":"SyncServerConnectionManagerRequest", "result":"SYNC_SERVER_OK", "context":{"environment":"Prod_japanwest_prod-s01-066-apac-japanwest", "migrationStage":"NotStarted", "server":"akswtt11400002a"}}
{"logTime": "0617/121803", "correlationVector":"k2ybNW/XTpHLxhR7aj4jgj.2","action":"ProcessGetUpdates", "result":"Done", "context":{"dataType":"History", "deleted":"0", "process_failed_to_decrypt":"0", "process_pending_decryption":"0", "process_success":"77", "total":"77"}}
{"logTime": "0617/121803", "correlationVector":"k2ybNW/XTpHLxhR7aj4jgj.3","action":"GetUpdates Response", "result":"Success", "context":Received 77 update(s). cV=k2ybNW/XTpHLxhR7aj4jgj.0;server=akswtt11400002a;cloudType=Consumer;environment=Prod_japanwest_prod-s01-066-apac-japanwest;migrationStage=NotStarted}
{"logTime": "0617/121803", "correlationVector":"xTVt6tZVjzcSD6Dg3STwX+","action":"Normal GetUpdate request", "result":"", "context":cV=xTVt6tZVjzcSD6Dg3STwX+
Nudged types: Sessions, Device Info, User Consents
Refresh requested types: Bookmarks, Preferences, Passwords, Autofill Profiles, Autofill, Extensions, Sessions, Extension settings, History Delete Directives, Device Info, User Consents, Send Tab To Self, Web Apps, History, Saved Tab Group, WebAuthn Credentials, Edge E Drop, Edge Hub App Usage, Edge Wallet, Edge Workspace, Encryption Keys}
{"logTime": "0617/121804", "correlationVector":"xTVt6tZVjzcSD6Dg3STwX+.1","action":"SyncServerConnectionManagerRequest", "result":"SYNC_SERVER_OK", "context":{"environment":"Prod_japanwest_prod-s01-066-apac-japanwest", "migrationStage":"NotStarted", "server":"akswtt11400002d"}}
{"logTime": "0617/121804", "correlationVector":"xTVt6tZVjzcSD6Dg3STwX+.2","action":"GetUpdates Response", "result":"Success", "context":Received 0 update(s). cV=xTVt6tZVjzcSD6Dg3STwX+.0;server=akswtt11400002d;cloudType=Consumer;environment=Prod_japanwest_prod-s01-066-apac-japanwest;migrationStage=NotStarted}
{"logTime": "0617/121804", "correlationVector":"ybgCI1i2vTU4zaItYsY8rf","action":"DoCompareDataConsistency requsted types: ", "result":"Bookmarks, Preferences, Passwords, Extensions, Extension settings, History Delete Directives, Send Tab To Self, Web Apps, History, Saved Tab Group, WebAuthn Credentials, Edge E Drop, Edge Wallet, Edge Workspace, Encryption Keys"}
{"logTime": "0617/121804", "correlationVector":"ybgCI1i2vTU4zaItYsY8rf.0","action":"CompareDataConsistency result: ", "result":"Compare result: Encryption Keys is consistent. local entities count is: 1 local entities hash is: Hgui5D6yYsjknASlDTIuGXxm+y0="}
{"logTime": "0617/121804", "correlationVector":"ybgCI1i2vTU4zaItYsY8rf.1","action":"CompareDataConsistency result: ", "result":"Compare result: Bookmarks is consistent. local entities count is: 10 local entities hash is: y/pW84yJ2lm+77Anoy0c3GE7aQo="}
{"logTime": "0617/121804", "correlationVector":"ybgCI1i2vTU4zaItYsY8rf.2","action":"CompareDataConsistency result: ", "result":"Compare result: Preferences is consistent. local entities count is: 67 local entities hash is: A7DAUad839tiKLRngI0hkJQsGNY="}
{"logTime": "0617/121804", "correlationVector":"ybgCI1i2vTU4zaItYsY8rf.3","action":"CompareDataConsistency result: ", "result":"Compare result: Extensions is consistent. local entities count is: 0 local entities hash is: "}
{"logTime": "0617/121804", "correlationVector":"ybgCI1i2vTU4zaItYsY8rf.4","action":"CompareDataConsistency result: ", "result":"Compare result: Extension settings is consistent. local entities count is: 0 local entities hash is: "}
{"logTime": "0617/121804", "correlationVector":"ybgCI1i2vTU4zaItYsY8rf.5","action":"CompareDataConsistency result: ", "result":"Compare result: History Delete Directives is inconsistent. server entities count is: 87 server entities hash is: 9h2f7b0/2M6ezA17souFhskfAQQ= local entities count is: 0 local entities hash is: "}
{"logTime": "0617/121804", "correlationVector":"ybgCI1i2vTU4zaItYsY8rf.6","action":"CompareDataConsistency result: ", "result":"Server did not send this Send Tab To Self local entities count is: 0 local entities hash is: "}
{"logTime": "0617/121804", "correlationVector":"ybgCI1i2vTU4zaItYsY8rf.7","action":"CompareDataConsistency result: ", "result":"Compare result: Web Apps is consistent. local entities count is: 3 local entities hash is: JM7WC/s/VzwR5g1lU31Bqpx4dVI="}
{"logTime": "0617/121804", "correlationVector":"ybgCI1i2vTU4zaItYsY8rf.8","action":"CompareDataConsistency result: ", "result":"Server did not send this History local entities count is: 0 local entities hash is: "}
{"logTime": "0617/121804", "correlationVector":"ybgCI1i2vTU4zaItYsY8rf.9","action":"CompareDataConsistency result: ", "result":"Compare result: Saved Tab Group is consistent. local entities count is: 0 local entities hash is: "}
{"logTime": "0617/121804", "correlationVector":"ybgCI1i2vTU4zaItYsY8rf.10","action":"CompareDataConsistency result: ", "result":"Server did not send this WebAuthn Credentials local entities count is: 0 local entities hash is: "}
{"logTime": "0617/121804", "correlationVector":"ybgCI1i2vTU4zaItYsY8rf.11","action":"CompareDataConsistency result: ", "result":"Compare result: Edge E Drop is consistent. local entities count is: 0 local entities hash is: "}
{"logTime": "0617/121804", "correlationVector":"ybgCI1i2vTU4zaItYsY8rf.12","action":"CompareDataConsistency result: ", "result":"Compare result: Edge Wallet is consistent. local entities count is: 0 local entities hash is: "}
{"logTime": "0617/121804", "correlationVector":"ybgCI1i2vTU4zaItYsY8rf.13","action":"CompareDataConsistency result: ", "result":"Server did not send this Edge Workspace local entities count is: 0 local entities hash is: "}
{"logTime": "0617/121804", "correlationVector":"ybgCI1i2vTU4zaItYsY8rf.14","action":"CompareDataConsistency result: ", "result":"Compare result: Passwords is consistent. local entities count is: 6 local entities hash is: bIF18NsvYqLPwClieO+z19DfFf8="}
{"logTime": "0617/121804", "correlationVector":"RMKGCsQsVqLzU1iFMDb/84","action":"Commit Request", "result":"", "context":Item count: 4
Contributing types: Sessions, Device Info, User Consents}
{"logTime": "0617/121804", "correlationVector":"RMKGCsQsVqLzU1iFMDb/84.1","action":"SyncServerConnectionManagerRequest", "result":"SYNC_SERVER_OK", "context":{"environment":"Prod_japanwest_prod-s01-066-apac-japanwest", "migrationStage":"NotStarted", "server":"akswtt11400001e"}}
{"logTime": "0617/121804", "correlationVector":"RMKGCsQsVqLzU1iFMDb/84.2","action":"Commit Response", "result":"Success", "context":Result: Success. cV=RMKGCsQsVqLzU1iFMDb/84.0;server=akswtt11400001e;cloudType=Consumer;environment=Prod_japanwest_prod-s01-066-apac-japanwest;migrationStage=NotStarted}
{"logTime": "0617/121804", "correlationVector":"","action":"DIAGNOSTIC_REQUEST|v1/diagnosticData/Diagnostic.SendCheckResult()|SUCCESS", "result":""}
{"logTime": "0617/121957", "correlationVector":"pNl7xrTdL52vgcIFMOBZtN","action":"Commit Request", "result":"", "context":Item count: 16
Contributing types: Sessions, History}
{"logTime": "0617/121958", "correlationVector":"pNl7xrTdL52vgcIFMOBZtN.1","action":"SyncServerConnectionManagerRequest", "result":"SYNC_SERVER_OK", "context":{"environment":"Prod_japanwest_prod-s01-066-apac-japanwest", "migrationStage":"NotStarted", "server":"akswtt11400000e"}}
{"logTime": "0617/121958", "correlationVector":"pNl7xrTdL52vgcIFMOBZtN.2","action":"Commit Response", "result":"Success", "context":Result: Success. cV=pNl7xrTdL52vgcIFMOBZtN.0;server=akswtt11400000e;cloudType=Consumer;environment=Prod_japanwest_prod-s01-066-apac-japanwest;migrationStage=NotStarted}
{"logTime": "0617/130401", "correlationVector":"Foie5t75vxL/lIopPJmrhU","action":"Normal GetUpdate request", "result":"", "context":cV=Foie5t75vxL/lIopPJmrhU
Nudged types: Sessions, History
Refresh requested types: Bookmarks, Preferences, Passwords, Autofill Profiles, Autofill, Extensions, Sessions, Extension settings, History Delete Directives, Device Info, User Consents, Send Tab To Self, Web Apps, History, Saved Tab Group, WebAuthn Credentials, Edge E Drop, Edge Hub App Usage, Edge Wallet, Edge Workspace, Encryption Keys}
{"logTime": "0617/130402", "correlationVector":"Foie5t75vxL/lIopPJmrhU.1","action":"SyncServerConnectionManagerRequest", "result":"SYNC_SERVER_OK", "context":{"environment":"Prod_japanwest_prod-s01-066-apac-japanwest", "migrationStage":"NotStarted", "server":"akswtt11400002m"}}
{"logTime": "0617/130402", "correlationVector":"Foie5t75vxL/lIopPJmrhU.2","action":"ProcessGetUpdates", "result":"Done", "context":{"dataType":"Sessions", "deleted":"0", "process_failed_to_decrypt":"0", "process_pending_decryption":"0", "process_success":"14", "total":"14"}}
{"logTime": "0617/130402", "correlationVector":"Foie5t75vxL/lIopPJmrhU.3","action":"ProcessGetUpdates", "result":"Done", "context":{"dataType":"Device Info", "deleted":"0", "process_failed_to_decrypt":"0", "process_pending_decryption":"0", "process_success":"3", "total":"3"}}
{"logTime": "0617/130402", "correlationVector":"Foie5t75vxL/lIopPJmrhU.4","action":"ProcessGetUpdates", "result":"Done", "context":{"dataType":"History", "deleted":"0", "process_failed_to_decrypt":"0", "process_pending_decryption":"0", "process_success":"9", "total":"9"}}
{"logTime": "0617/130402", "correlationVector":"Foie5t75vxL/lIopPJmrhU.5","action":"GetUpdates Response", "result":"Success", "context":Received 26 update(s). cV=Foie5t75vxL/lIopPJmrhU.0;server=akswtt11400002m;cloudType=Consumer;environment=Prod_japanwest_prod-s01-066-apac-japanwest;migrationStage=NotStarted}
{"logTime": "0617/130402", "correlationVector":"J0GJCePsRDNVXrGZF+DavT","action":"Commit Request", "result":"", "context":Item count: 12
Contributing types: Sessions, History}
{"logTime": "0617/130402", "correlationVector":"J0GJCePsRDNVXrGZF+DavT.1","action":"SyncServerConnectionManagerRequest", "result":"SYNC_SERVER_OK", "context":{"environment":"Prod_japanwest_prod-s01-066-apac-japanwest", "migrationStage":"NotStarted", "server":"akswtt114000018"}}
{"logTime": "0617/130402", "correlationVector":"J0GJCePsRDNVXrGZF+DavT.2","action":"Commit Response", "result":"Success", "context":Result: Success. cV=J0GJCePsRDNVXrGZF+DavT.0;server=akswtt114000018;cloudType=Consumer;environment=Prod_japanwest_prod-s01-066-apac-japanwest;migrationStage=NotStarted}
